Archive member included to satisfy reference by file (symbol)

/home/bea/st/x-cube-cryptolib-v4-5-0/STM32CubeExpansion_Crypto_V4.5.0/Middlewares/ST/STM32_Cryptographic/lib/libSTM32Cryptographic_CM33.a(cmox_ecc_curve_p384.c.o)
                              ./Core/Src/main.o (CMOX_ECC_SECP384R1_LOWMEM)
/home/bea/st/x-cube-cryptolib-v4-5-0/STM32CubeExpansion_Crypto_V4.5.0/Middlewares/ST/STM32_Cryptographic/lib/libSTM32Cryptographic_CM33.a(cmox_ecc_point_funcs.c.o)
                              /home/bea/st/x-cube-cryptolib-v4-5-0/STM32CubeExpansion_Crypto_V4.5.0/Middlewares/ST/STM32_Cryptographic/lib/libSTM32Cryptographic_CM33.a(cmox_ecc_curve_p384.c.o) (Point_Funcs_SW_a3)
/home/bea/st/x-cube-cryptolib-v4-5-0/STM32CubeExpansion_Crypto_V4.5.0/Middlewares/ST/STM32_Cryptographic/lib/libSTM32Cryptographic_CM33.a(cmox_ecdsa.c.o)
                              ./Core/Src/main.o (cmox_ecdsa_verify)
/home/bea/st/x-cube-cryptolib-v4-5-0/STM32CubeExpansion_Crypto_V4.5.0/Middlewares/ST/STM32_Cryptographic/lib/libSTM32Cryptographic_CM33.a(cmox_init.c.o)
                              ./Core/Src/main.o (cmox_finalize)
/home/bea/st/x-cube-cryptolib-v4-5-0/STM32CubeExpansion_Crypto_V4.5.0/Middlewares/ST/STM32_Cryptographic/lib/libSTM32Cryptographic_CM33.a(cmox_math.c.o)
                              /home/bea/st/x-cube-cryptolib-v4-5-0/STM32CubeExpansion_Crypto_V4.5.0/Middlewares/ST/STM32_Cryptographic/lib/libSTM32Cryptographic_CM33.a(cmox_ecdsa.c.o) (cmox_AddBN_Int)
/home/bea/st/x-cube-cryptolib-v4-5-0/STM32CubeExpansion_Crypto_V4.5.0/Middlewares/ST/STM32_Cryptographic/lib/libSTM32Cryptographic_CM33.a(cmox_mathutils.c.o)
                              /home/bea/st/x-cube-cryptolib-v4-5-0/STM32CubeExpansion_Crypto_V4.5.0/Middlewares/ST/STM32_Cryptographic/lib/libSTM32Cryptographic_CM33.a(cmox_ecdsa.c.o) (cmox_mathUtils_bitLength)
/home/bea/st/x-cube-cryptolib-v4-5-0/STM32CubeExpansion_Crypto_V4.5.0/Middlewares/ST/STM32_Cryptographic/lib/libSTM32Cryptographic_CM33.a(cmox_modexp.c.o)
                              /home/bea/st/x-cube-cryptolib-v4-5-0/STM32CubeExpansion_Crypto_V4.5.0/Middlewares/ST/STM32_Cryptographic/lib/libSTM32Cryptographic_CM33.a(cmox_ecc_curve_p384.c.o) (cmox_modexp_fn_public_highmem)
/home/bea/st/x-cube-cryptolib-v4-5-0/STM32CubeExpansion_Crypto_V4.5.0/Middlewares/ST/STM32_Cryptographic/lib/libSTM32Cryptographic_CM33.a(cmox_scalarmul.c.o)
                              /home/bea/st/x-cube-cryptolib-v4-5-0/STM32CubeExpansion_Crypto_V4.5.0/Middlewares/ST/STM32_Cryptographic/lib/libSTM32Cryptographic_CM33.a(cmox_ecc_curve_p384.c.o) (cmox_scalarmul_dblbase_wmof)
/home/bea/st/x-cube-cryptolib-v4-5-0/STM32CubeExpansion_Crypto_V4.5.0/Middlewares/ST/STM32_Cryptographic/lib/libSTM32Cryptographic_CM33.a(cmox_utils_compare.c.o)
                              /home/bea/st/x-cube-cryptolib-v4-5-0/STM32CubeExpansion_Crypto_V4.5.0/Middlewares/ST/STM32_Cryptographic/lib/libSTM32Cryptographic_CM33.a(cmox_ecdsa.c.o) (cmox_utils_robustCmp)
/home/bea/st/x-cube-cryptolib-v4-5-0/STM32CubeExpansion_Crypto_V4.5.0/Middlewares/ST/STM32_Cryptographic/lib/libSTM32Cryptographic_CM33.a(cmox_bn.c.o)
                              /home/bea/st/x-cube-cryptolib-v4-5-0/STM32CubeExpansion_Crypto_V4.5.0/Middlewares/ST/STM32_Cryptographic/lib/libSTM32Cryptographic_CM33.a(cmox_ecdsa.c.o) (cmox_bn_alloc)
/home/bea/st/x-cube-cryptolib-v4-5-0/STM32CubeExpansion_Crypto_V4.5.0/Middlewares/ST/STM32_Cryptographic/lib/libSTM32Cryptographic_CM33.a(cmox_ecc.c.o)
                              /home/bea/st/x-cube-cryptolib-v4-5-0/STM32CubeExpansion_Crypto_V4.5.0/Middlewares/ST/STM32_Cryptographic/lib/libSTM32Cryptographic_CM33.a(cmox_ecdsa.c.o) (cmox_ECC_AllocPoint)
/home/bea/st/x-cube-cryptolib-v4-5-0/STM32CubeExpansion_Crypto_V4.5.0/Middlewares/ST/STM32_Cryptographic/lib/libSTM32Cryptographic_CM33.a(cmox_membuf.c.o)
                              /home/bea/st/x-cube-cryptolib-v4-5-0/STM32CubeExpansion_Crypto_V4.5.0/Middlewares/ST/STM32_Cryptographic/lib/libSTM32Cryptographic_CM33.a(cmox_modexp.c.o) (cmox_membuf_alloc)
/home/bea/st/stm32cubeide_1.19.0/plugins/com.st.stm32cube.ide.mcu.externaltools.gnu-tools-for-stm32.13.3.rel1.linux64_1.0.0.202410170706/tools/bin/../lib/gcc/arm-none-eabi/13.3.1/../../../../arm-none-eabi/lib/thumb/v8-m.main+fp/hard/libc_nano.a(libc_a-exit.o)
                              /home/bea/st/stm32cubeide_1.19.0/plugins/com.st.stm32cube.ide.mcu.externaltools.gnu-tools-for-stm32.13.3.rel1.linux64_1.0.0.202410170706/tools/bin/../lib/gcc/arm-none-eabi/13.3.1/../../../../arm-none-eabi/lib/thumb/v8-m.main+fp/hard/crt0.o (exit)
/home/bea/st/stm32cubeide_1.19.0/plugins/com.st.stm32cube.ide.mcu.externaltools.gnu-tools-for-stm32.13.3.rel1.linux64_1.0.0.202410170706/tools/bin/../lib/gcc/arm-none-eabi/13.3.1/../../../../arm-none-eabi/lib/thumb/v8-m.main+fp/hard/libc_nano.a(libc_a-findfp.o)
[...]
Memory Configuration

Name             Origin             Length             Attributes
RAM              0x20040000         0x00080000         xrw
SRAM4            0x28000000         0x00004000         xrw
FLASH            0x08100000         0x00100000         xr
*default*        0x00000000         0xffffffff

Linker script and memory map

LOAD /home/bea/st/stm32cubeide_1.19.0/plugins/com.st.stm32cube.ide.mcu.externaltools.gnu-tools-for-stm32.13.3.rel1.linux64_1.0.0.202410170706/tools/bin/../lib/gcc/arm-none-eabi/13.3.1/thumb/v8-m.main+fp/hard/crti.o
LOAD /home/bea/st/stm32cubeide_1.19.0/plugins/com.st.stm32cube.ide.mcu.externaltools.gnu-tools-for-stm32.13.3.rel1.linux64_1.0.0.202410170706/tools/bin/../lib/gcc/arm-none-eabi/13.3.1/thumb/v8-m.main+fp/hard/crtbegin.o
LOAD /home/bea/st/stm32cubeide_1.19.0/plugins/com.st.stm32cube.ide.mcu.externaltools.gnu-tools-for-stm32.13.3.rel1.linux64_1.0.0.202410170706/tools/bin/../lib/gcc/arm-none-eabi/13.3.1/../../../../arm-none-eabi/lib/thumb/v8-m.main+fp/hard/crt0.o
LOAD ./Core/Src/cmox_low_level.o
LOAD ./Core/Src/main.o
LOAD ./Core/Src/stm32u5xx_hal_msp.o
LOAD ./Core/Src/stm32u5xx_it.o
LOAD ./Core/Src/syscalls.o
LOAD ./Core/Src/sysmem.o
LOAD ./Core/Src/system_stm32u5xx_ns.o
LOAD ./Core/Startup/startup_stm32u585aiixq.o
LOAD ./Drivers/STM32U5xx_HAL_Driver/stm32u5xx_hal.o
LOAD ./Drivers/STM32U5xx_HAL_Driver/stm32u5xx_hal_cortex.o
LOAD ./Drivers/STM32U5xx_HAL_Driver/stm32u5xx_hal_dma.o
LOAD ./Drivers/STM32U5xx_HAL_Driver/stm32u5xx_hal_dma_ex.o
LOAD ./Drivers/STM32U5xx_HAL_Driver/stm32u5xx_hal_exti.o
LOAD ./Drivers/STM32U5xx_HAL_Driver/stm32u5xx_hal_flash.o
LOAD ./Drivers/STM32U5xx_HAL_Driver/stm32u5xx_hal_flash_ex.o
LOAD ./Drivers/STM32U5xx_HAL_Driver/stm32u5xx_hal_gpio.o
LOAD ./Drivers/STM32U5xx_HAL_Driver/stm32u5xx_hal_gtzc.o
LOAD ./Drivers/STM32U5xx_HAL_Driver/stm32u5xx_hal_i2c.o
LOAD ./Drivers/STM32U5xx_HAL_Driver/stm32u5xx_hal_i2c_ex.o
LOAD ./Drivers/STM32U5xx_HAL_Driver/stm32u5xx_hal_icache.o
LOAD ./Drivers/STM32U5xx_HAL_Driver/stm32u5xx_hal_pwr.o
LOAD ./Drivers/STM32U5xx_HAL_Driver/stm32u5xx_hal_pwr_ex.o
LOAD ./Drivers/STM32U5xx_HAL_Driver/stm32u5xx_hal_rcc.o
LOAD ./Drivers/STM32U5xx_HAL_Driver/stm32u5xx_hal_rcc_ex.o
LOAD ./Drivers/STM32U5xx_HAL_Driver/stm32u5xx_ll_exti.o
LOAD ./Drivers/STM32U5xx_HAL_Driver/stm32u5xx_ll_utils.o
LOAD /home/bea/STM32CubeIDE/workspace_TrustZone/TrustZone_challengeResponse/Secure/Debug/secure_nsclib.o
LOAD /home/bea/st/x-cube-cryptolib-v4-5-0/STM32CubeExpansion_Crypto_V4.5.0/Middlewares/ST/STM32_Cryptographic/lib/libSTM32Cryptographic_CM33.a
START GROUP
LOAD /home/bea/st/stm32cubeide_1.19.0/plugins/com.st.stm32cube.ide.mcu.externaltools.gnu-tools-for-stm32.13.3.rel1.linux64_1.0.0.202410170706/tools/bin/../lib/gcc/arm-none-eabi/13.3.1/../../../../arm-none-eabi/lib/thumb/v8-m.main+fp/hard/libc_nano.a
LOAD /home/bea/st/stm32cubeide_1.19.0/plugins/com.st.stm32cube.ide.mcu.externaltools.gnu-tools-for-stm32.13.3.rel1.linux64_1.0.0.202410170706/tools/bin/../lib/gcc/arm-none-eabi/13.3.1/../../../../arm-none-eabi/lib/thumb/v8-m.main+fp/hard/libm.a
END GROUP
START GROUP
LOAD /home/bea/st/stm32cubeide_1.19.0/plugins/com.st.stm32cube.ide.mcu.externaltools.gnu-tools-for-stm32.13.3.rel1.linux64_1.0.0.202410170706/tools/bin/../lib/gcc/arm-none-eabi/13.3.1/thumb/v8-m.main+fp/hard/libgcc.a
LOAD /home/bea/st/stm32cubeide_1.19.0/plugins/com.st.stm32cube.ide.mcu.externaltools.gnu-tools-for-stm32.13.3.rel1.linux64_1.0.0.202410170706/tools/bin/../lib/gcc/arm-none-eabi/13.3.1/../../../../arm-none-eabi/lib/thumb/v8-m.main+fp/hard/libc_nano.a
END GROUP
START GROUP
LOAD /home/bea/st/stm32cubeide_1.19.0/plugins/com.st.stm32cube.ide.mcu.externaltools.gnu-tools-for-stm32.13.3.rel1.linux64_1.0.0.202410170706/tools/bin/../lib/gcc/arm-none-eabi/13.3.1/thumb/v8-m.main+fp/hard/libgcc.a
LOAD /home/bea/st/stm32cubeide_1.19.0/plugins/com.st.stm32cube.ide.mcu.externaltools.gnu-tools-for-stm32.13.3.rel1.linux64_1.0.0.202410170706/tools/bin/../lib/gcc/arm-none-eabi/13.3.1/../../../../arm-none-eabi/lib/thumb/v8-m.main+fp/hard/libc_nano.a
LOAD /home/bea/st/stm32cubeide_1.19.0/plugins/com.st.stm32cube.ide.mcu.externaltools.gnu-tools-for-stm32.13.3.rel1.linux64_1.0.0.202410170706/tools/bin/../lib/gcc/arm-none-eabi/13.3.1/../../../../arm-none-eabi/lib/thumb/v8-m.main+fp/hard/libnosys.a
END GROUP
START GROUP
LOAD /home/bea/st/stm32cubeide_1.19.0/plugins/com.st.stm32cube.ide.mcu.externaltools.gnu-tools-for-stm32.13.3.rel1.linux64_1.0.0.202410170706/tools/bin/../lib/gcc/arm-none-eabi/13.3.1/thumb/v8-m.main+fp/hard/libgcc.a
LOAD /home/bea/st/stm32cubeide_1.19.0/plugins/com.st.stm32cube.ide.mcu.externaltools.gnu-tools-for-stm32.13.3.rel1.linux64_1.0.0.202410170706/tools/bin/../lib/gcc/arm-none-eabi/13.3.1/../../../../arm-none-eabi/lib/thumb/v8-m.main+fp/hard/libc_nano.a
LOAD /home/bea/st/stm32cubeide_1.19.0/plugins/com.st.stm32cube.ide.mcu.externaltools.gnu-tools-for-stm32.13.3.rel1.linux64_1.0.0.202410170706/tools/bin/../lib/gcc/arm-none-eabi/13.3.1/../../../../arm-none-eabi/lib/thumb/v8-m.main+fp/hard/libnosys.a
END GROUP
LOAD /home/bea/st/stm32cubeide_1.19.0/plugins/com.st.stm32cube.ide.mcu.externaltools.gnu-tools-for-stm32.13.3.rel1.linux64_1.0.0.202410170706/tools/bin/../lib/gcc/arm-none-eabi/13.3.1/thumb/v8-m.main+fp/hard/crtend.o
LOAD /home/bea/st/stm32cubeide_1.19.0/plugins/com.st.stm32cube.ide.mcu.externaltools.gnu-tools-for-stm32.13.3.rel1.linux64_1.0.0.202410170706/tools/bin/../lib/gcc/arm-none-eabi/13.3.1/thumb/v8-m.main+fp/hard/crtn.o
                0x200c0000                        _estack = (ORIGIN (RAM) + LENGTH (RAM))
                0x00000200                        _Min_Heap_Size = 0x200
                0x00000400                        _Min_Stack_Size = 0x400

.isr_vector     0x08100000      0x238
 *(.isr_vector)
 .isr_vector    0x08100000      0x238 ./Core/Startup/startup_stm32u585aiixq.o
                0x08100000                g_pfnVectors

.text           0x08100238     0x4868
 *(.text)
 .text          0x08100238       0x40 /home/bea/st/stm32cubeide_1.19.0/plugins/com.st.stm32cube.ide.mcu.externaltools.gnu-tools-for-stm32.13.3.rel1.linux64_1.0.0.202410170706/tools/bin/../lib/gcc/arm-none-eabi/13.3.1/thumb/v8-m.main+fp/hard/crtbegin.o
 .text          0x08100278      0x2e8 /home/bea/st/x-cube-cryptolib-v4-5-0/STM32CubeExpansion_Crypto_V4.5.0/Middlewares/ST/STM32_Cryptographic/lib/libSTM32Cryptographic_CM33.a(cmox_ecdsa.c.o)
                0x08100278                cmox_ecdsa_verify
 .text          0x08100560       0x20 /home/bea/st/x-cube-cryptolib-v4-5-0/STM32CubeExpansion_Crypto_V4.5.0/Middlewares/ST/STM32_Cryptographic/lib/libSTM32Cryptographic_CM33.a(cmox_init.c.o)
                0x08100560                cmox_initialize
 .text          0x08100580        0x4 /home/bea/st/x-cube-cryptolib-v4-5-0/STM32CubeExpansion_Crypto_V4.5.0/Middlewares/ST/STM32_Cryptographic/lib/libSTM32Cryptographic_CM33.a(cmox_init.c.o)
                0x08100580                cmox_finalize
 .text          0x08100584       0x38 /home/bea/st/x-cube-cryptolib-v4-5-0/STM32CubeExpansion_Crypto_V4.5.0/Middlewares/ST/STM32_Cryptographic/lib/libSTM32Cryptographic_CM33.a(cmox_math.c.o)
 .text          0x081005bc       0x56 /home/bea/st/x-cube-cryptolib-v4-5-0/STM32CubeExpansion_Crypto_V4.5.0/Middlewares/ST/STM32_Cryptographic/lib/libSTM32Cryptographic_CM33.a(cmox_math.c.o)
                0x081005bc                cmox_RightShiftBN
 .text          0x08100612      0x122 /home/bea/st/x-cube-cryptolib-v4-5-0/STM32CubeExpansion_Crypto_V4.5.0/Middlewares/ST/STM32_Cryptographic/lib/libSTM32Cryptographic_CM33.a(cmox_math.c.o)
                0x08100612                cmox_ModAddBN
 .text          0x08100734       0xfe /home/bea/st/x-cube-cryptolib-v4-5-0/STM32CubeExpansion_Crypto_V4.5.0/Middlewares/ST/STM32_Cryptographic/lib/libSTM32Cryptographic_CM33.a(cmox_math.c.o)
                0x08100734                cmox_ModSubBN
 .text          0x08100832       0x68 /home/bea/st/x-cube-cryptolib-v4-5-0/STM32CubeExpansion_Crypto_V4.5.0/Middlewares/ST/STM32_Cryptographic/lib/libSTM32Cryptographic_CM33.a(cmox_math.c.o)
                0x08100832                cmox_SubBN
 .text          0x0810089a       0x3e /home/bea/st/x-cube-cryptolib-v4-5-0/STM32CubeExpansion_Crypto_V4.5.0/Middlewares/ST/STM32_Cryptographic/lib/libSTM32Cryptographic_CM33.a(cmox_math.c.o)
                0x0810089a                cmox_AddBN_Int
 .text          0x081008d8       0xa4 /home/bea/st/x-cube-cryptolib-v4-5-0/STM32CubeExpansion_Crypto_V4.5.0/Middlewares/ST/STM32_Cryptographic/lib/libSTM32Cryptographic_CM33.a(cmox_math.c.o)
                0x081008d8                cmox_FieldBN_Div2
 .text          0x0810097c       0xbe /home/bea/st/x-cube-cryptolib-v4-5-0/STM32CubeExpansion_Crypto_V4.5.0/Middlewares/ST/STM32_Cryptographic/lib/libSTM32Cryptographic_CM33.a(cmox_math.c.o)
                0x0810097c                cmox_FieldBN_Mul2
 .text          0x08100a3a       0x5c /home/bea/st/x-cube-cryptolib-v4-5-0/STM32CubeExpansion_Crypto_V4.5.0/Middlewares/ST/STM32_Cryptographic/lib/libSTM32Cryptographic_CM33.a(cmox_math.c.o)
                0x08100a3a                cmox_FieldBN_CondNegate
 .text          0x08100a96       0x32 /home/bea/st/x-cube-cryptolib-v4-5-0/STM32CubeExpansion_Crypto_V4.5.0/Middlewares/ST/STM32_Cryptographic/lib/libSTM32Cryptographic_CM33.a(cmox_math.c.o)
                0x08100a96                cmox_ModularBN_InitWithR2
 .text          0x08100ac8       0x10 /home/bea/st/x-cube-cryptolib-v4-5-0/STM32CubeExpansion_Crypto_V4.5.0/Middlewares/ST/STM32_Cryptographic/lib/libSTM32Cryptographic_CM33.a(cmox_math.c.o)
                0x08100ac8                cmox_ModularBN_Enter
 .text          0x08100ad8       0x44 /home/bea/st/x-cube-cryptolib-v4-5-0/STM32CubeExpansion_Crypto_V4.5.0/Middlewares/ST/STM32_Cryptographic/lib/libSTM32Cryptographic_CM33.a(cmox_math.c.o)
                0x08100ad8                cmox_ModularBN_Exit
 .text          0x08100b1c       0x46 /home/bea/st/x-cube-cryptolib-v4-5-0/STM32CubeExpansion_Crypto_V4.5.0/Middlewares/ST/STM32_Cryptographic/lib/libSTM32Cryptographic_CM33.a(cmox_math.c.o)
                0x08100b1c                cmox_ModularBN_Mul
 .text          0x08100b62       0x42 /home/bea/st/x-cube-cryptolib-v4-5-0/STM32CubeExpansion_Crypto_V4.5.0/Middlewares/ST/STM32_Cryptographic/lib/libSTM32Cryptographic_CM33.a(cmox_math.c.o)
                0x08100b62                cmox_ModularBN_Sqr
 .text          0x08100ba4       0x18 /home/bea/st/x-cube-cryptolib-v4-5-0/STM32CubeExpansion_Crypto_V4.5.0/Middlewares/ST/STM32_Cryptographic/lib/libSTM32Cryptographic_CM33.a(cmox_math.c.o)
                0x08100ba4                cmox_ModularBN_DeinitWithR2
 .text          0x08100bbc        0xa /home/bea/st/x-cube-cryptolib-v4-5-0/STM32CubeExpansion_Crypto_V4.5.0/Middlewares/ST/STM32_Cryptographic/lib/libSTM32Cryptographic_CM33.a(cmox_mathutils.c.o)
                0x08100bbc                cmox_mathUtils_mux
 .text          0x08100bc6        0x6 /home/bea/st/x-cube-cryptolib-v4-5-0/STM32CubeExpansion_Crypto_V4.5.0/Middlewares/ST/STM32_Cryptographic/lib/libSTM32Cryptographic_CM33.a(cmox_mathutils.c.o)
                0x08100bc6                cmox_mathUtils_not
 .text          0x08100bcc        0xa /home/bea/st/x-cube-cryptolib-v4-5-0/STM32CubeExpansion_Crypto_V4.5.0/Middlewares/ST/STM32_Cryptographic/lib/libSTM32Cryptographic_CM33.a(cmox_mathutils.c.o)
                0x08100bcc                cmox_mathUtils_neq
 .text          0x08100bd6        0xe /home/bea/st/x-cube-cryptolib-v4-5-0/STM32CubeExpansion_Crypto_V4.5.0/Middlewares/ST/STM32_Cryptographic/lib/libSTM32Cryptographic_CM33.a(cmox_mathutils.c.o)
                0x08100bd6                cmox_mathUtils_gt
 .text          0x08100be4       0x24 /home/bea/st/x-cube-cryptolib-v4-5-0/STM32CubeExpansion_Crypto_V4.5.0/Middlewares/ST/STM32_Cryptographic/lib/libSTM32Cryptographic_CM33.a(cmox_mathutils.c.o)
                0x08100be4                cmox_mathUtils_bitLength
 .text          0x08100c08       0x10 /home/bea/st/x-cube-cryptolib-v4-5-0/STM32CubeExpansion_Crypto_V4.5.0/Middlewares/ST/STM32_Cryptographic/lib/libSTM32Cryptographic_CM33.a(cmox_mathutils.c.o)
                0x08100c08                cmox_mathUtils_abs
 .text          0x08100c18      0x23c /home/bea/st/x-cube-cryptolib-v4-5-0/STM32CubeExpansion_Crypto_V4.5.0/Middlewares/ST/STM32_Cryptographic/lib/libSTM32Cryptographic_CM33.a(cmox_modexp.c.o)
                0x08100c28                cmox_ModExpBN_SW
 .text          0x08100e54      0x3f8 /home/bea/st/x-cube-cryptolib-v4-5-0/STM32CubeExpansion_Crypto_V4.5.0/Middlewares/ST/STM32_Cryptographic/lib/libSTM32Cryptographic_CM33.a(cmox_scalarmul.c.o)
 .text          0x0810124c      0x3ac /home/bea/st/x-cube-cryptolib-v4-5-0/STM32CubeExpansion_Crypto_V4.5.0/Middlewares/ST/STM32_Cryptographic/lib/libSTM32Cryptographic_CM33.a(cmox_scalarmul.c.o)
 .text          0x081015f8      0x680 /home/bea/st/x-cube-cryptolib-v4-5-0/STM32CubeExpansion_Crypto_V4.5.0/Middlewares/ST/STM32_Cryptographic/lib/libSTM32Cryptographic_CM33.a(cmox_scalarmul.c.o)
 .text          0x08101c78       0xb2 /home/bea/st/x-cube-cryptolib-v4-5-0/STM32CubeExpansion_Crypto_V4.5.0/Middlewares/ST/STM32_Cryptographic/lib/libSTM32Cryptographic_CM33.a(cmox_scalarmul.c.o)
 .text          0x08101d2a       0x30 /home/bea/st/x-cube-cryptolib-v4-5-0/STM32CubeExpansion_Crypto_V4.5.0/Middlewares/ST/STM32_Cryptographic/lib/libSTM32Cryptographic_CM33.a(cmox_utils_compare.c.o)
 .text          0x08101d5a       0x36 /home/bea/st/x-cube-cryptolib-v4-5-0/STM32CubeExpansion_Crypto_V4.5.0/Middlewares/ST/STM32_Cryptographic/lib/libSTM32Cryptographic_CM33.a(cmox_utils_compare.c.o)
 .text          0x08101d90       0xac /home/bea/st/x-cube-cryptolib-v4-5-0/STM32CubeExpansion_Crypto_V4.5.0/Middlewares/ST/STM32_Cryptographic/lib/libSTM32Cryptographic_CM33.a(cmox_utils_compare.c.o)
 .text          0x08101e3c       0x9c /home/bea/st/x-cube-cryptolib-v4-5-0/STM32CubeExpansion_Crypto_V4.5.0/Middlewares/ST/STM32_Cryptographic/lib/libSTM32Cryptographic_CM33.a(cmox_utils_compare.c.o)
 .text          0x08101ed8       0xfc /home/bea/st/x-cube-cryptolib-v4-5-0/STM32CubeExpansion_Crypto_V4.5.0/Middlewares/ST/STM32_Cryptographic/lib/libSTM32Cryptographic_CM33.a(cmox_utils_compare.c.o)
                0x08101ee4                cmox_utils_robustCmp
 .text          0x08101fd4       0x16 /home/bea/st/x-cube-cryptolib-v4-5-0/STM32CubeExpansion_Crypto_V4.5.0/Middlewares/ST/STM32_Cryptographic/lib/libSTM32Cryptographic_CM33.a(cmox_bn.c.o)
                0x08101fd4                cmox_bn_alloc
 .text          0x08101fea       0x16 /home/bea/st/x-cube-cryptolib-v4-5-0/STM32CubeExpansion_Crypto_V4.5.0/Middlewares/ST/STM32_Cryptographic/lib/libSTM32Cryptographic_CM33.a(cmox_bn.c.o)
                0x08101fea                cmox_bn_free
 .text          0x08102000       0x42 /home/bea/st/x-cube-cryptolib-v4-5-0/STM32CubeExpansion_Crypto_V4.5.0/Middlewares/ST/STM32_Cryptographic/lib/libSTM32Cryptographic_CM33.a(cmox_bn.c.o)
                0x08102000                cmox_bn_import
 .text          0x08102042       0x1e /home/bea/st/x-cube-cryptolib-v4-5-0/STM32CubeExpansion_Crypto_V4.5.0/Middlewares/ST/STM32_Cryptographic/lib/libSTM32Cryptographic_CM33.a(cmox_bn.c.o)
                0x08102042                cmox_bn_init
 .text          0x08102060       0x70 /home/bea/st/x-cube-cryptolib-v4-5-0/STM32CubeExpansion_Crypto_V4.5.0/Middlewares/ST/STM32_Cryptographic/lib/libSTM32Cryptographic_CM33.a(cmox_bn.c.o)
                0x08102060                cmox_bn_cCopy
 .text          0x081020d0        0xa /home/bea/st/x-cube-cryptolib-v4-5-0/STM32CubeExpansion_Crypto_V4.5.0/Middlewares/ST/STM32_Cryptographic/lib/libSTM32Cryptographic_CM33.a(cmox_bn.c.o)
                0x081020d0                cmox_bn_mux
 .text          0x081020da       0x82 /home/bea/st/x-cube-cryptolib-v4-5-0/STM32CubeExpansion_Crypto_V4.5.0/Middlewares/ST/STM32_Cryptographic/lib/libSTM32Cryptographic_CM33.a(cmox_bn.c.o)
                0x081020da                cmox_bn_cmp
 .text          0x0810215c       0x2c /home/bea/st/x-cube-cryptolib-v4-5-0/STM32CubeExpansion_Crypto_V4.5.0/Middlewares/ST/STM32_Cryptographic/lib/libSTM32Cryptographic_CM33.a(cmox_bn.c.o)
                0x0810215c                cmox_bn_cmpUint
 .text          0x08102188       0x32 /home/bea/st/x-cube-cryptolib-v4-5-0/STM32CubeExpansion_Crypto_V4.5.0/Middlewares/ST/STM32_Cryptographic/lib/libSTM32Cryptographic_CM33.a(cmox_bn.c.o)
                0x08102188                cmox_bn_countBits
 .text          0x081021ba       0x48 /home/bea/st/x-cube-cryptolib-v4-5-0/STM32CubeExpansion_Crypto_V4.5.0/Middlewares/ST/STM32_Cryptographic/lib/libSTM32Cryptographic_CM33.a(cmox_bn.c.o)
                0x081021ba                cmox_bn_getBits
 .text          0x08102202       0x96 /home/bea/st/x-cube-cryptolib-v4-5-0/STM32CubeExpansion_Crypto_V4.5.0/Middlewares/ST/STM32_Cryptographic/lib/libSTM32Cryptographic_CM33.a(cmox_bn.c.o)
                0x08102202                cmox_bn_setBits
 .text          0x08102298       0x86 /home/bea/st/x-cube-cryptolib-v4-5-0/STM32CubeExpansion_Crypto_V4.5.0/Middlewares/ST/STM32_Cryptographic/lib/libSTM32Cryptographic_CM33.a(cmox_bn.c.o)
                0x08102298                cmox_bn_fromU8BE
 .text          0x0810231e       0x98 /home/bea/st/x-cube-cryptolib-v4-5-0/STM32CubeExpansion_Crypto_V4.5.0/Middlewares/ST/STM32_Cryptographic/lib/libSTM32Cryptographic_CM33.a(cmox_bn.c.o)
                0x0810231e                cmox_bn_fromU8LE
 .text          0x081023b6       0x5c /home/bea/st/x-cube-cryptolib-v4-5-0/STM32CubeExpansion_Crypto_V4.5.0/Middlewares/ST/STM32_Cryptographic/lib/libSTM32Cryptographic_CM33.a(cmox_ecc.c.o)
                0x081023b6                cmox_ECC_InvertModN
 .text          0x08102412       0x1c /home/bea/st/x-cube-cryptolib-v4-5-0/STM32CubeExpansion_Crypto_V4.5.0/Middlewares/ST/STM32_Cryptographic/lib/libSTM32Cryptographic_CM33.a(cmox_ecc.c.o)
                0x08102412                cmox_ECC_InitCurve
 .text          0x0810242e       0x10 /home/bea/st/x-cube-cryptolib-v4-5-0/STM32CubeExpansion_Crypto_V4.5.0/Middlewares/ST/STM32_Cryptographic/lib/libSTM32Cryptographic_CM33.a(cmox_ecc.c.o)
                0x0810242e                cmox_ECC_InitCurveModDomainP
 .text          0x0810243e       0x10 /home/bea/st/x-cube-cryptolib-v4-5-0/STM32CubeExpansion_Crypto_V4.5.0/Middlewares/ST/STM32_Cryptographic/lib/libSTM32Cryptographic_CM33.a(cmox_ecc.c.o)
                0x0810243e                cmox_ECC_InitCurveModDomainN
 .text          0x0810244e        0x6 /home/bea/st/x-cube-cryptolib-v4-5-0/STM32CubeExpansion_Crypto_V4.5.0/Middlewares/ST/STM32_Cryptographic/lib/libSTM32Cryptographic_CM33.a(cmox_ecc.c.o)
                0x0810244e                cmox_ECC_DeInitCurveModDomain
 .text          0x08102454       0xb8 /home/bea/st/x-cube-cryptolib-v4-5-0/STM32CubeExpansion_Crypto_V4.5.0/Middlewares/ST/STM32_Cryptographic/lib/libSTM32Cryptographic_CM33.a(cmox_ecc.c.o)
                0x08102454                cmox_ECC_AllocPoint
 .text          0x0810250c       0x60 /home/bea/st/x-cube-cryptolib-v4-5-0/STM32CubeExpansion_Crypto_V4.5.0/Middlewares/ST/STM32_Cryptographic/lib/libSTM32Cryptographic_CM33.a(cmox_ecc.c.o)
                0x0810250c                cmox_ECC_FreePoint
 .text          0x0810256c     0x1b9e /home/bea/st/x-cube-cryptolib-v4-5-0/STM32CubeExpansion_Crypto_V4.5.0/Middlewares/ST/STM32_Cryptographic/lib/libSTM32Cryptographic_CM33.a(cmox_ecc.c.o)
                0x0810256c                cmox_ECC_CondCopyPoint
                0x081025d2                cmox_ECC_CondSymmetricPoint
                0x08102620                cmox_ECC_SetPointAtInfinity
                0x081026a2                cmox_ECC_CondImportPoint
                0x0810279c                cmox_ECC_PointToModularDomain
                0x081027f0                cmox_ECC_PointFromModularDomain
                0x0810284c                cmox_ECC_PointValidation
                0x081029b4                cmox_ECC_PointToAffine
                0x08102b88                cmox_ECC_EDW_DecPoint_ed25519
                0x08102e46                cmox_ECC_EDW_DecPoint_ed448
                0x081030a2                cmox_ECC_MONTY_Clamping
                0x08103102                cmox_ECC_SW_AddPoints_JacoAff
                0x0810328a                cmox_ECC_SW_AddPoints_Jacobian
                0x0810340c                cmox_ECC_SW_DblPoint_Jac_a3
                0x08103540                cmox_ECC_SW_DblPoint_Jacobian
                0x0810370c                cmox_ECC_EDW_AddPoints_ProjAff
                0x08103866                cmox_ECC_EDW_AddPoints_Proj
                0x081039c8                cmox_ECC_EDW_DblPoint_Proj
                0x08103aea                cmox_ECC_EDW_AddPnts_ExtAff_a_1
                0x08103c18                cmox_ECC_EDW_AddPoints_Ext_a_1
                0x08103d4e                cmox_ECC_EDW_DblPoint_Ext_a_1
                0x08103e82                cmox_ECC_MONTY_Ladder_XzAff
                0x08103fb0                cmox_ECC_CompleteMADD
                0x0810405a                cmox_ECC_CompleteADD
 .text          0x0810410a       0x3e /home/bea/st/x-cube-cryptolib-v4-5-0/STM32CubeExpansion_Crypto_V4.5.0/Middlewares/ST/STM32_Cryptographic/lib/libSTM32Cryptographic_CM33.a(cmox_ecc.c.o)
                0x0810410a                cmox_ECC_CompleteDBL
 .text          0x08104148        0x8 /home/bea/st/x-cube-cryptolib-v4-5-0/STM32CubeExpansion_Crypto_V4.5.0/Middlewares/ST/STM32_Cryptographic/lib/libSTM32Cryptographic_CM33.a(cmox_ecc.c.o)
 .text          0x08104150       0x3e /home/bea/st/x-cube-cryptolib-v4-5-0/STM32CubeExpansion_Crypto_V4.5.0/Middlewares/ST/STM32_Cryptographic/lib/libSTM32Cryptographic_CM33.a(cmox_membuf.c.o)
                0x08104150                cmox_membuf_alloc
 .text          0x0810418e       0x2a /home/bea/st/x-cube-cryptolib-v4-5-0/STM32CubeExpansion_Crypto_V4.5.0/Middlewares/ST/STM32_Cryptographic/lib/libSTM32Cryptographic_CM33.a(cmox_membuf.c.o)
                0x0810418e                cmox_membuf_free
 *(.text*)
 .text.cmox_ll_init
                0x081041b8       0x44 ./Core/Src/cmox_low_level.o
                0x081041b8                cmox_ll_init
 .text.cmox_ll_deInit
                0x081041fc       0x16 ./Core/Src/cmox_low_level.o
                0x081041fc                cmox_ll_deInit
 *fill*         0x08104212        0x2 
 .text.main     0x08104214       0xac ./Core/Src/main.o
                0x08104214                main
 .text.MX_GTZC_NS_Init
                0x081042c0        0xe ./Core/Src/main.o
 *fill*         0x081042ce        0x2 
 .text.HAL_MspInit
                0x081042d0       0x34 ./Core/Src/stm32u5xx_hal_msp.o
                0x081042d0                HAL_MspInit
 .text.MemManage_Handler
                0x08104304        0x8 ./Core/Src/stm32u5xx_it.o
                0x08104304                MemManage_Handler
 .text.UsageFault_Handler
                0x0810430c        0x8 ./Core/Src/stm32u5xx_it.o
                0x0810430c                UsageFault_Handler
 .text.SVC_Handler
                0x08104314        0xe ./Core/Src/stm32u5xx_it.o
                0x08104314                SVC_Handler
 .text.PendSV_Handler
                0x08104322        0xe ./Core/Src/stm32u5xx_it.o
                0x08104322                PendSV_Handler
 .text.SysTick_Handler
                0x08104330        0xc ./Core/Src/stm32u5xx_it.o
                0x08104330                SysTick_Handler
 .text.SystemInit
                0x0810433c        0xe ./Core/Src/system_stm32u5xx_ns.o
                0x0810433c                SystemInit
 *fill*         0x0810434a        0x2 
 .text.Reset_Handler
                0x0810434c       0x50 ./Core/Startup/startup_stm32u585aiixq.o
                0x0810434c                Reset_Handler
 .text.Default_Handler
                0x0810439c        0x2 ./Core/Startup/startup_stm32u585aiixq.o
                0x0810439c                EXTI2_IRQHandler
                0x0810439c                TIM8_TRG_COM_IRQHandler
                0x0810439c                TIM8_CC_IRQHandler
                0x0810439c                EXTI5_IRQHandler
                0x0810439c                DebugMon_Handler
                0x0810439c                FLASH_S_IRQHandler
                0x0810439c                EXTI13_IRQHandler
                0x0810439c                TIM1_CC_IRQHandler
                0x0810439c                TSC_IRQHandler
                0x0810439c                HardFault_Handler
                0x0810439c                TAMP_IRQHandler
                0x0810439c                TIM6_IRQHandler
                0x0810439c                EXTI12_IRQHandler
                0x0810439c                CORDIC_IRQHandler
                0x0810439c                NMI_Handler
                0x0810439c                EXTI3_IRQHandler
                0x0810439c                LPTIM4_IRQHandler
                0x0810439c                GPDMA1_Channel5_IRQHandler
                0x0810439c                EXTI8_IRQHandler
                0x0810439c                LPTIM2_IRQHandler
                0x0810439c                I2C3_ER_IRQHandler
                0x0810439c                PWR_S3WU_IRQHandler
                0x0810439c                MDF1_FLT2_IRQHandler
                0x0810439c                LPDMA1_Channel3_IRQHandler
                0x0810439c                LPTIM3_IRQHandler
                0x0810439c                EXTI0_IRQHandler
                0x0810439c                I2C2_EV_IRQHandler
                0x0810439c                FPU_IRQHandler
                0x0810439c                GPDMA1_Channel3_IRQHandler
                0x0810439c                GPDMA1_Channel7_IRQHandler
                0x0810439c                MDF1_FLT4_IRQHandler
                0x0810439c                FDCAN1_IT1_IRQHandler
                0x0810439c                RAMCFG_IRQHandler
                0x0810439c                GPDMA1_Channel9_IRQHandler
                0x0810439c                DCACHE1_IRQHandler
                0x0810439c                SPI1_IRQHandler
                0x0810439c                OCTOSPI1_IRQHandler
                0x0810439c                GPDMA1_Channel2_IRQHandler
                0x0810439c                TIM8_UP_IRQHandler
                0x0810439c                RCC_S_IRQHandler
                0x0810439c                OCTOSPI2_IRQHandler
                0x0810439c                SAI2_IRQHandler
                0x0810439c                MDF1_FLT1_IRQHandler
                0x0810439c                ADC1_IRQHandler
                0x0810439c                PKA_IRQHandler
                0x0810439c                MDF1_FLT5_IRQHandler
                0x0810439c                EXTI15_IRQHandler
                0x0810439c                TIM17_IRQHandler
                0x0810439c                USART3_IRQHandler
                0x0810439c                RTC_IRQHandler
                0x0810439c                EXTI9_IRQHandler
                0x0810439c                UART5_IRQHandler
                0x0810439c                TIM4_IRQHandler
                0x0810439c                I2C1_EV_IRQHandler
                0x0810439c                GPDMA1_Channel12_IRQHandler
                0x0810439c                GPDMA1_Channel1_IRQHandler
                0x0810439c                TIM16_IRQHandler
                0x0810439c                GPDMA1_Channel15_IRQHandler
                0x0810439c                UART4_IRQHandler
                0x0810439c                SecureFault_Handler
                0x0810439c                TIM3_IRQHandler
                0x0810439c                RCC_IRQHandler
                0x0810439c                TIM1_TRG_COM_IRQHandler
                0x0810439c                Default_Handler
                0x0810439c                GPDMA1_Channel8_IRQHandler
                0x0810439c                FMAC_IRQHandler
                0x0810439c                OTFDEC1_IRQHandler
                0x0810439c                GPDMA1_Channel11_IRQHandler
                0x0810439c                TIM7_IRQHandler
                0x0810439c                SDMMC1_IRQHandler
                0x0810439c                SAES_IRQHandler
                0x0810439c                TIM5_IRQHandler
                0x0810439c                UCPD1_IRQHandler
                0x0810439c                GPDMA1_Channel0_IRQHandler
                0x0810439c                TIM15_IRQHandler
                0x0810439c                I2C3_EV_IRQHandler
                0x0810439c                LPDMA1_Channel0_IRQHandler
                0x0810439c                PVD_PVM_IRQHandler
                0x0810439c                SPI2_IRQHandler
                0x0810439c                LPDMA1_Channel1_IRQHandler
                0x0810439c                EXTI14_IRQHandler
                0x0810439c                EXTI11_IRQHandler
                0x0810439c                OTFDEC2_IRQHandler
                0x0810439c                CRS_IRQHandler
                0x0810439c                GPDMA1_Channel14_IRQHandler
                0x0810439c                LSECSSD_IRQHandler
                0x0810439c                EXTI4_IRQHandler
                0x0810439c                RTC_S_IRQHandler
                0x0810439c                GPDMA1_Channel13_IRQHandler
                0x0810439c                RNG_IRQHandler
                0x0810439c                COMP_IRQHandler
                0x0810439c                TIM1_UP_IRQHandler
                0x0810439c                ADC4_IRQHandler
                0x0810439c                WWDG_IRQHandler
                0x0810439c                I2C4_EV_IRQHandler
                0x0810439c                ADF1_IRQHandler
                0x0810439c                IWDG_IRQHandler
                0x0810439c                LPUART1_IRQHandler
                0x0810439c                MDF1_FLT0_IRQHandler
                0x0810439c                FDCAN1_IT0_IRQHandler
                0x0810439c                TIM2_IRQHandler
                0x0810439c                GPDMA1_Channel4_IRQHandler
                0x0810439c                EXTI7_IRQHandler
                0x0810439c                DMA2D_IRQHandler
                0x0810439c                TIM1_BRK_IRQHandler
                0x0810439c                EXTI1_IRQHandler
                0x0810439c                SDMMC2_IRQHandler
                0x0810439c                AES_IRQHandler
                0x0810439c                DAC1_IRQHandler
                0x0810439c                GTZC_IRQHandler
                0x0810439c                MDF1_FLT3_IRQHandler
                0x0810439c                USART2_IRQHandler
                0x0810439c                GPDMA1_Channel6_IRQHandler
                0x0810439c                I2C2_ER_IRQHandler
                0x0810439c                TIM8_BRK_IRQHandler
                0x0810439c                FLASH_IRQHandler
                0x0810439c                BusFault_Handler
                0x0810439c                USART1_IRQHandler
                0x0810439c                EXTI10_IRQHandler
                0x0810439c                OTG_FS_IRQHandler
                0x0810439c                SPI3_IRQHandler
                0x0810439c                LPDMA1_Channel2_IRQHandler
                0x0810439c                I2C1_ER_IRQHandler
                0x0810439c                FMC_IRQHandler
                0x0810439c                EXTI6_IRQHandler
                0x0810439c                LPTIM1_IRQHandler
                0x0810439c                DCMI_PSSI_IRQHandler
                0x0810439c                I2C4_ER_IRQHandler
                0x0810439c                GPDMA1_Channel10_IRQHandler
                0x0810439c                ICACHE_IRQHandler
                0x0810439c                SAI1_IRQHandler
                0x0810439c                HASH_IRQHandler
 *fill*         0x0810439e        0x2 
 .text.HAL_Init
                0x081043a0       0x60 ./Drivers/STM32U5xx_HAL_Driver/stm32u5xx_hal.o
                0x081043a0                HAL_Init
 .text.HAL_InitTick
                0x08104400       0xec ./Drivers/STM32U5xx_HAL_Driver/stm32u5xx_hal.o
                0x08104400                HAL_InitTick
 .text.HAL_IncTick
                0x081044ec       0x28 ./Drivers/STM32U5xx_HAL_Driver/stm32u5xx_hal.o
                0x081044ec                HAL_IncTick
 .text.__NVIC_SetPriorityGrouping
                0x08104514       0x48 ./Drivers/STM32U5xx_HAL_Driver/stm32u5xx_hal_cortex.o
 .text.__NVIC_GetPriorityGrouping
                0x0810455c       0x1c ./Drivers/STM32U5xx_HAL_Driver/stm32u5xx_hal_cortex.o
 .text.__NVIC_SetPriority
                0x08104578       0x54 ./Drivers/STM32U5xx_HAL_Driver/stm32u5xx_hal_cortex.o
 .text.NVIC_EncodePriority
                0x081045cc       0x66 ./Drivers/STM32U5xx_HAL_Driver/stm32u5xx_hal_cortex.o
 .text.HAL_NVIC_SetPriorityGrouping
                0x08104632       0x16 ./Drivers/STM32U5xx_HAL_Driver/stm32u5xx_hal_cortex.o
                0x08104632                HAL_NVIC_SetPriorityGrouping
 .text.HAL_NVIC_SetPriority
                0x08104648       0x34 ./Drivers/STM32U5xx_HAL_Driver/stm32u5xx_hal_cortex.o
                0x08104648                HAL_NVIC_SetPriority
 .text.HAL_SYSTICK_Config
                0x0810467c       0x44 ./Drivers/STM32U5xx_HAL_Driver/stm32u5xx_hal_cortex.o
                0x0810467c                HAL_SYSTICK_Config
 .text.HAL_SYSTICK_CLKSourceConfig
                0x081046c0       0xb0 ./Drivers/STM32U5xx_HAL_Driver/stm32u5xx_hal_cortex.o
                0x081046c0                HAL_SYSTICK_CLKSourceConfig
 .text.HAL_SYSTICK_GetCLKSourceConfig
                0x08104770       0x74 ./Drivers/STM32U5xx_HAL_Driver/stm32u5xx_hal_cortex.o
                0x08104770                HAL_SYSTICK_GetCLKSourceConfig
 .text.HAL_GPIO_WritePin
                0x081047e4       0x30 ./Drivers/STM32U5xx_HAL_Driver/stm32u5xx_hal_gpio.o
                0x081047e4                HAL_GPIO_WritePin
 .text.HAL_PWREx_EnableVddIO2
                0x08104814       0x20 ./Drivers/STM32U5xx_HAL_Driver/stm32u5xx_hal_pwr_ex.o
                0x08104814                HAL_PWREx_EnableVddIO2
 .text.HAL_RCC_GetSysClockFreq
                0x08104834      0x204 ./Drivers/STM32U5xx_HAL_Driver/stm32u5xx_hal_rcc.o
                0x08104834                HAL_RCC_GetSysClockFreq
 .text.__libc_init_array
                0x08104a38       0x48 /home/bea/st/stm32cubeide_1.19.0/plugins/com.st.stm32cube.ide.mcu.externaltools.gnu-tools-for-stm32.13.3.rel1.linux64_1.0.0.202410170706/tools/bin/../lib/gcc/arm-none-eabi/13.3.1/../../../../arm-none-eabi/lib/thumb/v8-m.main+fp/hard/libc_nano.a(libc_a-init.o)
                0x08104a38                __libc_init_array
 *(.glue_7)
 .glue_7        0x08104a80        0x0 linker stubs
 *(.glue_7t)
 .glue_7t       0x08104a80        0x0 linker stubs
 *(.eh_frame)
 .eh_frame      0x08104a80        0x0 /home/bea/st/stm32cubeide_1.19.0/plugins/com.st.stm32cube.ide.mcu.externaltools.gnu-tools-for-stm32.13.3.rel1.linux64_1.0.0.202410170706/tools/bin/../lib/gcc/arm-none-eabi/13.3.1/thumb/v8-m.main+fp/hard/crtbegin.o
 *(.init)
 .init          0x08104a80        0x4 /home/bea/st/stm32cubeide_1.19.0/plugins/com.st.stm32cube.ide.mcu.externaltools.gnu-tools-for-stm32.13.3.rel1.linux64_1.0.0.202410170706/tools/bin/../lib/gcc/arm-none-eabi/13.3.1/thumb/v8-m.main+fp/hard/crti.o
                0x08104a80                _init
 .init          0x08104a84        0x8 /home/bea/st/stm32cubeide_1.19.0/plugins/com.st.stm32cube.ide.mcu.externaltools.gnu-tools-for-stm32.13.3.rel1.linux64_1.0.0.202410170706/tools/bin/../lib/gcc/arm-none-eabi/13.3.1/thumb/v8-m.main+fp/hard/crtn.o
 *(.fini)
 .fini          0x08104a8c        0x4 /home/bea/st/stm32cubeide_1.19.0/plugins/com.st.stm32cube.ide.mcu.externaltools.gnu-tools-for-stm32.13.3.rel1.linux64_1.0.0.202410170706/tools/bin/../lib/gcc/arm-none-eabi/13.3.1/thumb/v8-m.main+fp/hard/crti.o
                0x08104a8c                _fini
 .fini          0x08104a90        0x8 /home/bea/st/stm32cubeide_1.19.0/plugins/com.st.stm32cube.ide.mcu.externaltools.gnu-tools-for-stm32.13.3.rel1.linux64_1.0.0.202410170706/tools/bin/../lib/gcc/arm-none-eabi/13.3.1/thumb/v8-m.main+fp/hard/crtn.o
 .fini.__stub   0x08104a98        0x8 linker stubs
                0x08104aa0                        _etext = .

.vfp11_veneer   0x08104aa0        0x0
 .vfp11_veneer  0x08104aa0        0x0 linker stubs

.v4_bx          0x08104aa0        0x0
 .v4_bx         0x08104aa0        0x0 linker stubs

.iplt           0x08104aa0        0x0
 .iplt          0x08104aa0        0x0 /home/bea/st/stm32cubeide_1.19.0/plugins/com.st.stm32cube.ide.mcu.externaltools.gnu-tools-for-stm32.13.3.rel1.linux64_1.0.0.202410170706/tools/bin/../lib/gcc/arm-none-eabi/13.3.1/thumb/v8-m.main+fp/hard/crtbegin.o

.rodata         0x08104aa0      0x380
 *(.rodata)
 .rodata        0x08104aa0       0x34 /home/bea/st/x-cube-cryptolib-v4-5-0/STM32CubeExpansion_Crypto_V4.5.0/Middlewares/ST/STM32_Cryptographic/lib/libSTM32Cryptographic_CM33.a(cmox_ecc_curve_p384.c.o)
 .rodata        0x08104ad4       0x34 /home/bea/st/x-cube-cryptolib-v4-5-0/STM32CubeExpansion_Crypto_V4.5.0/Middlewares/ST/STM32_Cryptographic/lib/libSTM32Cryptographic_CM33.a(cmox_ecc_curve_p384.c.o)
 .rodata        0x08104b08       0x34 /home/bea/st/x-cube-cryptolib-v4-5-0/STM32CubeExpansion_Crypto_V4.5.0/Middlewares/ST/STM32_Cryptographic/lib/libSTM32Cryptographic_CM33.a(cmox_ecc_curve_p384.c.o)
 .rodata        0x08104b3c       0x34 /home/bea/st/x-cube-cryptolib-v4-5-0/STM32CubeExpansion_Crypto_V4.5.0/Middlewares/ST/STM32_Cryptographic/lib/libSTM32Cryptographic_CM33.a(cmox_ecc_curve_p384.c.o)
 .rodata        0x08104b70       0x34 /home/bea/st/x-cube-cryptolib-v4-5-0/STM32CubeExpansion_Crypto_V4.5.0/Middlewares/ST/STM32_Cryptographic/lib/libSTM32Cryptographic_CM33.a(cmox_ecc_curve_p384.c.o)
 .rodata        0x08104ba4       0x34 /home/bea/st/x-cube-cryptolib-v4-5-0/STM32CubeExpansion_Crypto_V4.5.0/Middlewares/ST/STM32_Cryptographic/lib/libSTM32Cryptographic_CM33.a(cmox_ecc_curve_p384.c.o)
 .rodata        0x08104bd8       0xf4 /home/bea/st/x-cube-cryptolib-v4-5-0/STM32CubeExpansion_Crypto_V4.5.0/Middlewares/ST/STM32_Cryptographic/lib/libSTM32Cryptographic_CM33.a(cmox_ecc_curve_p384.c.o)
 .rodata        0x08104ccc       0x20 /home/bea/st/x-cube-cryptolib-v4-5-0/STM32CubeExpansion_Crypto_V4.5.0/Middlewares/ST/STM32_Cryptographic/lib/libSTM32Cryptographic_CM33.a(cmox_ecc_curve_p384.c.o)
 .rodata        0x08104cec       0x2c /home/bea/st/x-cube-cryptolib-v4-5-0/STM32CubeExpansion_Crypto_V4.5.0/Middlewares/ST/STM32_Cryptographic/lib/libSTM32Cryptographic_CM33.a(cmox_ecc_curve_p384.c.o)
 .rodata        0x08104d18        0x4 /home/bea/st/x-cube-cryptolib-v4-5-0/STM32CubeExpansion_Crypto_V4.5.0/Middlewares/ST/STM32_Cryptographic/lib/libSTM32Cryptographic_CM33.a(cmox_ecc_curve_p384.c.o)
                0x08104d18                CMOX_ECC_SECP384R1_LOWMEM
 .rodata        0x08104d1c       0x20 /home/bea/st/x-cube-cryptolib-v4-5-0/STM32CubeExpansion_Crypto_V4.5.0/Middlewares/ST/STM32_Cryptographic/lib/libSTM32Cryptographic_CM33.a(cmox_ecc_point_funcs.c.o)
                0x08104d1c                Point_Funcs_SW_a3
 .rodata        0x08104d3c        0x8 /home/bea/st/x-cube-cryptolib-v4-5-0/STM32CubeExpansion_Crypto_V4.5.0/Middlewares/ST/STM32_Cryptographic/lib/libSTM32Cryptographic_CM33.a(cmox_init.c.o)
                0x08104d3c                cmox_table
 .rodata        0x08104d44        0xc /home/bea/st/x-cube-cryptolib-v4-5-0/STM32CubeExpansion_Crypto_V4.5.0/Middlewares/ST/STM32_Cryptographic/lib/libSTM32Cryptographic_CM33.a(cmox_modexp.c.o)
                0x08104d44                cmox_modexp_fn_public_midmem
 .rodata        0x08104d50        0x4 /home/bea/st/x-cube-cryptolib-v4-5-0/STM32CubeExpansion_Crypto_V4.5.0/Middlewares/ST/STM32_Cryptographic/lib/libSTM32Cryptographic_CM33.a(cmox_scalarmul.c.o)
                0x08104d50                cmox_scalarmul_fixbase_sc
 .rodata        0x08104d54        0x4 /home/bea/st/x-cube-cryptolib-v4-5-0/STM32CubeExpansion_Crypto_V4.5.0/Middlewares/ST/STM32_Cryptographic/lib/libSTM32Cryptographic_CM33.a(cmox_scalarmul.c.o)
                0x08104d54                cmox_scalarmul_dblbase_wmof
 .rodata        0x08104d58        0x8 /home/bea/st/x-cube-cryptolib-v4-5-0/STM32CubeExpansion_Crypto_V4.5.0/Middlewares/ST/STM32_Cryptographic/lib/libSTM32Cryptographic_CM33.a(cmox_scalarmul.c.o)
                0x08104d58                cmox_scalarmul_varbase_midmem
 .rodata        0x08104d60        0xc /home/bea/st/x-cube-cryptolib-v4-5-0/STM32CubeExpansion_Crypto_V4.5.0/Middlewares/ST/STM32_Cryptographic/lib/libSTM32Cryptographic_CM33.a(cmox_utils_compare.c.o)
 .rodata        0x08104d6c        0x4 /home/bea/st/x-cube-cryptolib-v4-5-0/STM32CubeExpansion_Crypto_V4.5.0/Middlewares/ST/STM32_Cryptographic/lib/libSTM32Cryptographic_CM33.a(cmox_utils_compare.c.o)
                0x08104d6c                cmox_utils_robustCmp_bt_bw_be_r
 *(.rodata*)
 .rodata.Public_Key
                0x08104d70       0x60 ./Core/Src/main.o
                0x08104d70                Public_Key
 .rodata.AHBPrescTable
                0x08104dd0       0x10 ./Core/Src/system_stm32u5xx_ns.o
                0x08104dd0                AHBPrescTable
 .rodata.MSIRangeTable
                0x08104de0       0x40 ./Core/Src/system_stm32u5xx_ns.o
                0x08104de0                MSIRangeTable

CMOX_CTA_PROTECTED_DATA
                0x08104e20      0x394
 CMOX_CTA_PROTECTED_DATA
                0x08104e20      0x394 /home/bea/st/x-cube-cryptolib-v4-5-0/STM32CubeExpansion_Crypto_V4.5.0/Middlewares/ST/STM32_Cryptographic/lib/libSTM32Cryptographic_CM33.a(cmox_ecc_curve_p384.c.o)

.ARM.extab
 *(.ARM.extab* .gnu.linkonce.armextab.*)

.ARM            0x081051b4        0x0
                0x081051b4                        __exidx_start = .
 *(.ARM.exidx*)
                0x081051b4                        __exidx_end = .

.preinit_array  0x081051b4        0x0
                0x081051b4                        PROVIDE (__preinit_array_start = .)
 *(.preinit_array*)
                0x081051b4                        PROVIDE (__preinit_array_end = .)

.init_array     0x081051b4        0x4
                0x081051b4                        PROVIDE (__init_array_start = .)
 *(SORT_BY_NAME(.init_array.*))
 *(.init_array*)
 .init_array    0x081051b4        0x4 /home/bea/st/stm32cubeide_1.19.0/plugins/com.st.stm32cube.ide.mcu.externaltools.gnu-tools-for-stm32.13.3.rel1.linux64_1.0.0.202410170706/tools/bin/../lib/gcc/arm-none-eabi/13.3.1/thumb/v8-m.main+fp/hard/crtbegin.o
                0x081051b8                        PROVIDE (__init_array_end = .)

.fini_array     0x081051b8        0x4
                [!provide]                        PROVIDE (__fini_array_start = .)
 *(SORT_BY_NAME(.fini_array.*))
 *(.fini_array*)
 .fini_array    0x081051b8        0x4 /home/bea/st/stm32cubeide_1.19.0/plugins/com.st.stm32cube.ide.mcu.externaltools.gnu-tools-for-stm32.13.3.rel1.linux64_1.0.0.202410170706/tools/bin/../lib/gcc/arm-none-eabi/13.3.1/thumb/v8-m.main+fp/hard/crtbegin.o
                [!provide]                        PROVIDE (__fini_array_end = .)
                0x081051bc                        _sidata = LOADADDR (.data)

.rel.dyn        0x081051bc        0x0
 .rel.iplt      0x081051bc        0x0 /home/bea/st/stm32cubeide_1.19.0/plugins/com.st.stm32cube.ide.mcu.externaltools.gnu-tools-for-stm32.13.3.rel1.linux64_1.0.0.202410170706/tools/bin/../lib/gcc/arm-none-eabi/13.3.1/thumb/v8-m.main+fp/hard/crtbegin.o

.data           0x20040000       0x15 load address 0x081051bc
                0x20040000                        _sdata = .
 *(.data)
 *(.data*)
 .data.msg      0x20040000        0xb ./Core/Src/main.o
                0x20040000                msg
 *fill*         0x2004000b        0x1 
 .data.SystemCoreClock
                0x2004000c        0x4 ./Core/Src/system_stm32u5xx_ns.o
                0x2004000c                SystemCoreClock
 .data.uwTickPrio
                0x20040010        0x4 ./Drivers/STM32U5xx_HAL_Driver/stm32u5xx_hal.o
                0x20040010                uwTickPrio
 .data.uwTickFreq
                0x20040014        0x1 ./Drivers/STM32U5xx_HAL_Driver/stm32u5xx_hal.o
                0x20040014                uwTickFreq
 *(.RamFunc)
 *(.RamFunc*)
                0x20040015                        _edata = .

.igot.plt       0x20040018        0x0 load address 0x081051d1
 .igot.plt      0x20040018        0x0 /home/bea/st/stm32cubeide_1.19.0/plugins/com.st.stm32cube.ide.mcu.externaltools.gnu-tools-for-stm32.13.3.rel1.linux64_1.0.0.202410170706/tools/bin/../lib/gcc/arm-none-eabi/13.3.1/thumb/v8-m.main+fp/hard/crtbegin.o

.bss            0x20040018       0xa4 load address 0x081051d1
                0x20040018                        _sbss = .
                0x20040018                        __bss_start__ = _sbss
 *(.bss)
 .bss           0x20040018       0x1c /home/bea/st/stm32cubeide_1.19.0/plugins/com.st.stm32cube.ide.mcu.externaltools.gnu-tools-for-stm32.13.3.rel1.linux64_1.0.0.202410170706/tools/bin/../lib/gcc/arm-none-eabi/13.3.1/thumb/v8-m.main+fp/hard/crtbegin.o
 .bss           0x20040034        0x1 /home/bea/st/x-cube-cryptolib-v4-5-0/STM32CubeExpansion_Crypto_V4.5.0/Middlewares/ST/STM32_Cryptographic/lib/libSTM32Cryptographic_CM33.a(cmox_init.c.o)
                0x20040034                cmox_init_ctxi
 *(.bss*)
 *fill*         0x20040035        0x3 
 .bss.signature
                0x20040038       0x60 ./Core/Src/main.o
                0x20040038                signature
 .bss.sig_len   0x20040098        0x4 ./Core/Src/main.o
                0x20040098                sig_len
 .bss.fault_check
                0x2004009c        0x4 ./Core/Src/main.o
                0x2004009c                fault_check
 .bss.Ecc_Ctx_NS
                0x200400a0       0x18 ./Core/Src/main.o
                0x200400a0                Ecc_Ctx_NS
 .bss.uwTick    0x200400b8        0x4 ./Drivers/STM32U5xx_HAL_Driver/stm32u5xx_hal.o
                0x200400b8                uwTick
 *(COMMON)
                0x200400bc                        _ebss = .
                0x200400bc                        __bss_end__ = _ebss

._user_heap_stack
                0x200400bc      0x604 load address 0x081051d1
                0x200400c0                        . = ALIGN (0x8)
 *fill*         0x200400bc        0x4 
                [!provide]                        PROVIDE (end = .)
                0x200400c0                        PROVIDE (_end = .)
                0x200402c0                        . = (. + _Min_Heap_Size)
 *fill*         0x200400c0      0x200 
                0x200406c0                        . = (. + _Min_Stack_Size)
 *fill*         0x200402c0      0x400 
                0x200406c0                        . = ALIGN (0x8)

/DISCARD/
 libc.a(*)
 libm.a(*)
 libgcc.a(*)

.ARM.attributes
                0x00000000       0x3a
 *(.ARM.attributes)
 .ARM.attributes
                0x00000000       0x26 /home/bea/st/stm32cubeide_1.19.0/plugins/com.st.stm32cube.ide.mcu.externaltools.gnu-tools-for-stm32.13.3.rel1.linux64_1.0.0.202410170706/tools/bin/../lib/gcc/arm-none-eabi/13.3.1/thumb/v8-m.main+fp/hard/crti.o
 .ARM.attributes
                0x00000026       0x38 /home/bea/st/stm32cubeide_1.19.0/plugins/com.st.stm32cube.ide.mcu.externaltools.gnu-tools-for-stm32.13.3.rel1.linux64_1.0.0.202410170706/tools/bin/../lib/gcc/arm-none-eabi/13.3.1/thumb/v8-m.main+fp/hard/crtbegin.o
 .ARM.attributes
                0x0000005e       0x3a ./Core/Src/cmox_low_level.o
 .ARM.attributes
                0x00000098       0x3a ./Core/Src/main.o
 .ARM.attributes
                0x000000d2       0x3a ./Core/Src/stm32u5xx_hal_msp.o
 .ARM.attributes
                0x0000010c       0x3a ./Core/Src/stm32u5xx_it.o
 .ARM.attributes
                0x00000146       0x3a ./Core/Src/system_stm32u5xx_ns.o
 .ARM.attributes
                0x00000180       0x24 ./Core/Startup/startup_stm32u585aiixq.o
 .ARM.attributes
                0x000001a4       0x3a ./Drivers/STM32U5xx_HAL_Driver/stm32u5xx_hal.o
 .ARM.attributes
                0x000001de       0x3a ./Drivers/STM32U5xx_HAL_Driver/stm32u5xx_hal_cortex.o
 .ARM.attributes
                0x00000218       0x3a ./Drivers/STM32U5xx_HAL_Driver/stm32u5xx_hal_gpio.o
 .ARM.attributes
                0x00000252       0x3a ./Drivers/STM32U5xx_HAL_Driver/stm32u5xx_hal_pwr_ex.o
 .ARM.attributes
                0x0000028c       0x3a ./Drivers/STM32U5xx_HAL_Driver/stm32u5xx_hal_rcc.o
 .ARM.attributes
                0x000002c6       0x4f /home/bea/st/x-cube-cryptolib-v4-5-0/STM32CubeExpansion_Crypto_V4.5.0/Middlewares/ST/STM32_Cryptographic/lib/libSTM32Cryptographic_CM33.a(cmox_ecc_curve_p384.c.o)
 .ARM.attributes
                0x00000315       0x4f /home/bea/st/x-cube-cryptolib-v4-5-0/STM32CubeExpansion_Crypto_V4.5.0/Middlewares/ST/STM32_Cryptographic/lib/libSTM32Cryptographic_CM33.a(cmox_ecc_point_funcs.c.o)
 .ARM.attributes
                0x00000364       0x4f /home/bea/st/x-cube-cryptolib-v4-5-0/STM32CubeExpansion_Crypto_V4.5.0/Middlewares/ST/STM32_Cryptographic/lib/libSTM32Cryptographic_CM33.a(cmox_ecdsa.c.o)
 .ARM.attributes
                0x000003b3       0x4f /home/bea/st/x-cube-cryptolib-v4-5-0/STM32CubeExpansion_Crypto_V4.5.0/Middlewares/ST/STM32_Cryptographic/lib/libSTM32Cryptographic_CM33.a(cmox_init.c.o)
 .ARM.attributes
                0x00000402       0x51 /home/bea/st/x-cube-cryptolib-v4-5-0/STM32CubeExpansion_Crypto_V4.5.0/Middlewares/ST/STM32_Cryptographic/lib/libSTM32Cryptographic_CM33.a(cmox_math.c.o)
 .ARM.attributes
                0x00000453       0x51 /home/bea/st/x-cube-cryptolib-v4-5-0/STM32CubeExpansion_Crypto_V4.5.0/Middlewares/ST/STM32_Cryptographic/lib/libSTM32Cryptographic_CM33.a(cmox_mathutils.c.o)
 .ARM.attributes
                0x000004a4       0x4f /home/bea/st/x-cube-cryptolib-v4-5-0/STM32CubeExpansion_Crypto_V4.5.0/Middlewares/ST/STM32_Cryptographic/lib/libSTM32Cryptographic_CM33.a(cmox_modexp.c.o)
 .ARM.attributes
                0x000004f3       0x4d /home/bea/st/x-cube-cryptolib-v4-5-0/STM32CubeExpansion_Crypto_V4.5.0/Middlewares/ST/STM32_Cryptographic/lib/libSTM32Cryptographic_CM33.a(cmox_scalarmul.c.o)
 .ARM.attributes
                0x00000540       0x4f /home/bea/st/x-cube-cryptolib-v4-5-0/STM32CubeExpansion_Crypto_V4.5.0/Middlewares/ST/STM32_Cryptographic/lib/libSTM32Cryptographic_CM33.a(cmox_utils_compare.c.o)
 .ARM.attributes
                0x0000058f       0x51 /home/bea/st/x-cube-cryptolib-v4-5-0/STM32CubeExpansion_Crypto_V4.5.0/Middlewares/ST/STM32_Cryptographic/lib/libSTM32Cryptographic_CM33.a(cmox_bn.c.o)
 .ARM.attributes
                0x000005e0       0x4f /home/bea/st/x-cube-cryptolib-v4-5-0/STM32CubeExpansion_Crypto_V4.5.0/Middlewares/ST/STM32_Cryptographic/lib/libSTM32Cryptographic_CM33.a(cmox_ecc.c.o)
 .ARM.attributes
                0x0000062f       0x51 /home/bea/st/x-cube-cryptolib-v4-5-0/STM32CubeExpansion_Crypto_V4.5.0/Middlewares/ST/STM32_Cryptographic/lib/libSTM32Cryptographic_CM33.a(cmox_membuf.c.o)
 .ARM.attributes
                0x00000680       0x38 /home/bea/st/stm32cubeide_1.19.0/plugins/com.st.stm32cube.ide.mcu.externaltools.gnu-tools-for-stm32.13.3.rel1.linux64_1.0.0.202410170706/tools/bin/../lib/gcc/arm-none-eabi/13.3.1/../../../../arm-none-eabi/lib/thumb/v8-m.main+fp/hard/libc_nano.a(libc_a-init.o)
 .ARM.attributes
                0x000006b8       0x26 /home/bea/st/stm32cubeide_1.19.0/plugins/com.st.stm32cube.ide.mcu.externaltools.gnu-tools-for-stm32.13.3.rel1.linux64_1.0.0.202410170706/tools/bin/../lib/gcc/arm-none-eabi/13.3.1/thumb/v8-m.main+fp/hard/crtn.o
OUTPUT(TrustZone_challengeResponse_NonSecure.elf elf32-littlearm)
LOAD linker stubs
LOAD /home/bea/st/stm32cubeide_1.19.0/plugins/com.st.stm32cube.ide.mcu.externaltools.gnu-tools-for-stm32.13.3.rel1.linux64_1.0.0.202410170706/tools/bin/../lib/gcc/arm-none-eabi/13.3.1/../../../../arm-none-eabi/lib/thumb/v8-m.main+fp/hard/libc.a
LOAD /home/bea/st/stm32cubeide_1.19.0/plugins/com.st.stm32cube.ide.mcu.externaltools.gnu-tools-for-stm32.13.3.rel1.linux64_1.0.0.202410170706/tools/bin/../lib/gcc/arm-none-eabi/13.3.1/../../../../arm-none-eabi/lib/thumb/v8-m.main+fp/hard/libm.a
LOAD /home/bea/st/stm32cubeide_1.19.0/plugins/com.st.stm32cube.ide.mcu.externaltools.gnu-tools-for-stm32.13.3.rel1.linux64_1.0.0.202410170706/tools/bin/../lib/gcc/arm-none-eabi/13.3.1/thumb/v8-m.main+fp/hard/libgcc.a

.debug_info     0x00000000     0x6126
 .debug_info    0x00000000      0x455 ./Core/Src/cmox_low_level.o
 .debug_info    0x00000455      0x525 ./Core/Src/main.o
 .debug_info    0x0000097a      0x415 ./Core/Src/stm32u5xx_hal_msp.o
 .debug_info    0x00000d8f       0xe8 ./Core/Src/stm32u5xx_it.o
 .debug_info    0x00000e77      0x196 ./Core/Src/system_stm32u5xx_ns.o
 .debug_info    0x0000100d       0x30 ./Core/Startup/startup_stm32u585aiixq.o
 .debug_info    0x0000103d     0x120a ./Drivers/STM32U5xx_HAL_Driver/stm32u5xx_hal.o
 .debug_info    0x00002247     0x1658 ./Drivers/STM32U5xx_HAL_Driver/stm32u5xx_hal_cortex.o
 .debug_info    0x0000389f      0x859 ./Drivers/STM32U5xx_HAL_Driver/stm32u5xx_hal_gpio.o
 .debug_info    0x000040f8      0xe3e ./Drivers/STM32U5xx_HAL_Driver/stm32u5xx_hal_pwr_ex.o
 .debug_info    0x00004f36     0x11f0 ./Drivers/STM32U5xx_HAL_Driver/stm32u5xx_hal_rcc.o

.debug_abbrev   0x00000000     0x126a
 .debug_abbrev  0x00000000      0x116 ./Core/Src/cmox_low_level.o
 .debug_abbrev  0x00000116      0x21d ./Core/Src/main.o
 .debug_abbrev  0x00000333       0xf1 ./Core/Src/stm32u5xx_hal_msp.o
 .debug_abbrev  0x00000424       0x73 ./Core/Src/stm32u5xx_it.o
 .debug_abbrev  0x00000497       0xbf ./Core/Src/system_stm32u5xx_ns.o
 .debug_abbrev  0x00000556       0x24 ./Core/Startup/startup_stm32u585aiixq.o
 .debug_abbrev  0x0000057a      0x2a5 ./Drivers/STM32U5xx_HAL_Driver/stm32u5xx_hal.o
 .debug_abbrev  0x0000081f      0x311 ./Drivers/STM32U5xx_HAL_Driver/stm32u5xx_hal_cortex.o
 .debug_abbrev  0x00000b30      0x25a ./Drivers/STM32U5xx_HAL_Driver/stm32u5xx_hal_gpio.o
 .debug_abbrev  0x00000d8a      0x215 ./Drivers/STM32U5xx_HAL_Driver/stm32u5xx_hal_pwr_ex.o
 .debug_abbrev  0x00000f9f      0x2cb ./Drivers/STM32U5xx_HAL_Driver/stm32u5xx_hal_rcc.o

.debug_aranges  0x00000000      0x6b0
 .debug_aranges
                0x00000000       0x28 ./Core/Src/cmox_low_level.o
 .debug_aranges
                0x00000028       0x30 ./Core/Src/main.o
 .debug_aranges
                0x00000058       0x20 ./Core/Src/stm32u5xx_hal_msp.o
 .debug_aranges
                0x00000078       0x40 ./Core/Src/stm32u5xx_it.o
 .debug_aranges
                0x000000b8       0x28 ./Core/Src/system_stm32u5xx_ns.o
 .debug_aranges
                0x000000e0       0x28 ./Core/Startup/startup_stm32u585aiixq.o
 .debug_aranges
                0x00000108      0x148 ./Drivers/STM32U5xx_HAL_Driver/stm32u5xx_hal.o
 .debug_aranges
                0x00000250      0x140 ./Drivers/STM32U5xx_HAL_Driver/stm32u5xx_hal_cortex.o
 .debug_aranges
                0x00000390       0x78 ./Drivers/STM32U5xx_HAL_Driver/stm32u5xx_hal_gpio.o
 .debug_aranges
                0x00000408      0x200 ./Drivers/STM32U5xx_HAL_Driver/stm32u5xx_hal_pwr_ex.o
 .debug_aranges
                0x00000608       0xa8 ./Drivers/STM32U5xx_HAL_Driver/stm32u5xx_hal_rcc.o

.debug_rnglists
                0x00000000      0x4e7
 .debug_rnglists
                0x00000000       0x19 ./Core/Src/cmox_low_level.o
 .debug_rnglists
                0x00000019       0x20 ./Core/Src/main.o
 .debug_rnglists
                0x00000039       0x13 ./Core/Src/stm32u5xx_hal_msp.o
 .debug_rnglists
                0x0000004c       0x2b ./Core/Src/stm32u5xx_it.o
 .debug_rnglists
                0x00000077       0x19 ./Core/Src/system_stm32u5xx_ns.o
 .debug_rnglists
                0x00000090       0x19 ./Core/Startup/startup_stm32u585aiixq.o
 .debug_rnglists
                0x000000a9       0xf3 ./Drivers/STM32U5xx_HAL_Driver/stm32u5xx_hal.o
 .debug_rnglists
                0x0000019c       0xec ./Drivers/STM32U5xx_HAL_Driver/stm32u5xx_hal_cortex.o
 .debug_rnglists
                0x00000288       0x5a ./Drivers/STM32U5xx_HAL_Driver/stm32u5xx_hal_gpio.o
 .debug_rnglists
                0x000002e2      0x186 ./Drivers/STM32U5xx_HAL_Driver/stm32u5xx_hal_pwr_ex.o
 .debug_rnglists
                0x00000468       0x7f ./Drivers/STM32U5xx_HAL_Driver/stm32u5xx_hal_rcc.o

.debug_macro    0x00000000    0x31f8a
 .debug_macro   0x00000000      0x29c ./Core/Src/cmox_low_level.o
 .debug_macro   0x0000029c      0xade ./Core/Src/cmox_low_level.o
 .debug_macro   0x00000d7a       0x22 ./Core/Src/cmox_low_level.o
 .debug_macro   0x00000d9c       0x8e ./Core/Src/cmox_low_level.o
 .debug_macro   0x00000e2a       0x51 ./Core/Src/cmox_low_level.o
 .debug_macro   0x00000e7b      0x103 ./Core/Src/cmox_low_level.o
 .debug_macro   0x00000f7e       0x6a ./Core/Src/cmox_low_level.o
 .debug_macro   0x00000fe8      0x1df ./Core/Src/cmox_low_level.o
 .debug_macro   0x000011c7       0x2a ./Core/Src/cmox_low_level.o
 .debug_macro   0x000011f1       0x61 ./Core/Src/cmox_low_level.o
 .debug_macro   0x00001252       0x43 ./Core/Src/cmox_low_level.o
 .debug_macro   0x00001295       0x34 ./Core/Src/cmox_low_level.o
 .debug_macro   0x000012c9       0x16 ./Core/Src/cmox_low_level.o
 .debug_macro   0x000012df      0x11c ./Core/Src/cmox_low_level.o
 .debug_macro   0x000013fb       0x9b ./Core/Src/cmox_low_level.o
 .debug_macro   0x00001496      0x370 ./Core/Src/cmox_low_level.o
 .debug_macro   0x00001806       0x16 ./Core/Src/cmox_low_level.o
 .debug_macro   0x0000181c       0x4a ./Core/Src/cmox_low_level.o
 .debug_macro   0x00001866       0x34 ./Core/Src/cmox_low_level.o
 .debug_macro   0x0000189a       0x10 ./Core/Src/cmox_low_level.o
 .debug_macro   0x000018aa       0x58 ./Core/Src/cmox_low_level.o
 .debug_macro   0x00001902       0x8e ./Core/Src/cmox_low_level.o
 .debug_macro   0x00001990       0x1c ./Core/Src/cmox_low_level.o
 .debug_macro   0x000019ac      0x185 ./Core/Src/cmox_low_level.o
 .debug_macro   0x00001b31       0x16 ./Core/Src/cmox_low_level.o
 .debug_macro   0x00001b47       0x29 ./Core/Src/cmox_low_level.o
 .debug_macro   0x00001b70       0x94 ./Core/Src/cmox_low_level.o
 .debug_macro   0x00001c04      0x1f5 ./Core/Src/cmox_low_level.o
 .debug_macro   0x00001df9       0x2e ./Core/Src/cmox_low_level.o
 .debug_macro   0x00001e27       0x42 ./Core/Src/cmox_low_level.o
 .debug_macro   0x00001e69       0x1c ./Core/Src/cmox_low_level.o
 .debug_macro   0x00001e85       0x29 ./Core/Src/cmox_low_level.o
 .debug_macro   0x00001eae       0xfb ./Core/Src/cmox_low_level.o
 .debug_macro   0x00001fa9     0x1685 ./Core/Src/cmox_low_level.o
 .debug_macro   0x0000362e       0x5e ./Core/Src/cmox_low_level.o
 .debug_macro   0x0000368c    0x23d05 ./Core/Src/cmox_low_level.o
 .debug_macro   0x00027391       0x6d ./Core/Src/cmox_low_level.o
 .debug_macro   0x000273fe     0x393e ./Core/Src/cmox_low_level.o
 .debug_macro   0x0002ad3c      0x19b ./Core/Src/cmox_low_level.o
 .debug_macro   0x0002aed7       0x5d ./Core/Src/cmox_low_level.o
 .debug_macro   0x0002af34     0x1bfd ./Core/Src/cmox_low_level.o
 .debug_macro   0x0002cb31      0x7ff ./Core/Src/cmox_low_level.o
 .debug_macro   0x0002d330      0x166 ./Core/Src/cmox_low_level.o
 .debug_macro   0x0002d496      0x2aa ./Core/Src/cmox_low_level.o
 .debug_macro   0x0002d740      0x420 ./Core/Src/cmox_low_level.o
 .debug_macro   0x0002db60      0x5a5 ./Core/Src/cmox_low_level.o
 .debug_macro   0x0002e105      0x439 ./Core/Src/cmox_low_level.o
 .debug_macro   0x0002e53e       0xd6 ./Core/Src/cmox_low_level.o
 .debug_macro   0x0002e614      0x1cd ./Core/Src/cmox_low_level.o
 .debug_macro   0x0002e7e1      0x432 ./Core/Src/cmox_low_level.o
 .debug_macro   0x0002ec13       0x95 ./Core/Src/cmox_low_level.o
 .debug_macro   0x0002eca8      0x11c ./Core/Src/cmox_low_level.o
 .debug_macro   0x0002edc4      0x525 ./Core/Src/cmox_low_level.o
 .debug_macro   0x0002f2e9      0x4bf ./Core/Src/cmox_low_level.o
 .debug_macro   0x0002f7a8      0x1c0 ./Core/Src/cmox_low_level.o
 .debug_macro   0x0002f968      0x361 ./Core/Src/cmox_low_level.o
 .debug_macro   0x0002fcc9      0x4e5 ./Core/Src/main.o
 .debug_macro   0x000301ae      0x190 ./Core/Src/main.o
 .debug_macro   0x0003033e       0x1c ./Core/Src/main.o
 .debug_macro   0x0003035a       0x28 ./Core/Src/main.o
 .debug_macro   0x00030382       0x10 ./Core/Src/main.o
 .debug_macro   0x00030392       0x10 ./Core/Src/main.o
 .debug_macro   0x000303a2       0x10 ./Core/Src/main.o
 .debug_macro   0x000303b2       0x1c ./Core/Src/main.o
 .debug_macro   0x000303ce       0x10 ./Core/Src/main.o
 .debug_macro   0x000303de       0x1c ./Core/Src/main.o
 .debug_macro   0x000303fa       0x10 ./Core/Src/main.o
 .debug_macro   0x0003040a       0x3a ./Core/Src/main.o
 .debug_macro   0x00030444       0x16 ./Core/Src/main.o
 .debug_macro   0x0003045a       0x28 ./Core/Src/main.o
 .debug_macro   0x00030482       0xf6 ./Core/Src/main.o
 .debug_macro   0x00030578      0x110 ./Core/Src/main.o
 .debug_macro   0x00030688       0x10 ./Core/Src/main.o
 .debug_macro   0x00030698       0x2e ./Core/Src/main.o
 .debug_macro   0x000306c6       0x3c ./Core/Src/main.o
 .debug_macro   0x00030702       0x52 ./Core/Src/main.o
 .debug_macro   0x00030754       0x16 ./Core/Src/main.o
 .debug_macro   0x0003076a       0x4c ./Core/Src/main.o
 .debug_macro   0x000307b6      0x2b0 ./Core/Src/main.o
 .debug_macro   0x00030a66       0x4c ./Core/Src/main.o
 .debug_macro   0x00030ab2       0x9a ./Core/Src/main.o
 .debug_macro   0x00030b4c      0x268 ./Core/Src/stm32u5xx_hal_msp.o
 .debug_macro   0x00030db4      0x272 ./Core/Src/stm32u5xx_it.o
 .debug_macro   0x00031026      0x24f ./Core/Src/system_stm32u5xx_ns.o
 .debug_macro   0x00031275      0x273 ./Drivers/STM32U5xx_HAL_Driver/stm32u5xx_hal.o
 .debug_macro   0x000314e8      0x24f ./Drivers/STM32U5xx_HAL_Driver/stm32u5xx_hal_cortex.o
 .debug_macro   0x00031737      0x284 ./Drivers/STM32U5xx_HAL_Driver/stm32u5xx_hal_gpio.o
 .debug_macro   0x000319bb      0x27a ./Drivers/STM32U5xx_HAL_Driver/stm32u5xx_hal_pwr_ex.o
 .debug_macro   0x00031c35      0x355 ./Drivers/STM32U5xx_HAL_Driver/stm32u5xx_hal_rcc.o

.debug_line     0x00000000     0x7f70
 .debug_line    0x00000000      0x84d ./Core/Src/cmox_low_level.o
 .debug_line    0x0000084d      0xf91 ./Core/Src/main.o
 .debug_line    0x000017de      0x7ac ./Core/Src/stm32u5xx_hal_msp.o
 .debug_line    0x00001f8a      0x809 ./Core/Src/stm32u5xx_it.o
 .debug_line    0x00002793      0x79a ./Core/Src/system_stm32u5xx_ns.o
 .debug_line    0x00002f2d       0x79 ./Core/Startup/startup_stm32u585aiixq.o
 .debug_line    0x00002fa6      0xc75 ./Drivers/STM32U5xx_HAL_Driver/stm32u5xx_hal.o
 .debug_line    0x00003c1b      0xe1f ./Drivers/STM32U5xx_HAL_Driver/stm32u5xx_hal_cortex.o
 .debug_line    0x00004a3a      0xd7e ./Drivers/STM32U5xx_HAL_Driver/stm32u5xx_hal_gpio.o
 .debug_line    0x000057b8     0x115c ./Drivers/STM32U5xx_HAL_Driver/stm32u5xx_hal_pwr_ex.o
 .debug_line    0x00006914     0x165c ./Drivers/STM32U5xx_HAL_Driver/stm32u5xx_hal_rcc.o

.debug_str      0x00000000   0x137e3a
 .debug_str     0x00000000   0x137e3a ./Core/Src/cmox_low_level.o
                             0x132324 (size before relaxing)
 .debug_str     0x00137e3a   0x13502f ./Core/Src/main.o
 .debug_str     0x00137e3a   0x131da2 ./Core/Src/stm32u5xx_hal_msp.o
 .debug_str     0x00137e3a   0x131b98 ./Core/Src/stm32u5xx_it.o
 .debug_str     0x00137e3a   0x131b3d ./Core/Src/system_stm32u5xx_ns.o
 .debug_str     0x00137e3a       0x9c ./Core/Startup/startup_stm32u585aiixq.o
 .debug_str     0x00137e3a   0x132d96 ./Drivers/STM32U5xx_HAL_Driver/stm32u5xx_hal.o
 .debug_str     0x00137e3a   0x132b65 ./Drivers/STM32U5xx_HAL_Driver/stm32u5xx_hal_cortex.o
 .debug_str     0x00137e3a   0x131f0f ./Drivers/STM32U5xx_HAL_Driver/stm32u5xx_hal_gpio.o
 .debug_str     0x00137e3a   0x13262a ./Drivers/STM32U5xx_HAL_Driver/stm32u5xx_hal_pwr_ex.o
 .debug_str     0x00137e3a   0x1335df ./Drivers/STM32U5xx_HAL_Driver/stm32u5xx_hal_rcc.o

.comment        0x00000000       0x43
 .comment       0x00000000       0x43 ./Core/Src/cmox_low_level.o
                                 0x44 (size before relaxing)
 .comment       0x00000043       0x44 ./Core/Src/main.o
 .comment       0x00000043       0x44 ./Core/Src/stm32u5xx_hal_msp.o
 .comment       0x00000043       0x44 ./Core/Src/stm32u5xx_it.o
 .comment       0x00000043       0x44 ./Core/Src/system_stm32u5xx_ns.o
 .comment       0x00000043       0x44 ./Drivers/STM32U5xx_HAL_Driver/stm32u5xx_hal.o
 .comment       0x00000043       0x44 ./Drivers/STM32U5xx_HAL_Driver/stm32u5xx_hal_cortex.o
 .comment       0x00000043       0x44 ./Drivers/STM32U5xx_HAL_Driver/stm32u5xx_hal_gpio.o
 .comment       0x00000043       0x44 ./Drivers/STM32U5xx_HAL_Driver/stm32u5xx_hal_pwr_ex.o
 .comment       0x00000043       0x44 ./Drivers/STM32U5xx_HAL_Driver/stm32u5xx_hal_rcc.o

.iar_vfe_header
                0x00000000       0x30
 .iar_vfe_header
                0x00000000        0x4 /home/bea/st/x-cube-cryptolib-v4-5-0/STM32CubeExpansion_Crypto_V4.5.0/Middlewares/ST/STM32_Cryptographic/lib/libSTM32Cryptographic_CM33.a(cmox_ecc_curve_p384.c.o)
 .iar_vfe_header
                0x00000004        0x4 /home/bea/st/x-cube-cryptolib-v4-5-0/STM32CubeExpansion_Crypto_V4.5.0/Middlewares/ST/STM32_Cryptographic/lib/libSTM32Cryptographic_CM33.a(cmox_ecc_point_funcs.c.o)
 .iar_vfe_header
                0x00000008        0x4 /home/bea/st/x-cube-cryptolib-v4-5-0/STM32CubeExpansion_Crypto_V4.5.0/Middlewares/ST/STM32_Cryptographic/lib/libSTM32Cryptographic_CM33.a(cmox_ecdsa.c.o)
 .iar_vfe_header
                0x0000000c        0x4 /home/bea/st/x-cube-cryptolib-v4-5-0/STM32CubeExpansion_Crypto_V4.5.0/Middlewares/ST/STM32_Cryptographic/lib/libSTM32Cryptographic_CM33.a(cmox_init.c.o)
 .iar_vfe_header
                0x00000010        0x4 /home/bea/st/x-cube-cryptolib-v4-5-0/STM32CubeExpansion_Crypto_V4.5.0/Middlewares/ST/STM32_Cryptographic/lib/libSTM32Cryptographic_CM33.a(cmox_math.c.o)
 .iar_vfe_header
                0x00000014        0x4 /home/bea/st/x-cube-cryptolib-v4-5-0/STM32CubeExpansion_Crypto_V4.5.0/Middlewares/ST/STM32_Cryptographic/lib/libSTM32Cryptographic_CM33.a(cmox_mathutils.c.o)
 .iar_vfe_header
                0x00000018        0x4 /home/bea/st/x-cube-cryptolib-v4-5-0/STM32CubeExpansion_Crypto_V4.5.0/Middlewares/ST/STM32_Cryptographic/lib/libSTM32Cryptographic_CM33.a(cmox_modexp.c.o)
 .iar_vfe_header
                0x0000001c        0x4 /home/bea/st/x-cube-cryptolib-v4-5-0/STM32CubeExpansion_Crypto_V4.5.0/Middlewares/ST/STM32_Cryptographic/lib/libSTM32Cryptographic_CM33.a(cmox_scalarmul.c.o)
 .iar_vfe_header
                0x00000020        0x4 /home/bea/st/x-cube-cryptolib-v4-5-0/STM32CubeExpansion_Crypto_V4.5.0/Middlewares/ST/STM32_Cryptographic/lib/libSTM32Cryptographic_CM33.a(cmox_utils_compare.c.o)
 .iar_vfe_header
                0x00000024        0x4 /home/bea/st/x-cube-cryptolib-v4-5-0/STM32CubeExpansion_Crypto_V4.5.0/Middlewares/ST/STM32_Cryptographic/lib/libSTM32Cryptographic_CM33.a(cmox_bn.c.o)
 .iar_vfe_header
                0x00000028        0x4 /home/bea/st/x-cube-cryptolib-v4-5-0/STM32CubeExpansion_Crypto_V4.5.0/Middlewares/ST/STM32_Cryptographic/lib/libSTM32Cryptographic_CM33.a(cmox_ecc.c.o)
 .iar_vfe_header
                0x0000002c        0x4 /home/bea/st/x-cube-cryptolib-v4-5-0/STM32CubeExpansion_Crypto_V4.5.0/Middlewares/ST/STM32_Cryptographic/lib/libSTM32Cryptographic_CM33.a(cmox_membuf.c.o)

.debug_frame    0x00000000     0x1930
 .debug_frame   0x00000000       0x60 ./Core/Src/cmox_low_level.o
 .debug_frame   0x00000060       0x68 ./Core/Src/main.o
 .debug_frame   0x000000c8       0x34 ./Core/Src/stm32u5xx_hal_msp.o
 .debug_frame   0x000000fc       0x9c ./Core/Src/stm32u5xx_it.o
 .debug_frame   0x00000198       0x4c ./Core/Src/system_stm32u5xx_ns.o
 .debug_frame   0x000001e4      0x500 ./Drivers/STM32U5xx_HAL_Driver/stm32u5xx_hal.o
 .debug_frame   0x000006e4      0x560 ./Drivers/STM32U5xx_HAL_Driver/stm32u5xx_hal_cortex.o
 .debug_frame   0x00000c44      0x1ec ./Drivers/STM32U5xx_HAL_Driver/stm32u5xx_hal_gpio.o
 .debug_frame   0x00000e30      0x84c ./Drivers/STM32U5xx_HAL_Driver/stm32u5xx_hal_pwr_ex.o
 .debug_frame   0x0000167c      0x288 ./Drivers/STM32U5xx_HAL_Driver/stm32u5xx_hal_rcc.o
 .debug_frame   0x00001904       0x2c /home/bea/st/stm32cubeide_1.19.0/plugins/com.st.stm32cube.ide.mcu.externaltools.gnu-tools-for-stm32.13.3.rel1.linux64_1.0.0.202410170706/tools/bin/../lib/gcc/arm-none-eabi/13.3.1/../../../../arm-none-eabi/lib/thumb/v8-m.main+fp/hard/libc_nano.a(libc_a-init.o)

.debug_line_str
                0x00000000       0x80
 .debug_line_str
                0x00000000       0x80 ./Core/Startup/startup_stm32u585aiixq.o
