../../Drivers/STM32U5xx_HAL_Driver/Inc/stm32u5xx_ll_dma.h:1520:22:LL_DMA_ResetChannel	24	static
../../Drivers/STM32U5xx_HAL_Driver/Inc/stm32u5xx_ll_dma.h:1550:22:LL_DMA_SuspendChannel	24	static
../../Drivers/STM32U5xx_HAL_Driver/Inc/stm32u5xx_ll_dma.h:1643:22:LL_DMA_SetLinkedListBaseAddr	32	static
../../Drivers/STM32U5xx_HAL_Driver/Inc/stm32u5xx_ll_dma.h:1714:22:LL_DMA_ConfigControl	32	static
../../Drivers/STM32U5xx_HAL_Driver/Inc/stm32u5xx_ll_dma.h:1968:22:LL_DMA_ConfigTransfer	32	static
../../Drivers/STM32U5xx_HAL_Driver/Inc/stm32u5xx_ll_dma.h:2003:22:LL_DMA_ConfigBurstLength	32	static
../../Drivers/STM32U5xx_HAL_Driver/Inc/stm32u5xx_ll_dma.h:3068:22:LL_DMA_ConfigChannelTransfer	32	static
../../Drivers/STM32U5xx_HAL_Driver/Inc/stm32u5xx_ll_dma.h:3105:22:LL_DMA_SetTransferEventMode	32	static
../../Drivers/STM32U5xx_HAL_Driver/Inc/stm32u5xx_ll_dma.h:3245:22:LL_DMA_SetTriggerMode	32	static
../../Drivers/STM32U5xx_HAL_Driver/Inc/stm32u5xx_ll_dma.h:3597:22:LL_DMA_SetPeriphRequest	32	static
../../Drivers/STM32U5xx_HAL_Driver/Inc/stm32u5xx_ll_dma.h:3905:22:LL_DMA_SetHWTrigger	32	static
../../Drivers/STM32U5xx_HAL_Driver/Inc/stm32u5xx_ll_dma.h:4062:22:LL_DMA_ConfigBlkRptAddrUpdate	32	static
../../Drivers/STM32U5xx_HAL_Driver/Inc/stm32u5xx_ll_dma.h:4286:22:LL_DMA_SetBlkRptCount	32	static
../../Drivers/STM32U5xx_HAL_Driver/Inc/stm32u5xx_ll_dma.h:4338:22:LL_DMA_SetBlkDataLength	32	static
../../Drivers/STM32U5xx_HAL_Driver/Inc/stm32u5xx_ll_dma.h:4405:22:LL_DMA_ConfigAddresses	32	static
../../Drivers/STM32U5xx_HAL_Driver/Inc/stm32u5xx_ll_dma.h:4551:22:LL_DMA_ConfigAddrUpdateValue	32	static
../../Drivers/STM32U5xx_HAL_Driver/Inc/stm32u5xx_ll_dma.h:4655:22:LL_DMA_ConfigBlkRptAddrUpdateValue	32	static
../../Drivers/STM32U5xx_HAL_Driver/Inc/stm32u5xx_ll_dma.h:5501:22:LL_DMA_SetLinkedListAddrOffset	32	static
../../Drivers/STM32U5xx_HAL_Driver/Inc/stm32u5xx_ll_dma.h:5626:22:LL_DMA_DisableChannelSecure	16	static
../../Drivers/STM32U5xx_HAL_Driver/Inc/stm32u5xx_ll_dma.h:5715:22:LL_DMA_DisableChannelPrivilege	16	static
../../Drivers/STM32U5xx_HAL_Driver/Inc/stm32u5xx_ll_bus.h:570:22:LL_AHB1_GRP1_ForceReset	16	static
../../Drivers/STM32U5xx_HAL_Driver/Inc/stm32u5xx_ll_bus.h:607:22:LL_AHB1_GRP1_ReleaseReset	16	static
../../Drivers/STM32U5xx_HAL_Driver/Inc/stm32u5xx_ll_bus.h:1459:22:LL_AHB3_GRP1_ForceReset	16	static
../../Drivers/STM32U5xx_HAL_Driver/Inc/stm32u5xx_ll_bus.h:1484:22:LL_AHB3_GRP1_ReleaseReset	16	static
/home/bea/STM32CubeIDE/workspace_TrustZone/TrustZone_challengeResponse/Drivers/STM32U5xx_HAL_Driver/Src/stm32u5xx_ll_dma.c:280:10:LL_DMA_DeInit	24	static
/home/bea/STM32CubeIDE/workspace_TrustZone/TrustZone_challengeResponse/Drivers/STM32U5xx_HAL_Driver/Src/stm32u5xx_ll_dma.c:399:10:LL_DMA_Init	24	static
/home/bea/STM32CubeIDE/workspace_TrustZone/TrustZone_challengeResponse/Drivers/STM32U5xx_HAL_Driver/Src/stm32u5xx_ll_dma.c:620:6:LL_DMA_StructInit	16	static
/home/bea/STM32CubeIDE/workspace_TrustZone/TrustZone_challengeResponse/Drivers/STM32U5xx_HAL_Driver/Src/stm32u5xx_ll_dma.c:667:6:LL_DMA_ListStructInit	16	static
/home/bea/STM32CubeIDE/workspace_TrustZone/TrustZone_challengeResponse/Drivers/STM32U5xx_HAL_Driver/Src/stm32u5xx_ll_dma.c:705:10:LL_DMA_List_DeInit	16	static
/home/bea/STM32CubeIDE/workspace_TrustZone/TrustZone_challengeResponse/Drivers/STM32U5xx_HAL_Driver/Src/stm32u5xx_ll_dma.c:742:10:LL_DMA_List_Init	24	static
/home/bea/STM32CubeIDE/workspace_TrustZone/TrustZone_challengeResponse/Drivers/STM32U5xx_HAL_Driver/Src/stm32u5xx_ll_dma.c:783:6:LL_DMA_NodeStructInit	16	static
/home/bea/STM32CubeIDE/workspace_TrustZone/TrustZone_challengeResponse/Drivers/STM32U5xx_HAL_Driver/Src/stm32u5xx_ll_dma.c:840:10:LL_DMA_CreateLinkNode	24	static
/home/bea/STM32CubeIDE/workspace_TrustZone/TrustZone_challengeResponse/Drivers/STM32U5xx_HAL_Driver/Src/stm32u5xx_ll_dma.c:1154:6:LL_DMA_ConnectLinkNode	24	static
/home/bea/STM32CubeIDE/workspace_TrustZone/TrustZone_challengeResponse/Drivers/STM32U5xx_HAL_Driver/Src/stm32u5xx_ll_dma.c:1169:6:LL_DMA_DisconnectNextLinkNode	16	static
