/home/bea/STM32CubeIDE/workspace_TrustZone/TrustZone_challengeResponse/Drivers/STM32U5xx_HAL_Driver/Src/stm32u5xx_hal_spi.c:239:19:HAL_SPI_Init	24	static
/home/bea/STM32CubeIDE/workspace_TrustZone/TrustZone_challengeResponse/Drivers/STM32U5xx_HAL_Driver/Src/stm32u5xx_hal_spi.c:503:19:HAL_SPI_DeInit	16	static
/home/bea/STM32CubeIDE/workspace_TrustZone/TrustZone_challengeResponse/Drivers/STM32U5xx_HAL_Driver/Src/stm32u5xx_hal_spi.c:547:13:HAL_SPI_MspInit	16	static
/home/bea/STM32CubeIDE/workspace_TrustZone/TrustZone_challengeResponse/Drivers/STM32U5xx_HAL_Driver/Src/stm32u5xx_hal_spi.c:563:13:HAL_SPI_MspDeInit	16	static
/home/bea/STM32CubeIDE/workspace_TrustZone/TrustZone_challengeResponse/Drivers/STM32U5xx_HAL_Driver/Src/stm32u5xx_hal_spi.c:838:19:HAL_SPI_Transmit	40	static
/home/bea/STM32CubeIDE/workspace_TrustZone/TrustZone_challengeResponse/Drivers/STM32U5xx_HAL_Driver/Src/stm32u5xx_hal_spi.c:1072:19:HAL_SPI_Receive	40	static
/home/bea/STM32CubeIDE/workspace_TrustZone/TrustZone_challengeResponse/Drivers/STM32U5xx_HAL_Driver/Src/stm32u5xx_hal_spi.c:1379:19:HAL_SPI_TransmitReceive	64	static
/home/bea/STM32CubeIDE/workspace_TrustZone/TrustZone_challengeResponse/Drivers/STM32U5xx_HAL_Driver/Src/stm32u5xx_hal_spi.c:1716:19:HAL_SPI_Transmit_IT	24	static
/home/bea/STM32CubeIDE/workspace_TrustZone/TrustZone_challengeResponse/Drivers/STM32U5xx_HAL_Driver/Src/stm32u5xx_hal_spi.c:1810:19:HAL_SPI_Receive_IT	24	static
/home/bea/STM32CubeIDE/workspace_TrustZone/TrustZone_challengeResponse/Drivers/STM32U5xx_HAL_Driver/Src/stm32u5xx_hal_spi.c:1909:19:HAL_SPI_TransmitReceive_IT	32	static
/home/bea/STM32CubeIDE/workspace_TrustZone/TrustZone_challengeResponse/Drivers/STM32U5xx_HAL_Driver/Src/stm32u5xx_hal_spi.c:2039:19:HAL_SPI_Transmit_DMA	32	static
/home/bea/STM32CubeIDE/workspace_TrustZone/TrustZone_challengeResponse/Drivers/STM32U5xx_HAL_Driver/Src/stm32u5xx_hal_spi.c:2235:19:HAL_SPI_Receive_DMA	32	static
/home/bea/STM32CubeIDE/workspace_TrustZone/TrustZone_challengeResponse/Drivers/STM32U5xx_HAL_Driver/Src/stm32u5xx_hal_spi.c:2433:19:HAL_SPI_TransmitReceive_DMA	32	static
/home/bea/STM32CubeIDE/workspace_TrustZone/TrustZone_challengeResponse/Drivers/STM32U5xx_HAL_Driver/Src/stm32u5xx_hal_spi.c:2708:19:HAL_SPI_Abort	24	static
/home/bea/STM32CubeIDE/workspace_TrustZone/TrustZone_challengeResponse/Drivers/STM32U5xx_HAL_Driver/Src/stm32u5xx_hal_spi.c:2841:19:HAL_SPI_Abort_IT	32	static
/home/bea/STM32CubeIDE/workspace_TrustZone/TrustZone_challengeResponse/Drivers/STM32U5xx_HAL_Driver/Src/stm32u5xx_hal_spi.c:2996:19:HAL_SPI_DMAPause	16	static
/home/bea/STM32CubeIDE/workspace_TrustZone/TrustZone_challengeResponse/Drivers/STM32U5xx_HAL_Driver/Src/stm32u5xx_hal_spi.c:3011:19:HAL_SPI_DMAResume	16	static
/home/bea/STM32CubeIDE/workspace_TrustZone/TrustZone_challengeResponse/Drivers/STM32U5xx_HAL_Driver/Src/stm32u5xx_hal_spi.c:3026:19:HAL_SPI_DMAStop	16	static
/home/bea/STM32CubeIDE/workspace_TrustZone/TrustZone_challengeResponse/Drivers/STM32U5xx_HAL_Driver/Src/stm32u5xx_hal_spi.c:3040:6:HAL_SPI_IRQHandler	48	static
/home/bea/STM32CubeIDE/workspace_TrustZone/TrustZone_challengeResponse/Drivers/STM32U5xx_HAL_Driver/Src/stm32u5xx_hal_spi.c:3285:13:HAL_SPI_TxCpltCallback	16	static
/home/bea/STM32CubeIDE/workspace_TrustZone/TrustZone_challengeResponse/Drivers/STM32U5xx_HAL_Driver/Src/stm32u5xx_hal_spi.c:3301:13:HAL_SPI_RxCpltCallback	16	static
/home/bea/STM32CubeIDE/workspace_TrustZone/TrustZone_challengeResponse/Drivers/STM32U5xx_HAL_Driver/Src/stm32u5xx_hal_spi.c:3317:13:HAL_SPI_TxRxCpltCallback	16	static
/home/bea/STM32CubeIDE/workspace_TrustZone/TrustZone_challengeResponse/Drivers/STM32U5xx_HAL_Driver/Src/stm32u5xx_hal_spi.c:3333:13:HAL_SPI_TxHalfCpltCallback	16	static
/home/bea/STM32CubeIDE/workspace_TrustZone/TrustZone_challengeResponse/Drivers/STM32U5xx_HAL_Driver/Src/stm32u5xx_hal_spi.c:3349:13:HAL_SPI_RxHalfCpltCallback	16	static
/home/bea/STM32CubeIDE/workspace_TrustZone/TrustZone_challengeResponse/Drivers/STM32U5xx_HAL_Driver/Src/stm32u5xx_hal_spi.c:3365:13:HAL_SPI_TxRxHalfCpltCallback	16	static
/home/bea/STM32CubeIDE/workspace_TrustZone/TrustZone_challengeResponse/Drivers/STM32U5xx_HAL_Driver/Src/stm32u5xx_hal_spi.c:3381:13:HAL_SPI_ErrorCallback	16	static
/home/bea/STM32CubeIDE/workspace_TrustZone/TrustZone_challengeResponse/Drivers/STM32U5xx_HAL_Driver/Src/stm32u5xx_hal_spi.c:3399:13:HAL_SPI_AbortCpltCallback	16	static
/home/bea/STM32CubeIDE/workspace_TrustZone/TrustZone_challengeResponse/Drivers/STM32U5xx_HAL_Driver/Src/stm32u5xx_hal_spi.c:3414:13:HAL_SPI_SuspendCallback	16	static
/home/bea/STM32CubeIDE/workspace_TrustZone/TrustZone_challengeResponse/Drivers/STM32U5xx_HAL_Driver/Src/stm32u5xx_hal_spi.c:3449:22:HAL_SPI_GetState	16	static
/home/bea/STM32CubeIDE/workspace_TrustZone/TrustZone_challengeResponse/Drivers/STM32U5xx_HAL_Driver/Src/stm32u5xx_hal_spi.c:3461:10:HAL_SPI_GetError	16	static
/home/bea/STM32CubeIDE/workspace_TrustZone/TrustZone_challengeResponse/Drivers/STM32U5xx_HAL_Driver/Src/stm32u5xx_hal_spi.c:3486:13:SPI_DMATransmitCplt	24	static
/home/bea/STM32CubeIDE/workspace_TrustZone/TrustZone_challengeResponse/Drivers/STM32U5xx_HAL_Driver/Src/stm32u5xx_hal_spi.c:3514:13:SPI_DMAReceiveCplt	24	static
/home/bea/STM32CubeIDE/workspace_TrustZone/TrustZone_challengeResponse/Drivers/STM32U5xx_HAL_Driver/Src/stm32u5xx_hal_spi.c:3542:13:SPI_DMATransmitReceiveCplt	24	static
/home/bea/STM32CubeIDE/workspace_TrustZone/TrustZone_challengeResponse/Drivers/STM32U5xx_HAL_Driver/Src/stm32u5xx_hal_spi.c:3571:13:SPI_DMAHalfTransmitCplt	24	static
/home/bea/STM32CubeIDE/workspace_TrustZone/TrustZone_challengeResponse/Drivers/STM32U5xx_HAL_Driver/Src/stm32u5xx_hal_spi.c:3589:13:SPI_DMAHalfReceiveCplt	24	static
/home/bea/STM32CubeIDE/workspace_TrustZone/TrustZone_challengeResponse/Drivers/STM32U5xx_HAL_Driver/Src/stm32u5xx_hal_spi.c:3607:13:SPI_DMAHalfTransmitReceiveCplt	24	static
/home/bea/STM32CubeIDE/workspace_TrustZone/TrustZone_challengeResponse/Drivers/STM32U5xx_HAL_Driver/Src/stm32u5xx_hal_spi.c:3625:13:SPI_DMAError	24	static
/home/bea/STM32CubeIDE/workspace_TrustZone/TrustZone_challengeResponse/Drivers/STM32U5xx_HAL_Driver/Src/stm32u5xx_hal_spi.c:3651:13:SPI_DMAAbortOnError	24	static
/home/bea/STM32CubeIDE/workspace_TrustZone/TrustZone_challengeResponse/Drivers/STM32U5xx_HAL_Driver/Src/stm32u5xx_hal_spi.c:3675:13:SPI_DMATxAbortCallback	24	static
/home/bea/STM32CubeIDE/workspace_TrustZone/TrustZone_challengeResponse/Drivers/STM32U5xx_HAL_Driver/Src/stm32u5xx_hal_spi.c:3712:13:SPI_DMARxAbortCallback	24	static
/home/bea/STM32CubeIDE/workspace_TrustZone/TrustZone_challengeResponse/Drivers/STM32U5xx_HAL_Driver/Src/stm32u5xx_hal_spi.c:3747:13:SPI_RxISR_8BIT	16	static
/home/bea/STM32CubeIDE/workspace_TrustZone/TrustZone_challengeResponse/Drivers/STM32U5xx_HAL_Driver/Src/stm32u5xx_hal_spi.c:3769:13:SPI_RxISR_16BIT	24	static
/home/bea/STM32CubeIDE/workspace_TrustZone/TrustZone_challengeResponse/Drivers/STM32U5xx_HAL_Driver/Src/stm32u5xx_hal_spi.c:3797:13:SPI_RxISR_32BIT	16	static
/home/bea/STM32CubeIDE/workspace_TrustZone/TrustZone_challengeResponse/Drivers/STM32U5xx_HAL_Driver/Src/stm32u5xx_hal_spi.c:3819:13:SPI_TxISR_8BIT	16	static
/home/bea/STM32CubeIDE/workspace_TrustZone/TrustZone_challengeResponse/Drivers/STM32U5xx_HAL_Driver/Src/stm32u5xx_hal_spi.c:3842:13:SPI_TxISR_16BIT	24	static
/home/bea/STM32CubeIDE/workspace_TrustZone/TrustZone_challengeResponse/Drivers/STM32U5xx_HAL_Driver/Src/stm32u5xx_hal_spi.c:3871:13:SPI_TxISR_32BIT	16	static
/home/bea/STM32CubeIDE/workspace_TrustZone/TrustZone_challengeResponse/Drivers/STM32U5xx_HAL_Driver/Src/stm32u5xx_hal_spi.c:3894:13:SPI_AbortTransfer	16	static
/home/bea/STM32CubeIDE/workspace_TrustZone/TrustZone_challengeResponse/Drivers/STM32U5xx_HAL_Driver/Src/stm32u5xx_hal_spi.c:3933:13:SPI_CloseTransfer	24	static
/home/bea/STM32CubeIDE/workspace_TrustZone/TrustZone_challengeResponse/Drivers/STM32U5xx_HAL_Driver/Src/stm32u5xx_hal_spi.c:4010:26:SPI_WaitOnFlagUntilTimeout	24	static
/home/bea/STM32CubeIDE/workspace_TrustZone/TrustZone_challengeResponse/Drivers/STM32U5xx_HAL_Driver/Src/stm32u5xx_hal_spi.c:4031:17:SPI_GetPacketSize	24	static
