Archive member included to satisfy reference by file (symbol)

/home/bea/st/x-cube-cryptolib-v4-5-0/STM32CubeExpansion_Crypto_V4.5.0/Middlewares/ST/STM32_Cryptographic/lib/libSTM32Cryptographic_CM33.a(cmox_ecc_curve_p384.c.o)
                              ./Core/Src/secure_nsc.o (CMOX_ECC_SECP384R1_LOWMEM)
/home/bea/st/x-cube-cryptolib-v4-5-0/STM32CubeExpansion_Crypto_V4.5.0/Middlewares/ST/STM32_Cryptographic/lib/libSTM32Cryptographic_CM33.a(cmox_ecc_point_funcs.c.o)
                              /home/bea/st/x-cube-cryptolib-v4-5-0/STM32CubeExpansion_Crypto_V4.5.0/Middlewares/ST/STM32_Cryptographic/lib/libSTM32Cryptographic_CM33.a(cmox_ecc_curve_p384.c.o) (Point_Funcs_SW_a3)
/home/bea/st/x-cube-cryptolib-v4-5-0/STM32CubeExpansion_Crypto_V4.5.0/Middlewares/ST/STM32_Cryptographic/lib/libSTM32Cryptographic_CM33.a(cmox_ecdsa.c.o)
                              ./Core/Src/secure_nsc.o (cmox_ecdsa_sign)
/home/bea/st/x-cube-cryptolib-v4-5-0/STM32CubeExpansion_Crypto_V4.5.0/Middlewares/ST/STM32_Cryptographic/lib/libSTM32Cryptographic_CM33.a(cmox_init.c.o)
                              ./Core/Src/secure_nsc.o (cmox_finalize)
/home/bea/st/x-cube-cryptolib-v4-5-0/STM32CubeExpansion_Crypto_V4.5.0/Middlewares/ST/STM32_Cryptographic/lib/libSTM32Cryptographic_CM33.a(cmox_math.c.o)
                              /home/bea/st/x-cube-cryptolib-v4-5-0/STM32CubeExpansion_Crypto_V4.5.0/Middlewares/ST/STM32_Cryptographic/lib/libSTM32Cryptographic_CM33.a(cmox_ecdsa.c.o) (cmox_AddBN_Int)
/home/bea/st/x-cube-cryptolib-v4-5-0/STM32CubeExpansion_Crypto_V4.5.0/Middlewares/ST/STM32_Cryptographic/lib/libSTM32Cryptographic_CM33.a(cmox_mathutils.c.o)
                              /home/bea/st/x-cube-cryptolib-v4-5-0/STM32CubeExpansion_Crypto_V4.5.0/Middlewares/ST/STM32_Cryptographic/lib/libSTM32Cryptographic_CM33.a(cmox_ecdsa.c.o) (cmox_mathUtils_bitLength)
/home/bea/st/x-cube-cryptolib-v4-5-0/STM32CubeExpansion_Crypto_V4.5.0/Middlewares/ST/STM32_Cryptographic/lib/libSTM32Cryptographic_CM33.a(cmox_modexp.c.o)
                              /home/bea/st/x-cube-cryptolib-v4-5-0/STM32CubeExpansion_Crypto_V4.5.0/Middlewares/ST/STM32_Cryptographic/lib/libSTM32Cryptographic_CM33.a(cmox_ecc_curve_p384.c.o) (cmox_modexp_fn_public_highmem)
/home/bea/st/x-cube-cryptolib-v4-5-0/STM32CubeExpansion_Crypto_V4.5.0/Middlewares/ST/STM32_Cryptographic/lib/libSTM32Cryptographic_CM33.a(cmox_scalarmul.c.o)
                              /home/bea/st/x-cube-cryptolib-v4-5-0/STM32CubeExpansion_Crypto_V4.5.0/Middlewares/ST/STM32_Cryptographic/lib/libSTM32Cryptographic_CM33.a(cmox_ecc_curve_p384.c.o) (cmox_scalarmul_dblbase_wmof)
/home/bea/st/x-cube-cryptolib-v4-5-0/STM32CubeExpansion_Crypto_V4.5.0/Middlewares/ST/STM32_Cryptographic/lib/libSTM32Cryptographic_CM33.a(cmox_utils_compare.c.o)
                              /home/bea/st/x-cube-cryptolib-v4-5-0/STM32CubeExpansion_Crypto_V4.5.0/Middlewares/ST/STM32_Cryptographic/lib/libSTM32Cryptographic_CM33.a(cmox_ecdsa.c.o) (cmox_utils_robustCmp)
/home/bea/st/x-cube-cryptolib-v4-5-0/STM32CubeExpansion_Crypto_V4.5.0/Middlewares/ST/STM32_Cryptographic/lib/libSTM32Cryptographic_CM33.a(cmox_bn.c.o)
                              /home/bea/st/x-cube-cryptolib-v4-5-0/STM32CubeExpansion_Crypto_V4.5.0/Middlewares/ST/STM32_Cryptographic/lib/libSTM32Cryptographic_CM33.a(cmox_ecdsa.c.o) (cmox_bn_alloc)
/home/bea/st/x-cube-cryptolib-v4-5-0/STM32CubeExpansion_Crypto_V4.5.0/Middlewares/ST/STM32_Cryptographic/lib/libSTM32Cryptographic_CM33.a(cmox_ecc.c.o)
                              /home/bea/st/x-cube-cryptolib-v4-5-0/STM32CubeExpansion_Crypto_V4.5.0/Middlewares/ST/STM32_Cryptographic/lib/libSTM32Cryptographic_CM33.a(cmox_ecdsa.c.o) (cmox_ECC_AllocPoint)
/home/bea/st/x-cube-cryptolib-v4-5-0/STM32CubeExpansion_Crypto_V4.5.0/Middlewares/ST/STM32_Cryptographic/lib/libSTM32Cryptographic_CM33.a(cmox_membuf.c.o)
                              /home/bea/st/x-cube-cryptolib-v4-5-0/STM32CubeExpansion_Crypto_V4.5.0/Middlewares/ST/STM32_Cryptographic/lib/libSTM32Cryptographic_CM33.a(cmox_modexp.c.o) (cmox_membuf_alloc)
/home/bea/st/stm32cubeide_1.19.0/plugins/com.st.stm32cube.ide.mcu.externaltools.gnu-tools-for-stm32.13.3.rel1.linux64_1.0.0.202410170706/tools/bin/../lib/gcc/arm-none-eabi/13.3.1/../../../../arm-none-eabi/lib/thumb/v8-m.main+fp/hard/libc_nano.a(libc_a-exit.o)
                              /home/bea/st/stm32cubeide_1.19.0/plugins/com.st.stm32cube.ide.mcu.externaltools.gnu-tools-for-stm32.13.3.rel1.linux64_1.0.0.202410170706/tools/bin/../lib/gcc/arm-none-eabi/13.3.1/../../../../arm-none-eabi/lib/thumb/v8-m.main+fp/hard/crt0.o (exit)
/home/bea/st/stm32cubeide_1.19.0/plugins/com.st.stm32cube.ide.mcu.externaltools.gnu-tools-for-stm32.13.3.rel1.linux64_1.0.0.202410170706/tools/bin/../lib/gcc/arm-none-eabi/13.3.1/../../../../arm-none-eabi/lib/thumb/v8-m.main+fp/hard/libc_nano.a(libc_a-findfp.o)
[...]
Memory Configuration

Name             Origin             Length             Attributes
RAM              0x30000000         0x00040000         xrw
SRAM4            0x38000000         0x00004000         xrw
FLASH            0x0c000000         0x000fe000         xr
FLASH_NSC        0x0c0fe000         0x00002000         xr
*default*        0x00000000         0xffffffff

Linker script and memory map

LOAD /home/bea/st/stm32cubeide_1.19.0/plugins/com.st.stm32cube.ide.mcu.externaltools.gnu-tools-for-stm32.13.3.rel1.linux64_1.0.0.202410170706/tools/bin/../lib/gcc/arm-none-eabi/13.3.1/thumb/v8-m.main+fp/hard/crti.o
LOAD /home/bea/st/stm32cubeide_1.19.0/plugins/com.st.stm32cube.ide.mcu.externaltools.gnu-tools-for-stm32.13.3.rel1.linux64_1.0.0.202410170706/tools/bin/../lib/gcc/arm-none-eabi/13.3.1/thumb/v8-m.main+fp/hard/crtbegin.o
LOAD /home/bea/st/stm32cubeide_1.19.0/plugins/com.st.stm32cube.ide.mcu.externaltools.gnu-tools-for-stm32.13.3.rel1.linux64_1.0.0.202410170706/tools/bin/../lib/gcc/arm-none-eabi/13.3.1/../../../../arm-none-eabi/lib/thumb/v8-m.main+fp/hard/crt0.o
LOAD ./Core/Src/cmox_low_level.o
LOAD ./Core/Src/main.o
LOAD ./Core/Src/secure_nsc.o
LOAD ./Core/Src/stm32u5xx_hal_msp.o
LOAD ./Core/Src/stm32u5xx_it.o
LOAD ./Core/Src/syscalls.o
LOAD ./Core/Src/sysmem.o
LOAD ./Core/Src/system_stm32u5xx_s.o
LOAD ./Core/Startup/startup_stm32u585aiixq.o
LOAD ./Drivers/STM32U5xx_HAL_Driver/stm32u5xx_hal.o
LOAD ./Drivers/STM32U5xx_HAL_Driver/stm32u5xx_hal_cortex.o
LOAD ./Drivers/STM32U5xx_HAL_Driver/stm32u5xx_hal_dma.o
LOAD ./Drivers/STM32U5xx_HAL_Driver/stm32u5xx_hal_dma_ex.o
LOAD ./Drivers/STM32U5xx_HAL_Driver/stm32u5xx_hal_exti.o
LOAD ./Drivers/STM32U5xx_HAL_Driver/stm32u5xx_hal_flash.o
LOAD ./Drivers/STM32U5xx_HAL_Driver/stm32u5xx_hal_flash_ex.o
LOAD ./Drivers/STM32U5xx_HAL_Driver/stm32u5xx_hal_gpio.o
LOAD ./Drivers/STM32U5xx_HAL_Driver/stm32u5xx_hal_gtzc.o
LOAD ./Drivers/STM32U5xx_HAL_Driver/stm32u5xx_hal_i2c.o
LOAD ./Drivers/STM32U5xx_HAL_Driver/stm32u5xx_hal_i2c_ex.o
LOAD ./Drivers/STM32U5xx_HAL_Driver/stm32u5xx_hal_icache.o
LOAD ./Drivers/STM32U5xx_HAL_Driver/stm32u5xx_hal_mdf.o
LOAD ./Drivers/STM32U5xx_HAL_Driver/stm32u5xx_hal_ospi.o
LOAD ./Drivers/STM32U5xx_HAL_Driver/stm32u5xx_hal_pcd.o
LOAD ./Drivers/STM32U5xx_HAL_Driver/stm32u5xx_hal_pcd_ex.o
LOAD ./Drivers/STM32U5xx_HAL_Driver/stm32u5xx_hal_pwr.o
LOAD ./Drivers/STM32U5xx_HAL_Driver/stm32u5xx_hal_pwr_ex.o
LOAD ./Drivers/STM32U5xx_HAL_Driver/stm32u5xx_hal_rcc.o
LOAD ./Drivers/STM32U5xx_HAL_Driver/stm32u5xx_hal_rcc_ex.o
LOAD ./Drivers/STM32U5xx_HAL_Driver/stm32u5xx_hal_spi.o
LOAD ./Drivers/STM32U5xx_HAL_Driver/stm32u5xx_hal_spi_ex.o
LOAD ./Drivers/STM32U5xx_HAL_Driver/stm32u5xx_hal_uart.o
LOAD ./Drivers/STM32U5xx_HAL_Driver/stm32u5xx_hal_uart_ex.o
LOAD ./Drivers/STM32U5xx_HAL_Driver/stm32u5xx_ll_dlyb.o
LOAD ./Drivers/STM32U5xx_HAL_Driver/stm32u5xx_ll_dma.o
LOAD ./Drivers/STM32U5xx_HAL_Driver/stm32u5xx_ll_exti.o
LOAD ./Drivers/STM32U5xx_HAL_Driver/stm32u5xx_ll_gpio.o
LOAD ./Drivers/STM32U5xx_HAL_Driver/stm32u5xx_ll_lpgpio.o
LOAD ./Drivers/STM32U5xx_HAL_Driver/stm32u5xx_ll_ucpd.o
LOAD ./Drivers/STM32U5xx_HAL_Driver/stm32u5xx_ll_usb.o
LOAD ./Drivers/STM32U5xx_HAL_Driver/stm32u5xx_ll_utils.o
LOAD /home/bea/st/x-cube-cryptolib-v4-5-0/STM32CubeExpansion_Crypto_V4.5.0/Middlewares/ST/STM32_Cryptographic/lib/libSTM32Cryptographic_CM33.a
START GROUP
LOAD /home/bea/st/stm32cubeide_1.19.0/plugins/com.st.stm32cube.ide.mcu.externaltools.gnu-tools-for-stm32.13.3.rel1.linux64_1.0.0.202410170706/tools/bin/../lib/gcc/arm-none-eabi/13.3.1/../../../../arm-none-eabi/lib/thumb/v8-m.main+fp/hard/libc_nano.a
LOAD /home/bea/st/stm32cubeide_1.19.0/plugins/com.st.stm32cube.ide.mcu.externaltools.gnu-tools-for-stm32.13.3.rel1.linux64_1.0.0.202410170706/tools/bin/../lib/gcc/arm-none-eabi/13.3.1/../../../../arm-none-eabi/lib/thumb/v8-m.main+fp/hard/libm.a
END GROUP
START GROUP
LOAD /home/bea/st/stm32cubeide_1.19.0/plugins/com.st.stm32cube.ide.mcu.externaltools.gnu-tools-for-stm32.13.3.rel1.linux64_1.0.0.202410170706/tools/bin/../lib/gcc/arm-none-eabi/13.3.1/thumb/v8-m.main+fp/hard/libgcc.a
LOAD /home/bea/st/stm32cubeide_1.19.0/plugins/com.st.stm32cube.ide.mcu.externaltools.gnu-tools-for-stm32.13.3.rel1.linux64_1.0.0.202410170706/tools/bin/../lib/gcc/arm-none-eabi/13.3.1/../../../../arm-none-eabi/lib/thumb/v8-m.main+fp/hard/libc_nano.a
END GROUP
START GROUP
LOAD /home/bea/st/stm32cubeide_1.19.0/plugins/com.st.stm32cube.ide.mcu.externaltools.gnu-tools-for-stm32.13.3.rel1.linux64_1.0.0.202410170706/tools/bin/../lib/gcc/arm-none-eabi/13.3.1/thumb/v8-m.main+fp/hard/libgcc.a
LOAD /home/bea/st/stm32cubeide_1.19.0/plugins/com.st.stm32cube.ide.mcu.externaltools.gnu-tools-for-stm32.13.3.rel1.linux64_1.0.0.202410170706/tools/bin/../lib/gcc/arm-none-eabi/13.3.1/../../../../arm-none-eabi/lib/thumb/v8-m.main+fp/hard/libc_nano.a
LOAD /home/bea/st/stm32cubeide_1.19.0/plugins/com.st.stm32cube.ide.mcu.externaltools.gnu-tools-for-stm32.13.3.rel1.linux64_1.0.0.202410170706/tools/bin/../lib/gcc/arm-none-eabi/13.3.1/../../../../arm-none-eabi/lib/thumb/v8-m.main+fp/hard/libnosys.a
END GROUP
START GROUP
LOAD /home/bea/st/stm32cubeide_1.19.0/plugins/com.st.stm32cube.ide.mcu.externaltools.gnu-tools-for-stm32.13.3.rel1.linux64_1.0.0.202410170706/tools/bin/../lib/gcc/arm-none-eabi/13.3.1/thumb/v8-m.main+fp/hard/libgcc.a
LOAD /home/bea/st/stm32cubeide_1.19.0/plugins/com.st.stm32cube.ide.mcu.externaltools.gnu-tools-for-stm32.13.3.rel1.linux64_1.0.0.202410170706/tools/bin/../lib/gcc/arm-none-eabi/13.3.1/../../../../arm-none-eabi/lib/thumb/v8-m.main+fp/hard/libc_nano.a
LOAD /home/bea/st/stm32cubeide_1.19.0/plugins/com.st.stm32cube.ide.mcu.externaltools.gnu-tools-for-stm32.13.3.rel1.linux64_1.0.0.202410170706/tools/bin/../lib/gcc/arm-none-eabi/13.3.1/../../../../arm-none-eabi/lib/thumb/v8-m.main+fp/hard/libnosys.a
END GROUP
LOAD /home/bea/st/stm32cubeide_1.19.0/plugins/com.st.stm32cube.ide.mcu.externaltools.gnu-tools-for-stm32.13.3.rel1.linux64_1.0.0.202410170706/tools/bin/../lib/gcc/arm-none-eabi/13.3.1/thumb/v8-m.main+fp/hard/crtend.o
LOAD /home/bea/st/stm32cubeide_1.19.0/plugins/com.st.stm32cube.ide.mcu.externaltools.gnu-tools-for-stm32.13.3.rel1.linux64_1.0.0.202410170706/tools/bin/../lib/gcc/arm-none-eabi/13.3.1/thumb/v8-m.main+fp/hard/crtn.o
                0x30040000                        _estack = (ORIGIN (RAM) + LENGTH (RAM))
                0x00000200                        _Min_Heap_Size = 0x200
                0x00000400                        _Min_Stack_Size = 0x400

.isr_vector     0x0c000000      0x238
 *(.isr_vector)
 .isr_vector    0x0c000000      0x238 ./Core/Startup/startup_stm32u585aiixq.o
                0x0c000000                g_pfnVectors

.text           0x0c000238     0xdf78
 *(.text)
 .text          0x0c000238       0x40 /home/bea/st/stm32cubeide_1.19.0/plugins/com.st.stm32cube.ide.mcu.externaltools.gnu-tools-for-stm32.13.3.rel1.linux64_1.0.0.202410170706/tools/bin/../lib/gcc/arm-none-eabi/13.3.1/thumb/v8-m.main+fp/hard/crtbegin.o
 .text          0x0c000278      0x2a0 /home/bea/st/x-cube-cryptolib-v4-5-0/STM32CubeExpansion_Crypto_V4.5.0/Middlewares/ST/STM32_Cryptographic/lib/libSTM32Cryptographic_CM33.a(cmox_ecdsa.c.o)
                0x0c000278                cmox_ecdsa_sign
 .text          0x0c000518       0x20 /home/bea/st/x-cube-cryptolib-v4-5-0/STM32CubeExpansion_Crypto_V4.5.0/Middlewares/ST/STM32_Cryptographic/lib/libSTM32Cryptographic_CM33.a(cmox_init.c.o)
                0x0c000518                cmox_initialize
 .text          0x0c000538        0x4 /home/bea/st/x-cube-cryptolib-v4-5-0/STM32CubeExpansion_Crypto_V4.5.0/Middlewares/ST/STM32_Cryptographic/lib/libSTM32Cryptographic_CM33.a(cmox_init.c.o)
                0x0c000538                cmox_finalize
 .text          0x0c00053c       0x38 /home/bea/st/x-cube-cryptolib-v4-5-0/STM32CubeExpansion_Crypto_V4.5.0/Middlewares/ST/STM32_Cryptographic/lib/libSTM32Cryptographic_CM33.a(cmox_math.c.o)
 .text          0x0c000574       0x56 /home/bea/st/x-cube-cryptolib-v4-5-0/STM32CubeExpansion_Crypto_V4.5.0/Middlewares/ST/STM32_Cryptographic/lib/libSTM32Cryptographic_CM33.a(cmox_math.c.o)
                0x0c000574                cmox_RightShiftBN
 .text          0x0c0005ca      0x122 /home/bea/st/x-cube-cryptolib-v4-5-0/STM32CubeExpansion_Crypto_V4.5.0/Middlewares/ST/STM32_Cryptographic/lib/libSTM32Cryptographic_CM33.a(cmox_math.c.o)
                0x0c0005ca                cmox_ModAddBN
 .text          0x0c0006ec       0xfe /home/bea/st/x-cube-cryptolib-v4-5-0/STM32CubeExpansion_Crypto_V4.5.0/Middlewares/ST/STM32_Cryptographic/lib/libSTM32Cryptographic_CM33.a(cmox_math.c.o)
                0x0c0006ec                cmox_ModSubBN
 .text          0x0c0007ea       0x68 /home/bea/st/x-cube-cryptolib-v4-5-0/STM32CubeExpansion_Crypto_V4.5.0/Middlewares/ST/STM32_Cryptographic/lib/libSTM32Cryptographic_CM33.a(cmox_math.c.o)
                0x0c0007ea                cmox_SubBN
 .text          0x0c000852       0x3e /home/bea/st/x-cube-cryptolib-v4-5-0/STM32CubeExpansion_Crypto_V4.5.0/Middlewares/ST/STM32_Cryptographic/lib/libSTM32Cryptographic_CM33.a(cmox_math.c.o)
                0x0c000852                cmox_AddBN_Int
 .text          0x0c000890       0xa4 /home/bea/st/x-cube-cryptolib-v4-5-0/STM32CubeExpansion_Crypto_V4.5.0/Middlewares/ST/STM32_Cryptographic/lib/libSTM32Cryptographic_CM33.a(cmox_math.c.o)
                0x0c000890                cmox_FieldBN_Div2
 .text          0x0c000934       0xbe /home/bea/st/x-cube-cryptolib-v4-5-0/STM32CubeExpansion_Crypto_V4.5.0/Middlewares/ST/STM32_Cryptographic/lib/libSTM32Cryptographic_CM33.a(cmox_math.c.o)
                0x0c000934                cmox_FieldBN_Mul2
 .text          0x0c0009f2       0x5c /home/bea/st/x-cube-cryptolib-v4-5-0/STM32CubeExpansion_Crypto_V4.5.0/Middlewares/ST/STM32_Cryptographic/lib/libSTM32Cryptographic_CM33.a(cmox_math.c.o)
                0x0c0009f2                cmox_FieldBN_CondNegate
 .text          0x0c000a4e       0x32 /home/bea/st/x-cube-cryptolib-v4-5-0/STM32CubeExpansion_Crypto_V4.5.0/Middlewares/ST/STM32_Cryptographic/lib/libSTM32Cryptographic_CM33.a(cmox_math.c.o)
                0x0c000a4e                cmox_ModularBN_InitWithR2
 .text          0x0c000a80       0x10 /home/bea/st/x-cube-cryptolib-v4-5-0/STM32CubeExpansion_Crypto_V4.5.0/Middlewares/ST/STM32_Cryptographic/lib/libSTM32Cryptographic_CM33.a(cmox_math.c.o)
                0x0c000a80                cmox_ModularBN_Enter
 .text          0x0c000a90       0x44 /home/bea/st/x-cube-cryptolib-v4-5-0/STM32CubeExpansion_Crypto_V4.5.0/Middlewares/ST/STM32_Cryptographic/lib/libSTM32Cryptographic_CM33.a(cmox_math.c.o)
                0x0c000a90                cmox_ModularBN_Exit
 .text          0x0c000ad4       0x46 /home/bea/st/x-cube-cryptolib-v4-5-0/STM32CubeExpansion_Crypto_V4.5.0/Middlewares/ST/STM32_Cryptographic/lib/libSTM32Cryptographic_CM33.a(cmox_math.c.o)
                0x0c000ad4                cmox_ModularBN_Mul
 .text          0x0c000b1a       0x42 /home/bea/st/x-cube-cryptolib-v4-5-0/STM32CubeExpansion_Crypto_V4.5.0/Middlewares/ST/STM32_Cryptographic/lib/libSTM32Cryptographic_CM33.a(cmox_math.c.o)
                0x0c000b1a                cmox_ModularBN_Sqr
 .text          0x0c000b5c       0x18 /home/bea/st/x-cube-cryptolib-v4-5-0/STM32CubeExpansion_Crypto_V4.5.0/Middlewares/ST/STM32_Cryptographic/lib/libSTM32Cryptographic_CM33.a(cmox_math.c.o)
                0x0c000b5c                cmox_ModularBN_DeinitWithR2
 .text          0x0c000b74        0xa /home/bea/st/x-cube-cryptolib-v4-5-0/STM32CubeExpansion_Crypto_V4.5.0/Middlewares/ST/STM32_Cryptographic/lib/libSTM32Cryptographic_CM33.a(cmox_mathutils.c.o)
                0x0c000b74                cmox_mathUtils_mux
 .text          0x0c000b7e        0x6 /home/bea/st/x-cube-cryptolib-v4-5-0/STM32CubeExpansion_Crypto_V4.5.0/Middlewares/ST/STM32_Cryptographic/lib/libSTM32Cryptographic_CM33.a(cmox_mathutils.c.o)
                0x0c000b7e                cmox_mathUtils_not
 .text          0x0c000b84        0xa /home/bea/st/x-cube-cryptolib-v4-5-0/STM32CubeExpansion_Crypto_V4.5.0/Middlewares/ST/STM32_Cryptographic/lib/libSTM32Cryptographic_CM33.a(cmox_mathutils.c.o)
                0x0c000b84                cmox_mathUtils_neq
 .text          0x0c000b8e        0xe /home/bea/st/x-cube-cryptolib-v4-5-0/STM32CubeExpansion_Crypto_V4.5.0/Middlewares/ST/STM32_Cryptographic/lib/libSTM32Cryptographic_CM33.a(cmox_mathutils.c.o)
                0x0c000b8e                cmox_mathUtils_gt
 .text          0x0c000b9c       0x24 /home/bea/st/x-cube-cryptolib-v4-5-0/STM32CubeExpansion_Crypto_V4.5.0/Middlewares/ST/STM32_Cryptographic/lib/libSTM32Cryptographic_CM33.a(cmox_mathutils.c.o)
                0x0c000b9c                cmox_mathUtils_bitLength
 .text          0x0c000bc0       0x10 /home/bea/st/x-cube-cryptolib-v4-5-0/STM32CubeExpansion_Crypto_V4.5.0/Middlewares/ST/STM32_Cryptographic/lib/libSTM32Cryptographic_CM33.a(cmox_mathutils.c.o)
                0x0c000bc0                cmox_mathUtils_abs
 .text          0x0c000bd0      0x23c /home/bea/st/x-cube-cryptolib-v4-5-0/STM32CubeExpansion_Crypto_V4.5.0/Middlewares/ST/STM32_Cryptographic/lib/libSTM32Cryptographic_CM33.a(cmox_modexp.c.o)
                0x0c000be0                cmox_ModExpBN_SW
 .text          0x0c000e0c      0x3f8 /home/bea/st/x-cube-cryptolib-v4-5-0/STM32CubeExpansion_Crypto_V4.5.0/Middlewares/ST/STM32_Cryptographic/lib/libSTM32Cryptographic_CM33.a(cmox_scalarmul.c.o)
 .text          0x0c001204      0x3ac /home/bea/st/x-cube-cryptolib-v4-5-0/STM32CubeExpansion_Crypto_V4.5.0/Middlewares/ST/STM32_Cryptographic/lib/libSTM32Cryptographic_CM33.a(cmox_scalarmul.c.o)
 .text          0x0c0015b0      0x680 /home/bea/st/x-cube-cryptolib-v4-5-0/STM32CubeExpansion_Crypto_V4.5.0/Middlewares/ST/STM32_Cryptographic/lib/libSTM32Cryptographic_CM33.a(cmox_scalarmul.c.o)
 .text          0x0c001c30       0xb2 /home/bea/st/x-cube-cryptolib-v4-5-0/STM32CubeExpansion_Crypto_V4.5.0/Middlewares/ST/STM32_Cryptographic/lib/libSTM32Cryptographic_CM33.a(cmox_scalarmul.c.o)
 .text          0x0c001ce2       0x16 /home/bea/st/x-cube-cryptolib-v4-5-0/STM32CubeExpansion_Crypto_V4.5.0/Middlewares/ST/STM32_Cryptographic/lib/libSTM32Cryptographic_CM33.a(cmox_bn.c.o)
                0x0c001ce2                cmox_bn_alloc
 .text          0x0c001cf8       0x16 /home/bea/st/x-cube-cryptolib-v4-5-0/STM32CubeExpansion_Crypto_V4.5.0/Middlewares/ST/STM32_Cryptographic/lib/libSTM32Cryptographic_CM33.a(cmox_bn.c.o)
                0x0c001cf8                cmox_bn_free
 .text          0x0c001d0e       0x42 /home/bea/st/x-cube-cryptolib-v4-5-0/STM32CubeExpansion_Crypto_V4.5.0/Middlewares/ST/STM32_Cryptographic/lib/libSTM32Cryptographic_CM33.a(cmox_bn.c.o)
                0x0c001d0e                cmox_bn_import
 .text          0x0c001d50       0x1e /home/bea/st/x-cube-cryptolib-v4-5-0/STM32CubeExpansion_Crypto_V4.5.0/Middlewares/ST/STM32_Cryptographic/lib/libSTM32Cryptographic_CM33.a(cmox_bn.c.o)
                0x0c001d50                cmox_bn_init
 .text          0x0c001d6e       0x70 /home/bea/st/x-cube-cryptolib-v4-5-0/STM32CubeExpansion_Crypto_V4.5.0/Middlewares/ST/STM32_Cryptographic/lib/libSTM32Cryptographic_CM33.a(cmox_bn.c.o)
                0x0c001d6e                cmox_bn_cCopy
 .text          0x0c001dde        0xa /home/bea/st/x-cube-cryptolib-v4-5-0/STM32CubeExpansion_Crypto_V4.5.0/Middlewares/ST/STM32_Cryptographic/lib/libSTM32Cryptographic_CM33.a(cmox_bn.c.o)
                0x0c001dde                cmox_bn_mux
 .text          0x0c001de8       0x82 /home/bea/st/x-cube-cryptolib-v4-5-0/STM32CubeExpansion_Crypto_V4.5.0/Middlewares/ST/STM32_Cryptographic/lib/libSTM32Cryptographic_CM33.a(cmox_bn.c.o)
                0x0c001de8                cmox_bn_cmp
 .text          0x0c001e6a       0x2c /home/bea/st/x-cube-cryptolib-v4-5-0/STM32CubeExpansion_Crypto_V4.5.0/Middlewares/ST/STM32_Cryptographic/lib/libSTM32Cryptographic_CM33.a(cmox_bn.c.o)
                0x0c001e6a                cmox_bn_cmpUint
 .text          0x0c001e96       0x32 /home/bea/st/x-cube-cryptolib-v4-5-0/STM32CubeExpansion_Crypto_V4.5.0/Middlewares/ST/STM32_Cryptographic/lib/libSTM32Cryptographic_CM33.a(cmox_bn.c.o)
                0x0c001e96                cmox_bn_countBits
 .text          0x0c001ec8       0x48 /home/bea/st/x-cube-cryptolib-v4-5-0/STM32CubeExpansion_Crypto_V4.5.0/Middlewares/ST/STM32_Cryptographic/lib/libSTM32Cryptographic_CM33.a(cmox_bn.c.o)
                0x0c001ec8                cmox_bn_getBits
 .text          0x0c001f10       0x96 /home/bea/st/x-cube-cryptolib-v4-5-0/STM32CubeExpansion_Crypto_V4.5.0/Middlewares/ST/STM32_Cryptographic/lib/libSTM32Cryptographic_CM33.a(cmox_bn.c.o)
                0x0c001f10                cmox_bn_setBits
 .text          0x0c001fa6       0x86 /home/bea/st/x-cube-cryptolib-v4-5-0/STM32CubeExpansion_Crypto_V4.5.0/Middlewares/ST/STM32_Cryptographic/lib/libSTM32Cryptographic_CM33.a(cmox_bn.c.o)
                0x0c001fa6                cmox_bn_fromU8BE
 .text          0x0c00202c       0x76 /home/bea/st/x-cube-cryptolib-v4-5-0/STM32CubeExpansion_Crypto_V4.5.0/Middlewares/ST/STM32_Cryptographic/lib/libSTM32Cryptographic_CM33.a(cmox_bn.c.o)
                0x0c00202c                cmox_bn_toU8BE
 .text          0x0c0020a2       0x98 /home/bea/st/x-cube-cryptolib-v4-5-0/STM32CubeExpansion_Crypto_V4.5.0/Middlewares/ST/STM32_Cryptographic/lib/libSTM32Cryptographic_CM33.a(cmox_bn.c.o)
                0x0c0020a2                cmox_bn_fromU8LE
 .text          0x0c00213a       0x5c /home/bea/st/x-cube-cryptolib-v4-5-0/STM32CubeExpansion_Crypto_V4.5.0/Middlewares/ST/STM32_Cryptographic/lib/libSTM32Cryptographic_CM33.a(cmox_ecc.c.o)
                0x0c00213a                cmox_ECC_InvertModN
 .text          0x0c002196       0x1c /home/bea/st/x-cube-cryptolib-v4-5-0/STM32CubeExpansion_Crypto_V4.5.0/Middlewares/ST/STM32_Cryptographic/lib/libSTM32Cryptographic_CM33.a(cmox_ecc.c.o)
                0x0c002196                cmox_ECC_InitCurve
 .text          0x0c0021b2       0x10 /home/bea/st/x-cube-cryptolib-v4-5-0/STM32CubeExpansion_Crypto_V4.5.0/Middlewares/ST/STM32_Cryptographic/lib/libSTM32Cryptographic_CM33.a(cmox_ecc.c.o)
                0x0c0021b2                cmox_ECC_InitCurveModDomainP
 .text          0x0c0021c2       0x10 /home/bea/st/x-cube-cryptolib-v4-5-0/STM32CubeExpansion_Crypto_V4.5.0/Middlewares/ST/STM32_Cryptographic/lib/libSTM32Cryptographic_CM33.a(cmox_ecc.c.o)
                0x0c0021c2                cmox_ECC_InitCurveModDomainN
 .text          0x0c0021d2        0x6 /home/bea/st/x-cube-cryptolib-v4-5-0/STM32CubeExpansion_Crypto_V4.5.0/Middlewares/ST/STM32_Cryptographic/lib/libSTM32Cryptographic_CM33.a(cmox_ecc.c.o)
                0x0c0021d2                cmox_ECC_DeInitCurveModDomain
 .text          0x0c0021d8       0xb8 /home/bea/st/x-cube-cryptolib-v4-5-0/STM32CubeExpansion_Crypto_V4.5.0/Middlewares/ST/STM32_Cryptographic/lib/libSTM32Cryptographic_CM33.a(cmox_ecc.c.o)
                0x0c0021d8                cmox_ECC_AllocPoint
 .text          0x0c002290       0x60 /home/bea/st/x-cube-cryptolib-v4-5-0/STM32CubeExpansion_Crypto_V4.5.0/Middlewares/ST/STM32_Cryptographic/lib/libSTM32Cryptographic_CM33.a(cmox_ecc.c.o)
                0x0c002290                cmox_ECC_FreePoint
 .text          0x0c0022f0     0x1b9e /home/bea/st/x-cube-cryptolib-v4-5-0/STM32CubeExpansion_Crypto_V4.5.0/Middlewares/ST/STM32_Cryptographic/lib/libSTM32Cryptographic_CM33.a(cmox_ecc.c.o)
                0x0c0022f0                cmox_ECC_CondCopyPoint
                0x0c002356                cmox_ECC_CondSymmetricPoint
                0x0c0023a4                cmox_ECC_SetPointAtInfinity
                0x0c002426                cmox_ECC_CondImportPoint
                0x0c002520                cmox_ECC_PointToModularDomain
                0x0c002574                cmox_ECC_PointFromModularDomain
                0x0c0025d0                cmox_ECC_PointValidation
                0x0c002738                cmox_ECC_PointToAffine
                0x0c00290c                cmox_ECC_EDW_DecPoint_ed25519
                0x0c002bca                cmox_ECC_EDW_DecPoint_ed448
                0x0c002e26                cmox_ECC_MONTY_Clamping
                0x0c002e86                cmox_ECC_SW_AddPoints_JacoAff
                0x0c00300e                cmox_ECC_SW_AddPoints_Jacobian
                0x0c003190                cmox_ECC_SW_DblPoint_Jac_a3
                0x0c0032c4                cmox_ECC_SW_DblPoint_Jacobian
                0x0c003490                cmox_ECC_EDW_AddPoints_ProjAff
                0x0c0035ea                cmox_ECC_EDW_AddPoints_Proj
                0x0c00374c                cmox_ECC_EDW_DblPoint_Proj
                0x0c00386e                cmox_ECC_EDW_AddPnts_ExtAff_a_1
                0x0c00399c                cmox_ECC_EDW_AddPoints_Ext_a_1
                0x0c003ad2                cmox_ECC_EDW_DblPoint_Ext_a_1
                0x0c003c06                cmox_ECC_MONTY_Ladder_XzAff
                0x0c003d34                cmox_ECC_CompleteMADD
                0x0c003dde                cmox_ECC_CompleteADD
 .text          0x0c003e8e       0x3e /home/bea/st/x-cube-cryptolib-v4-5-0/STM32CubeExpansion_Crypto_V4.5.0/Middlewares/ST/STM32_Cryptographic/lib/libSTM32Cryptographic_CM33.a(cmox_ecc.c.o)
                0x0c003e8e                cmox_ECC_CompleteDBL
 .text          0x0c003ecc        0x8 /home/bea/st/x-cube-cryptolib-v4-5-0/STM32CubeExpansion_Crypto_V4.5.0/Middlewares/ST/STM32_Cryptographic/lib/libSTM32Cryptographic_CM33.a(cmox_ecc.c.o)
 .text          0x0c003ed4       0x3e /home/bea/st/x-cube-cryptolib-v4-5-0/STM32CubeExpansion_Crypto_V4.5.0/Middlewares/ST/STM32_Cryptographic/lib/libSTM32Cryptographic_CM33.a(cmox_membuf.c.o)
                0x0c003ed4                cmox_membuf_alloc
 .text          0x0c003f12       0x2a /home/bea/st/x-cube-cryptolib-v4-5-0/STM32CubeExpansion_Crypto_V4.5.0/Middlewares/ST/STM32_Cryptographic/lib/libSTM32Cryptographic_CM33.a(cmox_membuf.c.o)
                0x0c003f12                cmox_membuf_free
 .text          0x0c003f3c       0x9a /home/bea/st/stm32cubeide_1.19.0/plugins/com.st.stm32cube.ide.mcu.externaltools.gnu-tools-for-stm32.13.3.rel1.linux64_1.0.0.202410170706/tools/bin/../lib/gcc/arm-none-eabi/13.3.1/../../../../arm-none-eabi/lib/thumb/v8-m.main+fp/hard/libc_nano.a(libc_a-aeabi_memset-soft.o)
                0x0c003f3c                __aeabi_memset
                0x0c003f3c                __aeabi_memset8
                0x0c003f3c                __aeabi_memset4
 .text          0x0c003fd6       0x5c /home/bea/st/stm32cubeide_1.19.0/plugins/com.st.stm32cube.ide.mcu.externaltools.gnu-tools-for-stm32.13.3.rel1.linux64_1.0.0.202410170706/tools/bin/../lib/gcc/arm-none-eabi/13.3.1/thumb/v8-m.main+fp/hard/libgcc.a(cmse_nonsecure_call.o)
                0x0c003fd6                __gnu_cmse_nonsecure_call
 *fill*         0x0c004032        0x2 
 .text          0x0c004034       0x30 /home/bea/st/stm32cubeide_1.19.0/plugins/com.st.stm32cube.ide.mcu.externaltools.gnu-tools-for-stm32.13.3.rel1.linux64_1.0.0.202410170706/tools/bin/../lib/gcc/arm-none-eabi/13.3.1/thumb/v8-m.main+fp/hard/libgcc.a(_aeabi_uldivmod.o)
                0x0c004034                __aeabi_uldivmod
 .text          0x0c004064      0x348 /home/bea/st/stm32cubeide_1.19.0/plugins/com.st.stm32cube.ide.mcu.externaltools.gnu-tools-for-stm32.13.3.rel1.linux64_1.0.0.202410170706/tools/bin/../lib/gcc/arm-none-eabi/13.3.1/thumb/v8-m.main+fp/hard/libgcc.a(_udivmoddi4.o)
                0x0c004064                __udivmoddi4
 .text          0x0c0043ac        0x4 /home/bea/st/stm32cubeide_1.19.0/plugins/com.st.stm32cube.ide.mcu.externaltools.gnu-tools-for-stm32.13.3.rel1.linux64_1.0.0.202410170706/tools/bin/../lib/gcc/arm-none-eabi/13.3.1/thumb/v8-m.main+fp/hard/libgcc.a(_dvmd_tls.o)
                0x0c0043ac                __aeabi_ldiv0
                0x0c0043ac                __aeabi_idiv0
 *(.text*)
 .text.cmox_ll_init
                0x0c0043b0       0x44 ./Core/Src/cmox_low_level.o
                0x0c0043b0                cmox_ll_init
 .text.cmox_ll_deInit
                0x0c0043f4       0x16 ./Core/Src/cmox_low_level.o
                0x0c0043f4                cmox_ll_deInit
 *fill*         0x0c00440a        0x2 
 .text.LL_AHB2_GRP1_EnableClock
                0x0c00440c       0x38 ./Core/Src/main.o
 .text.LL_APB1_GRP2_EnableClock
                0x0c004444       0x38 ./Core/Src/main.o
 .text.main     0x0c00447c       0x4c ./Core/Src/main.o
                0x0c00447c                main
 .text.NonSecure_Init
                0x0c0044c8       0x88 ./Core/Src/main.o
 .text.SystemClock_Config
                0x0c004550       0xc8 ./Core/Src/main.o
                0x0c004550                SystemClock_Config
 .text.SystemPower_Config
                0x0c004618       0x1c ./Core/Src/main.o
 .text.MX_ADF1_Init
                0x0c004634       0x9c ./Core/Src/main.o
 .text.MX_GTZC_S_Init
                0x0c0046d0      0x538 ./Core/Src/main.o
 .text.MX_I2C1_Init
                0x0c004c08       0x80 ./Core/Src/main.o
 .text.MX_I2C2_Init
                0x0c004c88       0x80 ./Core/Src/main.o
 .text.MX_ICACHE_Init
                0x0c004d08       0x26 ./Core/Src/main.o
 *fill*         0x0c004d2e        0x2 
 .text.MX_OCTOSPI1_Init
                0x0c004d30       0xf4 ./Core/Src/main.o
 .text.MX_OCTOSPI2_Init
                0x0c004e24       0xf8 ./Core/Src/main.o
 .text.MX_SPI2_Init
                0x0c004f1c       0xdc ./Core/Src/main.o
 .text.MX_UART4_Init
                0x0c004ff8       0x98 ./Core/Src/main.o
 .text.MX_USART1_UART_Init
                0x0c005090       0x98 ./Core/Src/main.o
 .text.MX_UCPD1_Init
                0x0c005128       0x6c ./Core/Src/main.o
 .text.MX_USB_OTG_FS_PCD_Init
                0x0c005194       0x64 ./Core/Src/main.o
 .text.MX_GPIO_Init
                0x0c0051f8      0x15c ./Core/Src/main.o
 .text.Error_Handler
                0x0c005354        0xc ./Core/Src/main.o
                0x0c005354                Error_Handler
 .text.SECURE_RegisterCallback
                0x0c005360       0xac ./Core/Src/secure_nsc.o
                0x0c005360                __acle_se_SECURE_RegisterCallback
 .text.SECURE_ECC_Sign_NSC
                0x0c00540c       0xf8 ./Core/Src/secure_nsc.o
                0x0c00540c                __acle_se_SECURE_ECC_Sign_NSC
 .text.LL_AHB1_GRP1_EnableClock
                0x0c005504       0x38 ./Core/Src/stm32u5xx_hal_msp.o
 .text.LL_AHB3_GRP1_EnableClock
                0x0c00553c       0x38 ./Core/Src/stm32u5xx_hal_msp.o
 .text.HAL_MspInit
                0x0c005574       0x48 ./Core/Src/stm32u5xx_hal_msp.o
                0x0c005574                HAL_MspInit
 .text.HAL_MDF_MspInit
                0x0c0055bc       0xd4 ./Core/Src/stm32u5xx_hal_msp.o
                0x0c0055bc                HAL_MDF_MspInit
 .text.HAL_I2C_MspInit
                0x0c005690      0x174 ./Core/Src/stm32u5xx_hal_msp.o
                0x0c005690                HAL_I2C_MspInit
 .text.HAL_OSPI_MspInit
                0x0c005804      0x4d4 ./Core/Src/stm32u5xx_hal_msp.o
                0x0c005804                HAL_OSPI_MspInit
 .text.HAL_SPI_MspInit
                0x0c005cd8      0x120 ./Core/Src/stm32u5xx_hal_msp.o
                0x0c005cd8                HAL_SPI_MspInit
 .text.HAL_UART_MspInit
                0x0c005df8      0x170 ./Core/Src/stm32u5xx_hal_msp.o
                0x0c005df8                HAL_UART_MspInit
 .text.HAL_PCD_MspInit
                0x0c005f68      0x118 ./Core/Src/stm32u5xx_hal_msp.o
                0x0c005f68                HAL_PCD_MspInit
 .text.NMI_Handler
                0x0c006080        0x8 ./Core/Src/stm32u5xx_it.o
                0x0c006080                NMI_Handler
 .text.HardFault_Handler
                0x0c006088        0x8 ./Core/Src/stm32u5xx_it.o
                0x0c006088                HardFault_Handler
 .text.MemManage_Handler
                0x0c006090        0x8 ./Core/Src/stm32u5xx_it.o
                0x0c006090                MemManage_Handler
 .text.BusFault_Handler
                0x0c006098        0x8 ./Core/Src/stm32u5xx_it.o
                0x0c006098                BusFault_Handler
 .text.UsageFault_Handler
                0x0c0060a0        0x8 ./Core/Src/stm32u5xx_it.o
                0x0c0060a0                UsageFault_Handler
 .text.SecureFault_Handler
                0x0c0060a8        0x8 ./Core/Src/stm32u5xx_it.o
                0x0c0060a8                SecureFault_Handler
 .text.SVC_Handler
                0x0c0060b0        0xe ./Core/Src/stm32u5xx_it.o
                0x0c0060b0                SVC_Handler
 .text.DebugMon_Handler
                0x0c0060be        0xe ./Core/Src/stm32u5xx_it.o
                0x0c0060be                DebugMon_Handler
 .text.PendSV_Handler
                0x0c0060cc        0xe ./Core/Src/stm32u5xx_it.o
                0x0c0060cc                PendSV_Handler
 .text.SysTick_Handler
                0x0c0060da        0xc ./Core/Src/stm32u5xx_it.o
                0x0c0060da                SysTick_Handler
 *fill*         0x0c0060e6        0x2 
 .text.TZ_SAU_Setup
                0x0c0060e8       0x64 ./Core/Src/system_stm32u5xx_s.o
 .text.SystemInit
                0x0c00614c       0x80 ./Core/Src/system_stm32u5xx_s.o
                0x0c00614c                SystemInit
 .text.SystemCoreClockUpdate
                0x0c0061cc      0x1f0 ./Core/Src/system_stm32u5xx_s.o
                0x0c0061cc                SystemCoreClockUpdate
 .text.SECURE_SystemCoreClockUpdate
                0x0c0063bc       0x80 ./Core/Src/system_stm32u5xx_s.o
                0x0c0063bc                __acle_se_SECURE_SystemCoreClockUpdate
 .text.Reset_Handler
                0x0c00643c       0x50 ./Core/Startup/startup_stm32u585aiixq.o
                0x0c00643c                Reset_Handler
 .text.Default_Handler
                0x0c00648c        0x2 ./Core/Startup/startup_stm32u585aiixq.o
                0x0c00648c                EXTI2_IRQHandler
                0x0c00648c                TIM8_TRG_COM_IRQHandler
                0x0c00648c                TIM8_CC_IRQHandler
                0x0c00648c                EXTI5_IRQHandler
                0x0c00648c                FLASH_S_IRQHandler
                0x0c00648c                EXTI13_IRQHandler
                0x0c00648c                TIM1_CC_IRQHandler
                0x0c00648c                TSC_IRQHandler
                0x0c00648c                TAMP_IRQHandler
                0x0c00648c                TIM6_IRQHandler
                0x0c00648c                EXTI12_IRQHandler
                0x0c00648c                CORDIC_IRQHandler
                0x0c00648c                EXTI3_IRQHandler
                0x0c00648c                LPTIM4_IRQHandler
                0x0c00648c                GPDMA1_Channel5_IRQHandler
                0x0c00648c                EXTI8_IRQHandler
                0x0c00648c                LPTIM2_IRQHandler
                0x0c00648c                I2C3_ER_IRQHandler
                0x0c00648c                PWR_S3WU_IRQHandler
                0x0c00648c                MDF1_FLT2_IRQHandler
                0x0c00648c                LPDMA1_Channel3_IRQHandler
                0x0c00648c                LPTIM3_IRQHandler
                0x0c00648c                EXTI0_IRQHandler
                0x0c00648c                I2C2_EV_IRQHandler
                0x0c00648c                FPU_IRQHandler
                0x0c00648c                GPDMA1_Channel3_IRQHandler
                0x0c00648c                GPDMA1_Channel7_IRQHandler
                0x0c00648c                MDF1_FLT4_IRQHandler
                0x0c00648c                FDCAN1_IT1_IRQHandler
                0x0c00648c                RAMCFG_IRQHandler
                0x0c00648c                GPDMA1_Channel9_IRQHandler
                0x0c00648c                DCACHE1_IRQHandler
                0x0c00648c                SPI1_IRQHandler
                0x0c00648c                OCTOSPI1_IRQHandler
                0x0c00648c                GPDMA1_Channel2_IRQHandler
                0x0c00648c                TIM8_UP_IRQHandler
                0x0c00648c                RCC_S_IRQHandler
                0x0c00648c                OCTOSPI2_IRQHandler
                0x0c00648c                SAI2_IRQHandler
                0x0c00648c                MDF1_FLT1_IRQHandler
                0x0c00648c                ADC1_IRQHandler
                0x0c00648c                PKA_IRQHandler
                0x0c00648c                MDF1_FLT5_IRQHandler
                0x0c00648c                EXTI15_IRQHandler
                0x0c00648c                TIM17_IRQHandler
                0x0c00648c                USART3_IRQHandler
                0x0c00648c                RTC_IRQHandler
                0x0c00648c                EXTI9_IRQHandler
                0x0c00648c                UART5_IRQHandler
                0x0c00648c                TIM4_IRQHandler
                0x0c00648c                I2C1_EV_IRQHandler
                0x0c00648c                GPDMA1_Channel12_IRQHandler
                0x0c00648c                GPDMA1_Channel1_IRQHandler
                0x0c00648c                TIM16_IRQHandler
                0x0c00648c                GPDMA1_Channel15_IRQHandler
                0x0c00648c                UART4_IRQHandler
                0x0c00648c                TIM3_IRQHandler
                0x0c00648c                RCC_IRQHandler
                0x0c00648c                TIM1_TRG_COM_IRQHandler
                0x0c00648c                Default_Handler
                0x0c00648c                GPDMA1_Channel8_IRQHandler
                0x0c00648c                FMAC_IRQHandler
                0x0c00648c                OTFDEC1_IRQHandler
                0x0c00648c                GPDMA1_Channel11_IRQHandler
                0x0c00648c                TIM7_IRQHandler
                0x0c00648c                SDMMC1_IRQHandler
                0x0c00648c                SAES_IRQHandler
                0x0c00648c                TIM5_IRQHandler
                0x0c00648c                UCPD1_IRQHandler
                0x0c00648c                GPDMA1_Channel0_IRQHandler
                0x0c00648c                TIM15_IRQHandler
                0x0c00648c                I2C3_EV_IRQHandler
                0x0c00648c                LPDMA1_Channel0_IRQHandler
                0x0c00648c                PVD_PVM_IRQHandler
                0x0c00648c                SPI2_IRQHandler
                0x0c00648c                LPDMA1_Channel1_IRQHandler
                0x0c00648c                EXTI14_IRQHandler
                0x0c00648c                EXTI11_IRQHandler
                0x0c00648c                OTFDEC2_IRQHandler
                0x0c00648c                CRS_IRQHandler
                0x0c00648c                GPDMA1_Channel14_IRQHandler
                0x0c00648c                LSECSSD_IRQHandler
                0x0c00648c                EXTI4_IRQHandler
                0x0c00648c                RTC_S_IRQHandler
                0x0c00648c                GPDMA1_Channel13_IRQHandler
                0x0c00648c                RNG_IRQHandler
                0x0c00648c                COMP_IRQHandler
                0x0c00648c                TIM1_UP_IRQHandler
                0x0c00648c                ADC4_IRQHandler
                0x0c00648c                WWDG_IRQHandler
                0x0c00648c                I2C4_EV_IRQHandler
                0x0c00648c                ADF1_IRQHandler
                0x0c00648c                IWDG_IRQHandler
                0x0c00648c                LPUART1_IRQHandler
                0x0c00648c                MDF1_FLT0_IRQHandler
                0x0c00648c                FDCAN1_IT0_IRQHandler
                0x0c00648c                TIM2_IRQHandler
                0x0c00648c                GPDMA1_Channel4_IRQHandler
                0x0c00648c                EXTI7_IRQHandler
                0x0c00648c                DMA2D_IRQHandler
                0x0c00648c                TIM1_BRK_IRQHandler
                0x0c00648c                EXTI1_IRQHandler
                0x0c00648c                SDMMC2_IRQHandler
                0x0c00648c                AES_IRQHandler
                0x0c00648c                DAC1_IRQHandler
                0x0c00648c                GTZC_IRQHandler
                0x0c00648c                MDF1_FLT3_IRQHandler
                0x0c00648c                USART2_IRQHandler
                0x0c00648c                GPDMA1_Channel6_IRQHandler
                0x0c00648c                I2C2_ER_IRQHandler
                0x0c00648c                TIM8_BRK_IRQHandler
                0x0c00648c                FLASH_IRQHandler
                0x0c00648c                USART1_IRQHandler
                0x0c00648c                EXTI10_IRQHandler
                0x0c00648c                OTG_FS_IRQHandler
                0x0c00648c                SPI3_IRQHandler
                0x0c00648c                LPDMA1_Channel2_IRQHandler
                0x0c00648c                I2C1_ER_IRQHandler
                0x0c00648c                FMC_IRQHandler
                0x0c00648c                EXTI6_IRQHandler
                0x0c00648c                LPTIM1_IRQHandler
                0x0c00648c                DCMI_PSSI_IRQHandler
                0x0c00648c                I2C4_ER_IRQHandler
                0x0c00648c                GPDMA1_Channel10_IRQHandler
                0x0c00648c                ICACHE_IRQHandler
                0x0c00648c                SAI1_IRQHandler
                0x0c00648c                HASH_IRQHandler
 *fill*         0x0c00648e        0x2 
 .text.HAL_Init
                0x0c006490       0x60 ./Drivers/STM32U5xx_HAL_Driver/stm32u5xx_hal.o
                0x0c006490                HAL_Init
 .text.HAL_InitTick
                0x0c0064f0       0xec ./Drivers/STM32U5xx_HAL_Driver/stm32u5xx_hal.o
                0x0c0064f0                HAL_InitTick
 .text.HAL_IncTick
                0x0c0065dc       0x28 ./Drivers/STM32U5xx_HAL_Driver/stm32u5xx_hal.o
                0x0c0065dc                HAL_IncTick
 .text.HAL_GetTick
                0x0c006604       0x18 ./Drivers/STM32U5xx_HAL_Driver/stm32u5xx_hal.o
                0x0c006604                HAL_GetTick
 .text.HAL_Delay
                0x0c00661c       0x48 ./Drivers/STM32U5xx_HAL_Driver/stm32u5xx_hal.o
                0x0c00661c                HAL_Delay
 .text.__NVIC_SetPriorityGrouping
                0x0c006664       0x48 ./Drivers/STM32U5xx_HAL_Driver/stm32u5xx_hal_cortex.o
 .text.__NVIC_GetPriorityGrouping
                0x0c0066ac       0x1c ./Drivers/STM32U5xx_HAL_Driver/stm32u5xx_hal_cortex.o
 .text.__NVIC_SetPriority
                0x0c0066c8       0x54 ./Drivers/STM32U5xx_HAL_Driver/stm32u5xx_hal_cortex.o
 .text.NVIC_EncodePriority
                0x0c00671c       0x66 ./Drivers/STM32U5xx_HAL_Driver/stm32u5xx_hal_cortex.o
 .text.HAL_NVIC_SetPriorityGrouping
                0x0c006782       0x16 ./Drivers/STM32U5xx_HAL_Driver/stm32u5xx_hal_cortex.o
                0x0c006782                HAL_NVIC_SetPriorityGrouping
 .text.HAL_NVIC_SetPriority
                0x0c006798       0x34 ./Drivers/STM32U5xx_HAL_Driver/stm32u5xx_hal_cortex.o
                0x0c006798                HAL_NVIC_SetPriority
 .text.HAL_SYSTICK_Config
                0x0c0067cc       0x44 ./Drivers/STM32U5xx_HAL_Driver/stm32u5xx_hal_cortex.o
                0x0c0067cc                HAL_SYSTICK_Config
 .text.HAL_SYSTICK_CLKSourceConfig
                0x0c006810       0xb0 ./Drivers/STM32U5xx_HAL_Driver/stm32u5xx_hal_cortex.o
                0x0c006810                HAL_SYSTICK_CLKSourceConfig
 .text.HAL_SYSTICK_GetCLKSourceConfig
                0x0c0068c0       0x74 ./Drivers/STM32U5xx_HAL_Driver/stm32u5xx_hal_cortex.o
                0x0c0068c0                HAL_SYSTICK_GetCLKSourceConfig
 .text.HAL_DMA_Abort
                0x0c006934       0xf8 ./Drivers/STM32U5xx_HAL_Driver/stm32u5xx_hal_dma.o
                0x0c006934                HAL_DMA_Abort
 .text.HAL_GPIO_Init
                0x0c006a2c      0x3c0 ./Drivers/STM32U5xx_HAL_Driver/stm32u5xx_hal_gpio.o
                0x0c006a2c                HAL_GPIO_Init
 .text.HAL_GTZC_TZSC_ConfigPeriphAttributes
                0x0c006dec      0x2c4 ./Drivers/STM32U5xx_HAL_Driver/stm32u5xx_hal_gtzc.o
                0x0c006dec                HAL_GTZC_TZSC_ConfigPeriphAttributes
 .text.HAL_GTZC_MPCBB_ConfigMem
                0x0c0070b0      0x1b0 ./Drivers/STM32U5xx_HAL_Driver/stm32u5xx_hal_gtzc.o
                0x0c0070b0                HAL_GTZC_MPCBB_ConfigMem
 .text.HAL_I2C_Init
                0x0c007260      0x136 ./Drivers/STM32U5xx_HAL_Driver/stm32u5xx_hal_i2c.o
                0x0c007260                HAL_I2C_Init
 .text.HAL_I2CEx_ConfigAnalogFilter
                0x0c007396       0x96 ./Drivers/STM32U5xx_HAL_Driver/stm32u5xx_hal_i2c_ex.o
                0x0c007396                HAL_I2CEx_ConfigAnalogFilter
 .text.HAL_I2CEx_ConfigDigitalFilter
                0x0c00742c       0x98 ./Drivers/STM32U5xx_HAL_Driver/stm32u5xx_hal_i2c_ex.o
                0x0c00742c                HAL_I2CEx_ConfigDigitalFilter
 .text.HAL_ICACHE_ConfigAssociativityMode
                0x0c0074c4       0x40 ./Drivers/STM32U5xx_HAL_Driver/stm32u5xx_hal_icache.o
                0x0c0074c4                HAL_ICACHE_ConfigAssociativityMode
 .text.HAL_ICACHE_Enable
                0x0c007504       0x20 ./Drivers/STM32U5xx_HAL_Driver/stm32u5xx_hal_icache.o
                0x0c007504                HAL_ICACHE_Enable
 .text.HAL_MDF_Init
                0x0c007524      0x2b0 ./Drivers/STM32U5xx_HAL_Driver/stm32u5xx_hal_mdf.o
                0x0c007524                HAL_MDF_Init
 .text.MDF_GetHandleNumberFromInstance
                0x0c0077d4       0x88 ./Drivers/STM32U5xx_HAL_Driver/stm32u5xx_hal_mdf.o
 .text.LL_DLYB_Enable
                0x0c00785c       0x20 ./Drivers/STM32U5xx_HAL_Driver/stm32u5xx_hal_ospi.o
 .text.HAL_OSPI_Init
                0x0c00787c      0x178 ./Drivers/STM32U5xx_HAL_Driver/stm32u5xx_hal_ospi.o
                0x0c00787c                HAL_OSPI_Init
 .text.HAL_OSPI_Abort
                0x0c0079f4       0xea ./Drivers/STM32U5xx_HAL_Driver/stm32u5xx_hal_ospi.o
                0x0c0079f4                HAL_OSPI_Abort
 .text.HAL_OSPI_SetTimeout
                0x0c007ade       0x1e ./Drivers/STM32U5xx_HAL_Driver/stm32u5xx_hal_ospi.o
                0x0c007ade                HAL_OSPI_SetTimeout
 .text.HAL_OSPIM_Config
                0x0c007afc      0x9ec ./Drivers/STM32U5xx_HAL_Driver/stm32u5xx_hal_ospi.o
                0x0c007afc                HAL_OSPIM_Config
 .text.OSPI_WaitFlagStateUntilTimeout
                0x0c0084e8       0x7e ./Drivers/STM32U5xx_HAL_Driver/stm32u5xx_hal_ospi.o
 *fill*         0x0c008566        0x2 
 .text.OSPIM_GetConfig
                0x0c008568      0x174 ./Drivers/STM32U5xx_HAL_Driver/stm32u5xx_hal_ospi.o
 .text.HAL_OSPI_DLYB_SetConfig
                0x0c0086dc       0x90 ./Drivers/STM32U5xx_HAL_Driver/stm32u5xx_hal_ospi.o
                0x0c0086dc                HAL_OSPI_DLYB_SetConfig
 .text.HAL_PCD_Init
                0x0c00876c      0x230 ./Drivers/STM32U5xx_HAL_Driver/stm32u5xx_hal_pcd.o
                0x0c00876c                HAL_PCD_Init
 .text.HAL_PCDEx_ActivateLPM
                0x0c00899c       0x48 ./Drivers/STM32U5xx_HAL_Driver/stm32u5xx_hal_pcd_ex.o
                0x0c00899c                HAL_PCDEx_ActivateLPM
 .text.HAL_PWREx_ControlVoltageScaling
                0x0c0089e4       0xfc ./Drivers/STM32U5xx_HAL_Driver/stm32u5xx_hal_pwr_ex.o
                0x0c0089e4                HAL_PWREx_ControlVoltageScaling
 .text.HAL_PWREx_GetVoltageRange
                0x0c008ae0       0x1c ./Drivers/STM32U5xx_HAL_Driver/stm32u5xx_hal_pwr_ex.o
                0x0c008ae0                HAL_PWREx_GetVoltageRange
 .text.HAL_PWREx_ConfigSupply
                0x0c008afc       0xa0 ./Drivers/STM32U5xx_HAL_Driver/stm32u5xx_hal_pwr_ex.o
                0x0c008afc                HAL_PWREx_ConfigSupply
 .text.HAL_PWREx_EnableVddUSB
                0x0c008b9c       0x20 ./Drivers/STM32U5xx_HAL_Driver/stm32u5xx_hal_pwr_ex.o
                0x0c008b9c                HAL_PWREx_EnableVddUSB
 .text.HAL_PWREx_EnableVddIO2
                0x0c008bbc       0x20 ./Drivers/STM32U5xx_HAL_Driver/stm32u5xx_hal_pwr_ex.o
                0x0c008bbc                HAL_PWREx_EnableVddIO2
 .text.HAL_RCC_OscConfig
                0x0c008bdc      0xdb8 ./Drivers/STM32U5xx_HAL_Driver/stm32u5xx_hal_rcc.o
                0x0c008bdc                HAL_RCC_OscConfig
 .text.HAL_RCC_ClockConfig
                0x0c009994      0x3e4 ./Drivers/STM32U5xx_HAL_Driver/stm32u5xx_hal_rcc.o
                0x0c009994                HAL_RCC_ClockConfig
 .text.HAL_RCC_GetSysClockFreq
                0x0c009d78      0x204 ./Drivers/STM32U5xx_HAL_Driver/stm32u5xx_hal_rcc.o
                0x0c009d78                HAL_RCC_GetSysClockFreq
 .text.HAL_RCC_GetHCLKFreq
                0x0c009f7c       0x34 ./Drivers/STM32U5xx_HAL_Driver/stm32u5xx_hal_rcc.o
                0x0c009f7c                HAL_RCC_GetHCLKFreq
 .text.HAL_RCC_GetPCLK1Freq
                0x0c009fb0       0x28 ./Drivers/STM32U5xx_HAL_Driver/stm32u5xx_hal_rcc.o
                0x0c009fb0                HAL_RCC_GetPCLK1Freq
 .text.HAL_RCC_GetPCLK2Freq
                0x0c009fd8       0x28 ./Drivers/STM32U5xx_HAL_Driver/stm32u5xx_hal_rcc.o
                0x0c009fd8                HAL_RCC_GetPCLK2Freq
 .text.HAL_RCC_GetPCLK3Freq
                0x0c00a000       0x28 ./Drivers/STM32U5xx_HAL_Driver/stm32u5xx_hal_rcc.o
                0x0c00a000                HAL_RCC_GetPCLK3Freq
 .text.RCC_SetFlashLatencyFromMSIRange
                0x0c00a028      0x10c ./Drivers/STM32U5xx_HAL_Driver/stm32u5xx_hal_rcc.o
 .text.HAL_RCCEx_PeriphCLKConfig
                0x0c00a134      0xb80 ./Drivers/STM32U5xx_HAL_Driver/stm32u5xx_hal_rcc_ex.o
                0x0c00a134                HAL_RCCEx_PeriphCLKConfig
 .text.HAL_RCCEx_GetPLL1ClockFreq
                0x0c00acb4      0x2b4 ./Drivers/STM32U5xx_HAL_Driver/stm32u5xx_hal_rcc_ex.o
                0x0c00acb4                HAL_RCCEx_GetPLL1ClockFreq
 .text.HAL_RCCEx_GetPLL2ClockFreq
                0x0c00af68      0x2b4 ./Drivers/STM32U5xx_HAL_Driver/stm32u5xx_hal_rcc_ex.o
                0x0c00af68                HAL_RCCEx_GetPLL2ClockFreq
 .text.HAL_RCCEx_GetPLL3ClockFreq
                0x0c00b21c      0x2b4 ./Drivers/STM32U5xx_HAL_Driver/stm32u5xx_hal_rcc_ex.o
                0x0c00b21c                HAL_RCCEx_GetPLL3ClockFreq
 .text.HAL_RCCEx_GetPeriphCLKFreq
                0x0c00b4d0     0x13c4 ./Drivers/STM32U5xx_HAL_Driver/stm32u5xx_hal_rcc_ex.o
                0x0c00b4d0                HAL_RCCEx_GetPeriphCLKFreq
 .text.RCCEx_PLL2_Config
                0x0c00c894      0x130 ./Drivers/STM32U5xx_HAL_Driver/stm32u5xx_hal_rcc_ex.o
 .text.RCCEx_PLL3_Config
                0x0c00c9c4      0x130 ./Drivers/STM32U5xx_HAL_Driver/stm32u5xx_hal_rcc_ex.o
 .text.HAL_SPI_Init
                0x0c00caf4      0x22c ./Drivers/STM32U5xx_HAL_Driver/stm32u5xx_hal_spi.o
                0x0c00caf4                HAL_SPI_Init
 .text.SPI_GetPacketSize
                0x0c00cd20       0x36 ./Drivers/STM32U5xx_HAL_Driver/stm32u5xx_hal_spi.o
 .text.HAL_SPIEx_SetConfigAutonomousMode
                0x0c00cd56       0x82 ./Drivers/STM32U5xx_HAL_Driver/stm32u5xx_hal_spi_ex.o
                0x0c00cd56                HAL_SPIEx_SetConfigAutonomousMode
 .text.HAL_UART_Init
                0x0c00cdd8       0xa0 ./Drivers/STM32U5xx_HAL_Driver/stm32u5xx_hal_uart.o
                0x0c00cdd8                HAL_UART_Init
 .text.UART_SetConfig
                0x0c00ce78      0x340 ./Drivers/STM32U5xx_HAL_Driver/stm32u5xx_hal_uart.o
                0x0c00ce78                UART_SetConfig
 .text.UART_AdvFeatureConfig
                0x0c00d1b8      0x144 ./Drivers/STM32U5xx_HAL_Driver/stm32u5xx_hal_uart.o
                0x0c00d1b8                UART_AdvFeatureConfig
 .text.UART_CheckIdleState
                0x0c00d2fc      0x154 ./Drivers/STM32U5xx_HAL_Driver/stm32u5xx_hal_uart.o
                0x0c00d2fc                UART_CheckIdleState
 .text.UART_WaitOnFlagUntilTimeout
                0x0c00d450       0xda ./Drivers/STM32U5xx_HAL_Driver/stm32u5xx_hal_uart.o
                0x0c00d450                UART_WaitOnFlagUntilTimeout
 .text.UART_EndRxTransfer
                0x0c00d52a       0xcc ./Drivers/STM32U5xx_HAL_Driver/stm32u5xx_hal_uart.o
 .text.HAL_UARTEx_DisableFifoMode
                0x0c00d5f6       0x72 ./Drivers/STM32U5xx_HAL_Driver/stm32u5xx_hal_uart_ex.o
                0x0c00d5f6                HAL_UARTEx_DisableFifoMode
 .text.HAL_UARTEx_SetTxFifoThreshold
                0x0c00d668       0x7c ./Drivers/STM32U5xx_HAL_Driver/stm32u5xx_hal_uart_ex.o
                0x0c00d668                HAL_UARTEx_SetTxFifoThreshold
 .text.HAL_UARTEx_SetRxFifoThreshold
                0x0c00d6e4       0x7c ./Drivers/STM32U5xx_HAL_Driver/stm32u5xx_hal_uart_ex.o
                0x0c00d6e4                HAL_UARTEx_SetRxFifoThreshold
 .text.UARTEx_SetNbDataToProcess
                0x0c00d760       0x9c ./Drivers/STM32U5xx_HAL_Driver/stm32u5xx_hal_uart_ex.o
 .text.LL_DLYB_SetDelay
                0x0c00d7fc       0x3e ./Drivers/STM32U5xx_HAL_Driver/stm32u5xx_ll_dlyb.o
                0x0c00d7fc                LL_DLYB_SetDelay
 .text.LL_GPIO_SetPinMode
                0x0c00d83a       0x7a ./Drivers/STM32U5xx_HAL_Driver/stm32u5xx_ll_gpio.o
 .text.LL_GPIO_SetPinOutputType
                0x0c00d8b4       0x30 ./Drivers/STM32U5xx_HAL_Driver/stm32u5xx_ll_gpio.o
 .text.LL_GPIO_SetPinSpeed
                0x0c00d8e4       0x7a ./Drivers/STM32U5xx_HAL_Driver/stm32u5xx_ll_gpio.o
 .text.LL_GPIO_SetPinPull
                0x0c00d95e       0x7a ./Drivers/STM32U5xx_HAL_Driver/stm32u5xx_ll_gpio.o
 .text.LL_GPIO_SetAFPin_0_7
                0x0c00d9d8       0x7a ./Drivers/STM32U5xx_HAL_Driver/stm32u5xx_ll_gpio.o
 .text.LL_GPIO_SetAFPin_8_15
                0x0c00da52       0x7e ./Drivers/STM32U5xx_HAL_Driver/stm32u5xx_ll_gpio.o
 .text.LL_GPIO_Init
                0x0c00dad0       0xfc ./Drivers/STM32U5xx_HAL_Driver/stm32u5xx_ll_gpio.o
                0x0c00dad0                LL_GPIO_Init
 .text.USB_CoreInit
                0x0c00dbcc       0x5a ./Drivers/STM32U5xx_HAL_Driver/stm32u5xx_ll_usb.o
                0x0c00dbcc                USB_CoreInit
 .text.USB_DisableGlobalInt
                0x0c00dc26       0x22 ./Drivers/STM32U5xx_HAL_Driver/stm32u5xx_ll_usb.o
                0x0c00dc26                USB_DisableGlobalInt
 .text.USB_SetCurrentMode
                0x0c00dc48       0x98 ./Drivers/STM32U5xx_HAL_Driver/stm32u5xx_ll_usb.o
                0x0c00dc48                USB_SetCurrentMode
 .text.USB_DevInit
                0x0c00dce0      0x298 ./Drivers/STM32U5xx_HAL_Driver/stm32u5xx_ll_usb.o
                0x0c00dce0                USB_DevInit
 .text.USB_FlushTxFifo
                0x0c00df78       0x64 ./Drivers/STM32U5xx_HAL_Driver/stm32u5xx_ll_usb.o
                0x0c00df78                USB_FlushTxFifo
 .text.USB_FlushRxFifo
                0x0c00dfdc       0x5c ./Drivers/STM32U5xx_HAL_Driver/stm32u5xx_ll_usb.o
                0x0c00dfdc                USB_FlushRxFifo
 .text.USB_SetDevSpeed
                0x0c00e038       0x32 ./Drivers/STM32U5xx_HAL_Driver/stm32u5xx_ll_usb.o
                0x0c00e038                USB_SetDevSpeed
 .text.USB_DevDisconnect
                0x0c00e06a       0x42 ./Drivers/STM32U5xx_HAL_Driver/stm32u5xx_ll_usb.o
                0x0c00e06a                USB_DevDisconnect
 .text.USB_GetMode
                0x0c00e0ac       0x1c ./Drivers/STM32U5xx_HAL_Driver/stm32u5xx_ll_usb.o
                0x0c00e0ac                USB_GetMode
 .text.USB_CoreReset
                0x0c00e0c8       0x70 ./Drivers/STM32U5xx_HAL_Driver/stm32u5xx_ll_usb.o
 .text.memset   0x0c00e138       0x10 /home/bea/st/stm32cubeide_1.19.0/plugins/com.st.stm32cube.ide.mcu.externaltools.gnu-tools-for-stm32.13.3.rel1.linux64_1.0.0.202410170706/tools/bin/../lib/gcc/arm-none-eabi/13.3.1/../../../../arm-none-eabi/lib/thumb/v8-m.main+fp/hard/libc_nano.a(libc_a-memset.o)
                0x0c00e138                memset
 .text.__libc_init_array
                0x0c00e148       0x48 /home/bea/st/stm32cubeide_1.19.0/plugins/com.st.stm32cube.ide.mcu.externaltools.gnu-tools-for-stm32.13.3.rel1.linux64_1.0.0.202410170706/tools/bin/../lib/gcc/arm-none-eabi/13.3.1/../../../../arm-none-eabi/lib/thumb/v8-m.main+fp/hard/libc_nano.a(libc_a-init.o)
                0x0c00e148                __libc_init_array
 .text.__aeabi_memclr
                0x0c00e190        0x6 /home/bea/st/stm32cubeide_1.19.0/plugins/com.st.stm32cube.ide.mcu.externaltools.gnu-tools-for-stm32.13.3.rel1.linux64_1.0.0.202410170706/tools/bin/../lib/gcc/arm-none-eabi/13.3.1/../../../../arm-none-eabi/lib/thumb/v8-m.main+fp/hard/libc_nano.a(libc_a-aeabi_memclr.o)
                0x0c00e190                __aeabi_memclr8
                0x0c00e190                __aeabi_memclr
                0x0c00e190                __aeabi_memclr4
 *(.glue_7)
 .glue_7        0x0c00e196        0x0 linker stubs
 *(.glue_7t)
 .glue_7t       0x0c00e196        0x0 linker stubs
 *(.eh_frame)
 *fill*         0x0c00e196        0x2 
 .eh_frame      0x0c00e198        0x0 /home/bea/st/stm32cubeide_1.19.0/plugins/com.st.stm32cube.ide.mcu.externaltools.gnu-tools-for-stm32.13.3.rel1.linux64_1.0.0.202410170706/tools/bin/../lib/gcc/arm-none-eabi/13.3.1/thumb/v8-m.main+fp/hard/crtbegin.o
 *(.init)
 .init          0x0c00e198        0x4 /home/bea/st/stm32cubeide_1.19.0/plugins/com.st.stm32cube.ide.mcu.externaltools.gnu-tools-for-stm32.13.3.rel1.linux64_1.0.0.202410170706/tools/bin/../lib/gcc/arm-none-eabi/13.3.1/thumb/v8-m.main+fp/hard/crti.o
                0x0c00e198                _init
 .init          0x0c00e19c        0x8 /home/bea/st/stm32cubeide_1.19.0/plugins/com.st.stm32cube.ide.mcu.externaltools.gnu-tools-for-stm32.13.3.rel1.linux64_1.0.0.202410170706/tools/bin/../lib/gcc/arm-none-eabi/13.3.1/thumb/v8-m.main+fp/hard/crtn.o
 *(.fini)
 .fini          0x0c00e1a4        0x4 /home/bea/st/stm32cubeide_1.19.0/plugins/com.st.stm32cube.ide.mcu.externaltools.gnu-tools-for-stm32.13.3.rel1.linux64_1.0.0.202410170706/tools/bin/../lib/gcc/arm-none-eabi/13.3.1/thumb/v8-m.main+fp/hard/crti.o
                0x0c00e1a4                _fini
 .fini          0x0c00e1a8        0x8 /home/bea/st/stm32cubeide_1.19.0/plugins/com.st.stm32cube.ide.mcu.externaltools.gnu-tools-for-stm32.13.3.rel1.linux64_1.0.0.202410170706/tools/bin/../lib/gcc/arm-none-eabi/13.3.1/thumb/v8-m.main+fp/hard/crtn.o
                0x0c00e1b0                        _etext = .

.vfp11_veneer   0x0c00e1b0        0x0
 .vfp11_veneer  0x0c00e1b0        0x0 linker stubs

.v4_bx          0x0c00e1b0        0x0
 .v4_bx         0x0c00e1b0        0x0 linker stubs

.iplt           0x0c00e1b0        0x0
 .iplt          0x0c00e1b0        0x0 /home/bea/st/stm32cubeide_1.19.0/plugins/com.st.stm32cube.ide.mcu.externaltools.gnu-tools-for-stm32.13.3.rel1.linux64_1.0.0.202410170706/tools/bin/../lib/gcc/arm-none-eabi/13.3.1/thumb/v8-m.main+fp/hard/crtbegin.o

.rodata         0x0c00e1b0      0x3f0
 *(.rodata)
 .rodata        0x0c00e1b0       0x34 /home/bea/st/x-cube-cryptolib-v4-5-0/STM32CubeExpansion_Crypto_V4.5.0/Middlewares/ST/STM32_Cryptographic/lib/libSTM32Cryptographic_CM33.a(cmox_ecc_curve_p384.c.o)
 .rodata        0x0c00e1e4       0x34 /home/bea/st/x-cube-cryptolib-v4-5-0/STM32CubeExpansion_Crypto_V4.5.0/Middlewares/ST/STM32_Cryptographic/lib/libSTM32Cryptographic_CM33.a(cmox_ecc_curve_p384.c.o)
 .rodata        0x0c00e218       0x34 /home/bea/st/x-cube-cryptolib-v4-5-0/STM32CubeExpansion_Crypto_V4.5.0/Middlewares/ST/STM32_Cryptographic/lib/libSTM32Cryptographic_CM33.a(cmox_ecc_curve_p384.c.o)
 .rodata        0x0c00e24c       0x34 /home/bea/st/x-cube-cryptolib-v4-5-0/STM32CubeExpansion_Crypto_V4.5.0/Middlewares/ST/STM32_Cryptographic/lib/libSTM32Cryptographic_CM33.a(cmox_ecc_curve_p384.c.o)
 .rodata        0x0c00e280       0x34 /home/bea/st/x-cube-cryptolib-v4-5-0/STM32CubeExpansion_Crypto_V4.5.0/Middlewares/ST/STM32_Cryptographic/lib/libSTM32Cryptographic_CM33.a(cmox_ecc_curve_p384.c.o)
 .rodata        0x0c00e2b4       0x34 /home/bea/st/x-cube-cryptolib-v4-5-0/STM32CubeExpansion_Crypto_V4.5.0/Middlewares/ST/STM32_Cryptographic/lib/libSTM32Cryptographic_CM33.a(cmox_ecc_curve_p384.c.o)
 .rodata        0x0c00e2e8       0xf4 /home/bea/st/x-cube-cryptolib-v4-5-0/STM32CubeExpansion_Crypto_V4.5.0/Middlewares/ST/STM32_Cryptographic/lib/libSTM32Cryptographic_CM33.a(cmox_ecc_curve_p384.c.o)
 .rodata        0x0c00e3dc       0x20 /home/bea/st/x-cube-cryptolib-v4-5-0/STM32CubeExpansion_Crypto_V4.5.0/Middlewares/ST/STM32_Cryptographic/lib/libSTM32Cryptographic_CM33.a(cmox_ecc_curve_p384.c.o)
 .rodata        0x0c00e3fc       0x2c /home/bea/st/x-cube-cryptolib-v4-5-0/STM32CubeExpansion_Crypto_V4.5.0/Middlewares/ST/STM32_Cryptographic/lib/libSTM32Cryptographic_CM33.a(cmox_ecc_curve_p384.c.o)
 .rodata        0x0c00e428        0x4 /home/bea/st/x-cube-cryptolib-v4-5-0/STM32CubeExpansion_Crypto_V4.5.0/Middlewares/ST/STM32_Cryptographic/lib/libSTM32Cryptographic_CM33.a(cmox_ecc_curve_p384.c.o)
                0x0c00e428                CMOX_ECC_SECP384R1_LOWMEM
 .rodata        0x0c00e42c       0x20 /home/bea/st/x-cube-cryptolib-v4-5-0/STM32CubeExpansion_Crypto_V4.5.0/Middlewares/ST/STM32_Cryptographic/lib/libSTM32Cryptographic_CM33.a(cmox_ecc_point_funcs.c.o)
                0x0c00e42c                Point_Funcs_SW_a3
 .rodata        0x0c00e44c        0x8 /home/bea/st/x-cube-cryptolib-v4-5-0/STM32CubeExpansion_Crypto_V4.5.0/Middlewares/ST/STM32_Cryptographic/lib/libSTM32Cryptographic_CM33.a(cmox_init.c.o)
                0x0c00e44c                cmox_table
 .rodata        0x0c00e454        0xc /home/bea/st/x-cube-cryptolib-v4-5-0/STM32CubeExpansion_Crypto_V4.5.0/Middlewares/ST/STM32_Cryptographic/lib/libSTM32Cryptographic_CM33.a(cmox_modexp.c.o)
                0x0c00e454                cmox_modexp_fn_public_midmem
 .rodata        0x0c00e460        0x4 /home/bea/st/x-cube-cryptolib-v4-5-0/STM32CubeExpansion_Crypto_V4.5.0/Middlewares/ST/STM32_Cryptographic/lib/libSTM32Cryptographic_CM33.a(cmox_scalarmul.c.o)
                0x0c00e460                cmox_scalarmul_fixbase_sc
 .rodata        0x0c00e464        0x4 /home/bea/st/x-cube-cryptolib-v4-5-0/STM32CubeExpansion_Crypto_V4.5.0/Middlewares/ST/STM32_Cryptographic/lib/libSTM32Cryptographic_CM33.a(cmox_scalarmul.c.o)
                0x0c00e464                cmox_scalarmul_dblbase_wmof
 .rodata        0x0c00e468        0x8 /home/bea/st/x-cube-cryptolib-v4-5-0/STM32CubeExpansion_Crypto_V4.5.0/Middlewares/ST/STM32_Cryptographic/lib/libSTM32Cryptographic_CM33.a(cmox_scalarmul.c.o)
                0x0c00e468                cmox_scalarmul_varbase_midmem
 *(.rodata*)
 .rodata.Private_Key
                0x0c00e470       0x30 ./Core/Src/main.o
                0x0c00e470                Private_Key
 .rodata.AHBPrescTable
                0x0c00e4a0       0x10 ./Core/Src/system_stm32u5xx_s.o
                0x0c00e4a0                AHBPrescTable
 .rodata.APBPrescTable
                0x0c00e4b0        0x8 ./Core/Src/system_stm32u5xx_s.o
                0x0c00e4b0                APBPrescTable
 .rodata.MSIRangeTable
                0x0c00e4b8       0x40 ./Core/Src/system_stm32u5xx_s.o
                0x0c00e4b8                MSIRangeTable
 .rodata.LPGPIO_Map
                0x0c00e4f8       0x80 ./Drivers/STM32U5xx_HAL_Driver/stm32u5xx_hal_gpio.o
 .rodata.UARTPrescTable
                0x0c00e578       0x18 ./Drivers/STM32U5xx_HAL_Driver/stm32u5xx_hal_uart.o
                0x0c00e578                UARTPrescTable
 .rodata.numerator.1
                0x0c00e590        0x8 ./Drivers/STM32U5xx_HAL_Driver/stm32u5xx_hal_uart_ex.o
 .rodata.denominator.0
                0x0c00e598        0x8 ./Drivers/STM32U5xx_HAL_Driver/stm32u5xx_hal_uart_ex.o

CMOX_CTA_PROTECTED_DATA
                0x0c00e5a0      0x394
 CMOX_CTA_PROTECTED_DATA
                0x0c00e5a0      0x394 /home/bea/st/x-cube-cryptolib-v4-5-0/STM32CubeExpansion_Crypto_V4.5.0/Middlewares/ST/STM32_Cryptographic/lib/libSTM32Cryptographic_CM33.a(cmox_ecc_curve_p384.c.o)

.ARM.extab
 *(.ARM.extab* .gnu.linkonce.armextab.*)

.ARM            0x0c00e934        0x8
                0x0c00e934                        __exidx_start = .
 *(.ARM.exidx*)
 .ARM.exidx     0x0c00e934        0x8 /home/bea/st/stm32cubeide_1.19.0/plugins/com.st.stm32cube.ide.mcu.externaltools.gnu-tools-for-stm32.13.3.rel1.linux64_1.0.0.202410170706/tools/bin/../lib/gcc/arm-none-eabi/13.3.1/../../../../arm-none-eabi/lib/thumb/v8-m.main+fp/hard/libc_nano.a(libc_a-aeabi_memset-soft.o)
 .ARM.exidx     0x0c00e93c        0x0 /home/bea/st/stm32cubeide_1.19.0/plugins/com.st.stm32cube.ide.mcu.externaltools.gnu-tools-for-stm32.13.3.rel1.linux64_1.0.0.202410170706/tools/bin/../lib/gcc/arm-none-eabi/13.3.1/thumb/v8-m.main+fp/hard/libgcc.a(_udivmoddi4.o)
                                  0x8 (size before relaxing)
                0x0c00e93c                        __exidx_end = .

.preinit_array  0x0c00e93c        0x0
                0x0c00e93c                        PROVIDE (__preinit_array_start = .)
 *(.preinit_array*)
                0x0c00e93c                        PROVIDE (__preinit_array_end = .)

.init_array     0x0c00e93c        0x4
                0x0c00e93c                        PROVIDE (__init_array_start = .)
 *(SORT_BY_NAME(.init_array.*))
 *(.init_array*)
 .init_array    0x0c00e93c        0x4 /home/bea/st/stm32cubeide_1.19.0/plugins/com.st.stm32cube.ide.mcu.externaltools.gnu-tools-for-stm32.13.3.rel1.linux64_1.0.0.202410170706/tools/bin/../lib/gcc/arm-none-eabi/13.3.1/thumb/v8-m.main+fp/hard/crtbegin.o
                0x0c00e940                        PROVIDE (__init_array_end = .)

.fini_array     0x0c00e940        0x4
                [!provide]                        PROVIDE (__fini_array_start = .)
 *(SORT_BY_NAME(.fini_array.*))
 *(.fini_array*)
 .fini_array    0x0c00e940        0x4 /home/bea/st/stm32cubeide_1.19.0/plugins/com.st.stm32cube.ide.mcu.externaltools.gnu-tools-for-stm32.13.3.rel1.linux64_1.0.0.202410170706/tools/bin/../lib/gcc/arm-none-eabi/13.3.1/thumb/v8-m.main+fp/hard/crtbegin.o
                [!provide]                        PROVIDE (__fini_array_end = .)
                0x0c00e944                        _sidata = LOADADDR (.data)

.rel.dyn        0x0c00e944        0x0
 .rel.iplt      0x0c00e944        0x0 /home/bea/st/stm32cubeide_1.19.0/plugins/com.st.stm32cube.ide.mcu.externaltools.gnu-tools-for-stm32.13.3.rel1.linux64_1.0.0.202410170706/tools/bin/../lib/gcc/arm-none-eabi/13.3.1/thumb/v8-m.main+fp/hard/crtbegin.o

.data           0x30000000        0x9 load address 0x0c00e944
                0x30000000                        _sdata = .
 *(.data)
 *(.data*)
 .data.SystemCoreClock
                0x30000000        0x4 ./Core/Src/system_stm32u5xx_s.o
                0x30000000                SystemCoreClock
 .data.uwTickPrio
                0x30000004        0x4 ./Drivers/STM32U5xx_HAL_Driver/stm32u5xx_hal.o
                0x30000004                uwTickPrio
 .data.uwTickFreq
                0x30000008        0x1 ./Drivers/STM32U5xx_HAL_Driver/stm32u5xx_hal.o
                0x30000008                uwTickFreq
 *(.RamFunc)
 *(.RamFunc*)
                0x30000009                        _edata = .

.igot.plt       0x3000000c        0x0 load address 0x0c00e94d
 .igot.plt      0x3000000c        0x0 /home/bea/st/stm32cubeide_1.19.0/plugins/com.st.stm32cube.ide.mcu.externaltools.gnu-tools-for-stm32.13.3.rel1.linux64_1.0.0.202410170706/tools/bin/../lib/gcc/arm-none-eabi/13.3.1/thumb/v8-m.main+fp/hard/crtbegin.o

.gnu.sgstubs    0x0c0fe000       0x20
                0x0c0fe000                        . = ALIGN (0x4)
 *(.gnu.sgstubs*)
                0x0c0fe000                        . = ALIGN (0x4)
 .gnu.sgstubs.__stub
                0x0c0fe000       0x18 linker stubs
                0x0c0fe000                SECURE_SystemCoreClockUpdate
                0x0c0fe008                SECURE_ECC_Sign_NSC
                0x0c0fe010                SECURE_RegisterCallback

.bss            0x3000000c      0x928
                0x3000000c                        _sbss = .
                0x3000000c                        __bss_start__ = _sbss
 *(.bss)
 .bss           0x3000000c       0x1c /home/bea/st/stm32cubeide_1.19.0/plugins/com.st.stm32cube.ide.mcu.externaltools.gnu-tools-for-stm32.13.3.rel1.linux64_1.0.0.202410170706/tools/bin/../lib/gcc/arm-none-eabi/13.3.1/thumb/v8-m.main+fp/hard/crtbegin.o
 .bss           0x30000028        0x1 /home/bea/st/x-cube-cryptolib-v4-5-0/STM32CubeExpansion_Crypto_V4.5.0/Middlewares/ST/STM32_Cryptographic/lib/libSTM32Cryptographic_CM33.a(cmox_init.c.o)
                0x30000028                cmox_init_ctxi
 *(.bss*)
 *fill*         0x30000029        0x3 
 .bss.AdfHandle0
                0x3000002c       0x44 ./Core/Src/main.o
                0x3000002c                AdfHandle0
 .bss.AdfFilterConfig0
                0x30000070       0x7c ./Core/Src/main.o
                0x30000070                AdfFilterConfig0
 .bss.hi2c1     0x300000ec       0x54 ./Core/Src/main.o
                0x300000ec                hi2c1
 .bss.hi2c2     0x30000140       0x54 ./Core/Src/main.o
                0x30000140                hi2c2
 .bss.hospi1    0x30000194       0x5c ./Core/Src/main.o
                0x30000194                hospi1
 .bss.hospi2    0x300001f0       0x5c ./Core/Src/main.o
                0x300001f0                hospi2
 .bss.hspi2     0x3000024c       0x90 ./Core/Src/main.o
                0x3000024c                hspi2
 .bss.huart4    0x300002dc       0x94 ./Core/Src/main.o
                0x300002dc                huart4
 .bss.huart1    0x30000370       0x94 ./Core/Src/main.o
                0x30000370                huart1
 .bss.hpcd_USB_OTG_FS
                0x30000404      0x4e4 ./Core/Src/main.o
                0x30000404                hpcd_USB_OTG_FS
 .bss.Ecc_Ctx   0x300008e8       0x18 ./Core/Src/main.o
                0x300008e8                Ecc_Ctx
 .bss.pSecureFaultCallback
                0x30000900        0x4 ./Core/Src/secure_nsc.o
                0x30000900                pSecureFaultCallback
 .bss.pSecureErrorCallback
                0x30000904        0x4 ./Core/Src/secure_nsc.o
                0x30000904                pSecureErrorCallback
 .bss.HAL_RCC_OSPIM_CLK_ENABLED
                0x30000908        0x4 ./Core/Src/stm32u5xx_hal_msp.o
 .bss.uwTick    0x3000090c        0x4 ./Drivers/STM32U5xx_HAL_Driver/stm32u5xx_hal.o
                0x3000090c                uwTick
 .bss.v_mdf1InstanceCounter
                0x30000910        0x4 ./Drivers/STM32U5xx_HAL_Driver/stm32u5xx_hal_mdf.o
 .bss.v_adf1InstanceCounter
                0x30000914        0x4 ./Drivers/STM32U5xx_HAL_Driver/stm32u5xx_hal_mdf.o
 .bss.a_mdfHandle
                0x30000918       0x1c ./Drivers/STM32U5xx_HAL_Driver/stm32u5xx_hal_mdf.o
 *(COMMON)
                0x30000934                        _ebss = .
                0x30000934                        __bss_end__ = _ebss

._user_heap_stack
                0x30000934      0x604
                0x30000938                        . = ALIGN (0x8)
 *fill*         0x30000934        0x4 
                [!provide]                        PROVIDE (end = .)
                0x30000938                        PROVIDE (_end = .)
                0x30000b38                        . = (. + _Min_Heap_Size)
 *fill*         0x30000938      0x200 
                0x30000f38                        . = (. + _Min_Stack_Size)
 *fill*         0x30000b38      0x400 
                0x30000f38                        . = ALIGN (0x8)

/DISCARD/
 libc.a(*)
 libm.a(*)
 libgcc.a(*)

.ARM.attributes
                0x00000000       0x3a
 *(.ARM.attributes)
 .ARM.attributes
                0x00000000       0x26 /home/bea/st/stm32cubeide_1.19.0/plugins/com.st.stm32cube.ide.mcu.externaltools.gnu-tools-for-stm32.13.3.rel1.linux64_1.0.0.202410170706/tools/bin/../lib/gcc/arm-none-eabi/13.3.1/thumb/v8-m.main+fp/hard/crti.o
 .ARM.attributes
                0x00000026       0x38 /home/bea/st/stm32cubeide_1.19.0/plugins/com.st.stm32cube.ide.mcu.externaltools.gnu-tools-for-stm32.13.3.rel1.linux64_1.0.0.202410170706/tools/bin/../lib/gcc/arm-none-eabi/13.3.1/thumb/v8-m.main+fp/hard/crtbegin.o
 .ARM.attributes
                0x0000005e       0x3a ./Core/Src/cmox_low_level.o
 .ARM.attributes
                0x00000098       0x3a ./Core/Src/main.o
 .ARM.attributes
                0x000000d2       0x3a ./Core/Src/secure_nsc.o
 .ARM.attributes
                0x0000010c       0x3a ./Core/Src/stm32u5xx_hal_msp.o
 .ARM.attributes
                0x00000146       0x3a ./Core/Src/stm32u5xx_it.o
 .ARM.attributes
                0x00000180       0x3a ./Core/Src/system_stm32u5xx_s.o
 .ARM.attributes
                0x000001ba       0x24 ./Core/Startup/startup_stm32u585aiixq.o
 .ARM.attributes
                0x000001de       0x3a ./Drivers/STM32U5xx_HAL_Driver/stm32u5xx_hal.o
 .ARM.attributes
                0x00000218       0x3a ./Drivers/STM32U5xx_HAL_Driver/stm32u5xx_hal_cortex.o
 .ARM.attributes
                0x00000252       0x3a ./Drivers/STM32U5xx_HAL_Driver/stm32u5xx_hal_dma.o
 .ARM.attributes
                0x0000028c       0x3a ./Drivers/STM32U5xx_HAL_Driver/stm32u5xx_hal_gpio.o
 .ARM.attributes
                0x000002c6       0x3a ./Drivers/STM32U5xx_HAL_Driver/stm32u5xx_hal_gtzc.o
 .ARM.attributes
                0x00000300       0x3a ./Drivers/STM32U5xx_HAL_Driver/stm32u5xx_hal_i2c.o
 .ARM.attributes
                0x0000033a       0x3a ./Drivers/STM32U5xx_HAL_Driver/stm32u5xx_hal_i2c_ex.o
 .ARM.attributes
                0x00000374       0x3a ./Drivers/STM32U5xx_HAL_Driver/stm32u5xx_hal_icache.o
 .ARM.attributes
                0x000003ae       0x3a ./Drivers/STM32U5xx_HAL_Driver/stm32u5xx_hal_mdf.o
 .ARM.attributes
                0x000003e8       0x3a ./Drivers/STM32U5xx_HAL_Driver/stm32u5xx_hal_ospi.o
 .ARM.attributes
                0x00000422       0x3a ./Drivers/STM32U5xx_HAL_Driver/stm32u5xx_hal_pcd.o
 .ARM.attributes
                0x0000045c       0x3a ./Drivers/STM32U5xx_HAL_Driver/stm32u5xx_hal_pcd_ex.o
 .ARM.attributes
                0x00000496       0x3a ./Drivers/STM32U5xx_HAL_Driver/stm32u5xx_hal_pwr_ex.o
 .ARM.attributes
                0x000004d0       0x3a ./Drivers/STM32U5xx_HAL_Driver/stm32u5xx_hal_rcc.o
 .ARM.attributes
                0x0000050a       0x3a ./Drivers/STM32U5xx_HAL_Driver/stm32u5xx_hal_rcc_ex.o
 .ARM.attributes
                0x00000544       0x3a ./Drivers/STM32U5xx_HAL_Driver/stm32u5xx_hal_spi.o
 .ARM.attributes
                0x0000057e       0x3a ./Drivers/STM32U5xx_HAL_Driver/stm32u5xx_hal_spi_ex.o
 .ARM.attributes
                0x000005b8       0x3a ./Drivers/STM32U5xx_HAL_Driver/stm32u5xx_hal_uart.o
 .ARM.attributes
                0x000005f2       0x3a ./Drivers/STM32U5xx_HAL_Driver/stm32u5xx_hal_uart_ex.o
 .ARM.attributes
                0x0000062c       0x3a ./Drivers/STM32U5xx_HAL_Driver/stm32u5xx_ll_dlyb.o
 .ARM.attributes
                0x00000666       0x3a ./Drivers/STM32U5xx_HAL_Driver/stm32u5xx_ll_gpio.o
 .ARM.attributes
                0x000006a0       0x3a ./Drivers/STM32U5xx_HAL_Driver/stm32u5xx_ll_usb.o
 .ARM.attributes
                0x000006da       0x4f /home/bea/st/x-cube-cryptolib-v4-5-0/STM32CubeExpansion_Crypto_V4.5.0/Middlewares/ST/STM32_Cryptographic/lib/libSTM32Cryptographic_CM33.a(cmox_ecc_curve_p384.c.o)
 .ARM.attributes
                0x00000729       0x4f /home/bea/st/x-cube-cryptolib-v4-5-0/STM32CubeExpansion_Crypto_V4.5.0/Middlewares/ST/STM32_Cryptographic/lib/libSTM32Cryptographic_CM33.a(cmox_ecc_point_funcs.c.o)
 .ARM.attributes
                0x00000778       0x4f /home/bea/st/x-cube-cryptolib-v4-5-0/STM32CubeExpansion_Crypto_V4.5.0/Middlewares/ST/STM32_Cryptographic/lib/libSTM32Cryptographic_CM33.a(cmox_ecdsa.c.o)
 .ARM.attributes
                0x000007c7       0x4f /home/bea/st/x-cube-cryptolib-v4-5-0/STM32CubeExpansion_Crypto_V4.5.0/Middlewares/ST/STM32_Cryptographic/lib/libSTM32Cryptographic_CM33.a(cmox_init.c.o)
 .ARM.attributes
                0x00000816       0x51 /home/bea/st/x-cube-cryptolib-v4-5-0/STM32CubeExpansion_Crypto_V4.5.0/Middlewares/ST/STM32_Cryptographic/lib/libSTM32Cryptographic_CM33.a(cmox_math.c.o)
 .ARM.attributes
                0x00000867       0x51 /home/bea/st/x-cube-cryptolib-v4-5-0/STM32CubeExpansion_Crypto_V4.5.0/Middlewares/ST/STM32_Cryptographic/lib/libSTM32Cryptographic_CM33.a(cmox_mathutils.c.o)
 .ARM.attributes
                0x000008b8       0x4f /home/bea/st/x-cube-cryptolib-v4-5-0/STM32CubeExpansion_Crypto_V4.5.0/Middlewares/ST/STM32_Cryptographic/lib/libSTM32Cryptographic_CM33.a(cmox_modexp.c.o)
 .ARM.attributes
                0x00000907       0x4d /home/bea/st/x-cube-cryptolib-v4-5-0/STM32CubeExpansion_Crypto_V4.5.0/Middlewares/ST/STM32_Cryptographic/lib/libSTM32Cryptographic_CM33.a(cmox_scalarmul.c.o)
 .ARM.attributes
                0x00000954       0x51 /home/bea/st/x-cube-cryptolib-v4-5-0/STM32CubeExpansion_Crypto_V4.5.0/Middlewares/ST/STM32_Cryptographic/lib/libSTM32Cryptographic_CM33.a(cmox_bn.c.o)
 .ARM.attributes
                0x000009a5       0x4f /home/bea/st/x-cube-cryptolib-v4-5-0/STM32CubeExpansion_Crypto_V4.5.0/Middlewares/ST/STM32_Cryptographic/lib/libSTM32Cryptographic_CM33.a(cmox_ecc.c.o)
 .ARM.attributes
                0x000009f4       0x51 /home/bea/st/x-cube-cryptolib-v4-5-0/STM32CubeExpansion_Crypto_V4.5.0/Middlewares/ST/STM32_Cryptographic/lib/libSTM32Cryptographic_CM33.a(cmox_membuf.c.o)
 .ARM.attributes
                0x00000a45       0x38 /home/bea/st/stm32cubeide_1.19.0/plugins/com.st.stm32cube.ide.mcu.externaltools.gnu-tools-for-stm32.13.3.rel1.linux64_1.0.0.202410170706/tools/bin/../lib/gcc/arm-none-eabi/13.3.1/../../../../arm-none-eabi/lib/thumb/v8-m.main+fp/hard/libc_nano.a(libc_a-memset.o)
 .ARM.attributes
                0x00000a7d       0x38 /home/bea/st/stm32cubeide_1.19.0/plugins/com.st.stm32cube.ide.mcu.externaltools.gnu-tools-for-stm32.13.3.rel1.linux64_1.0.0.202410170706/tools/bin/../lib/gcc/arm-none-eabi/13.3.1/../../../../arm-none-eabi/lib/thumb/v8-m.main+fp/hard/libc_nano.a(libc_a-init.o)
 .ARM.attributes
                0x00000ab5       0x38 /home/bea/st/stm32cubeide_1.19.0/plugins/com.st.stm32cube.ide.mcu.externaltools.gnu-tools-for-stm32.13.3.rel1.linux64_1.0.0.202410170706/tools/bin/../lib/gcc/arm-none-eabi/13.3.1/../../../../arm-none-eabi/lib/thumb/v8-m.main+fp/hard/libc_nano.a(libc_a-aeabi_memclr.o)
 .ARM.attributes
                0x00000aed       0x24 /home/bea/st/stm32cubeide_1.19.0/plugins/com.st.stm32cube.ide.mcu.externaltools.gnu-tools-for-stm32.13.3.rel1.linux64_1.0.0.202410170706/tools/bin/../lib/gcc/arm-none-eabi/13.3.1/../../../../arm-none-eabi/lib/thumb/v8-m.main+fp/hard/libc_nano.a(libc_a-aeabi_memset-soft.o)
 .ARM.attributes
                0x00000b11       0x24 /home/bea/st/stm32cubeide_1.19.0/plugins/com.st.stm32cube.ide.mcu.externaltools.gnu-tools-for-stm32.13.3.rel1.linux64_1.0.0.202410170706/tools/bin/../lib/gcc/arm-none-eabi/13.3.1/thumb/v8-m.main+fp/hard/libgcc.a(cmse_nonsecure_call.o)
 .ARM.attributes
                0x00000b35       0x26 /home/bea/st/stm32cubeide_1.19.0/plugins/com.st.stm32cube.ide.mcu.externaltools.gnu-tools-for-stm32.13.3.rel1.linux64_1.0.0.202410170706/tools/bin/../lib/gcc/arm-none-eabi/13.3.1/thumb/v8-m.main+fp/hard/libgcc.a(_aeabi_uldivmod.o)
 .ARM.attributes
                0x00000b5b       0x38 /home/bea/st/stm32cubeide_1.19.0/plugins/com.st.stm32cube.ide.mcu.externaltools.gnu-tools-for-stm32.13.3.rel1.linux64_1.0.0.202410170706/tools/bin/../lib/gcc/arm-none-eabi/13.3.1/thumb/v8-m.main+fp/hard/libgcc.a(_udivmoddi4.o)
 .ARM.attributes
                0x00000b93       0x26 /home/bea/st/stm32cubeide_1.19.0/plugins/com.st.stm32cube.ide.mcu.externaltools.gnu-tools-for-stm32.13.3.rel1.linux64_1.0.0.202410170706/tools/bin/../lib/gcc/arm-none-eabi/13.3.1/thumb/v8-m.main+fp/hard/libgcc.a(_dvmd_tls.o)
 .ARM.attributes
                0x00000bb9       0x26 /home/bea/st/stm32cubeide_1.19.0/plugins/com.st.stm32cube.ide.mcu.externaltools.gnu-tools-for-stm32.13.3.rel1.linux64_1.0.0.202410170706/tools/bin/../lib/gcc/arm-none-eabi/13.3.1/thumb/v8-m.main+fp/hard/crtn.o
OUTPUT(TrustZone_challengeResponse_Secure.elf elf32-littlearm)
LOAD linker stubs
LOAD /home/bea/st/stm32cubeide_1.19.0/plugins/com.st.stm32cube.ide.mcu.externaltools.gnu-tools-for-stm32.13.3.rel1.linux64_1.0.0.202410170706/tools/bin/../lib/gcc/arm-none-eabi/13.3.1/../../../../arm-none-eabi/lib/thumb/v8-m.main+fp/hard/libc.a
LOAD /home/bea/st/stm32cubeide_1.19.0/plugins/com.st.stm32cube.ide.mcu.externaltools.gnu-tools-for-stm32.13.3.rel1.linux64_1.0.0.202410170706/tools/bin/../lib/gcc/arm-none-eabi/13.3.1/../../../../arm-none-eabi/lib/thumb/v8-m.main+fp/hard/libm.a
LOAD /home/bea/st/stm32cubeide_1.19.0/plugins/com.st.stm32cube.ide.mcu.externaltools.gnu-tools-for-stm32.13.3.rel1.linux64_1.0.0.202410170706/tools/bin/../lib/gcc/arm-none-eabi/13.3.1/thumb/v8-m.main+fp/hard/libgcc.a

.debug_info     0x00000000    0x212ac
 .debug_info    0x00000000      0x455 ./Core/Src/cmox_low_level.o
 .debug_info    0x00000455     0x32fe ./Core/Src/main.o
 .debug_info    0x00003753      0x3f8 ./Core/Src/secure_nsc.o
 .debug_info    0x00003b4b     0x2afd ./Core/Src/stm32u5xx_hal_msp.o
 .debug_info    0x00006648      0x17c ./Core/Src/stm32u5xx_it.o
 .debug_info    0x000067c4      0xb84 ./Core/Src/system_stm32u5xx_s.o
 .debug_info    0x00007348       0x30 ./Core/Startup/startup_stm32u585aiixq.o
 .debug_info    0x00007378     0x1284 ./Drivers/STM32U5xx_HAL_Driver/stm32u5xx_hal.o
 .debug_info    0x000085fc     0x1792 ./Drivers/STM32U5xx_HAL_Driver/stm32u5xx_hal_cortex.o
 .debug_info    0x00009d8e      0xb33 ./Drivers/STM32U5xx_HAL_Driver/stm32u5xx_hal_dma.o
 .debug_info    0x0000a8c1      0x962 ./Drivers/STM32U5xx_HAL_Driver/stm32u5xx_hal_gpio.o
 .debug_info    0x0000b223      0xc70 ./Drivers/STM32U5xx_HAL_Driver/stm32u5xx_hal_gtzc.o
 .debug_info    0x0000be93     0x232e ./Drivers/STM32U5xx_HAL_Driver/stm32u5xx_hal_i2c.o
 .debug_info    0x0000e1c1      0x9ff ./Drivers/STM32U5xx_HAL_Driver/stm32u5xx_hal_i2c_ex.o
 .debug_info    0x0000ebc0      0x4d6 ./Drivers/STM32U5xx_HAL_Driver/stm32u5xx_hal_icache.o
 .debug_info    0x0000f096     0x1ba1 ./Drivers/STM32U5xx_HAL_Driver/stm32u5xx_hal_mdf.o
 .debug_info    0x00010c37     0x1c4b ./Drivers/STM32U5xx_HAL_Driver/stm32u5xx_hal_ospi.o
 .debug_info    0x00012882     0x1586 ./Drivers/STM32U5xx_HAL_Driver/stm32u5xx_hal_pcd.o
 .debug_info    0x00013e08      0x8bd ./Drivers/STM32U5xx_HAL_Driver/stm32u5xx_hal_pcd_ex.o
 .debug_info    0x000146c5      0xe3e ./Drivers/STM32U5xx_HAL_Driver/stm32u5xx_hal_pwr_ex.o
 .debug_info    0x00015503     0x11f0 ./Drivers/STM32U5xx_HAL_Driver/stm32u5xx_hal_rcc.o
 .debug_info    0x000166f3     0x158b ./Drivers/STM32U5xx_HAL_Driver/stm32u5xx_hal_rcc_ex.o
 .debug_info    0x00017c7e     0x15c7 ./Drivers/STM32U5xx_HAL_Driver/stm32u5xx_hal_spi.o
 .debug_info    0x00019245      0xa97 ./Drivers/STM32U5xx_HAL_Driver/stm32u5xx_hal_spi_ex.o
 .debug_info    0x00019cdc     0x405f ./Drivers/STM32U5xx_HAL_Driver/stm32u5xx_hal_uart.o
 .debug_info    0x0001dd3b     0x11ef ./Drivers/STM32U5xx_HAL_Driver/stm32u5xx_hal_uart_ex.o
 .debug_info    0x0001ef2a      0x23c ./Drivers/STM32U5xx_HAL_Driver/stm32u5xx_ll_dlyb.o
 .debug_info    0x0001f166      0xb17 ./Drivers/STM32U5xx_HAL_Driver/stm32u5xx_ll_gpio.o
 .debug_info    0x0001fc7d     0x162f ./Drivers/STM32U5xx_HAL_Driver/stm32u5xx_ll_usb.o

.debug_abbrev   0x00000000     0x3fd6
 .debug_abbrev  0x00000000      0x116 ./Core/Src/cmox_low_level.o
 .debug_abbrev  0x00000116      0x385 ./Core/Src/main.o
 .debug_abbrev  0x0000049b      0x177 ./Core/Src/secure_nsc.o
 .debug_abbrev  0x00000612      0x29e ./Core/Src/stm32u5xx_hal_msp.o
 .debug_abbrev  0x000008b0       0xac ./Core/Src/stm32u5xx_it.o
 .debug_abbrev  0x0000095c      0x186 ./Core/Src/system_stm32u5xx_s.o
 .debug_abbrev  0x00000ae2       0x24 ./Core/Startup/startup_stm32u585aiixq.o
 .debug_abbrev  0x00000b06      0x2b8 ./Drivers/STM32U5xx_HAL_Driver/stm32u5xx_hal.o
 .debug_abbrev  0x00000dbe      0x311 ./Drivers/STM32U5xx_HAL_Driver/stm32u5xx_hal_cortex.o
 .debug_abbrev  0x000010cf      0x1ff ./Drivers/STM32U5xx_HAL_Driver/stm32u5xx_hal_dma.o
 .debug_abbrev  0x000012ce      0x25a ./Drivers/STM32U5xx_HAL_Driver/stm32u5xx_hal_gpio.o
 .debug_abbrev  0x00001528      0x1d3 ./Drivers/STM32U5xx_HAL_Driver/stm32u5xx_hal_gtzc.o
 .debug_abbrev  0x000016fb      0x271 ./Drivers/STM32U5xx_HAL_Driver/stm32u5xx_hal_i2c.o
 .debug_abbrev  0x0000196c      0x1c0 ./Drivers/STM32U5xx_HAL_Driver/stm32u5xx_hal_i2c_ex.o
 .debug_abbrev  0x00001b2c      0x228 ./Drivers/STM32U5xx_HAL_Driver/stm32u5xx_hal_icache.o
 .debug_abbrev  0x00001d54      0x267 ./Drivers/STM32U5xx_HAL_Driver/stm32u5xx_hal_mdf.o
 .debug_abbrev  0x00001fbb      0x314 ./Drivers/STM32U5xx_HAL_Driver/stm32u5xx_hal_ospi.o
 .debug_abbrev  0x000022cf      0x2cd ./Drivers/STM32U5xx_HAL_Driver/stm32u5xx_hal_pcd.o
 .debug_abbrev  0x0000259c      0x25a ./Drivers/STM32U5xx_HAL_Driver/stm32u5xx_hal_pcd_ex.o
 .debug_abbrev  0x000027f6      0x215 ./Drivers/STM32U5xx_HAL_Driver/stm32u5xx_hal_pwr_ex.o
 .debug_abbrev  0x00002a0b      0x2cb ./Drivers/STM32U5xx_HAL_Driver/stm32u5xx_hal_rcc.o
 .debug_abbrev  0x00002cd6      0x23d ./Drivers/STM32U5xx_HAL_Driver/stm32u5xx_hal_rcc_ex.o
 .debug_abbrev  0x00002f13      0x2bc ./Drivers/STM32U5xx_HAL_Driver/stm32u5xx_hal_spi.o
 .debug_abbrev  0x000031cf      0x1c7 ./Drivers/STM32U5xx_HAL_Driver/stm32u5xx_hal_spi_ex.o
 .debug_abbrev  0x00003396      0x305 ./Drivers/STM32U5xx_HAL_Driver/stm32u5xx_hal_uart.o
 .debug_abbrev  0x0000369b      0x2d4 ./Drivers/STM32U5xx_HAL_Driver/stm32u5xx_hal_uart_ex.o
 .debug_abbrev  0x0000396f      0x159 ./Drivers/STM32U5xx_HAL_Driver/stm32u5xx_ll_dlyb.o
 .debug_abbrev  0x00003ac8      0x25d ./Drivers/STM32U5xx_HAL_Driver/stm32u5xx_ll_gpio.o
 .debug_abbrev  0x00003d25      0x2b1 ./Drivers/STM32U5xx_HAL_Driver/stm32u5xx_ll_usb.o

.debug_aranges  0x00000000     0x1aa8
 .debug_aranges
                0x00000000       0x28 ./Core/Src/cmox_low_level.o
 .debug_aranges
                0x00000028       0xb8 ./Core/Src/main.o
 .debug_aranges
                0x000000e0       0x28 ./Core/Src/secure_nsc.o
 .debug_aranges
                0x00000108       0x90 ./Core/Src/stm32u5xx_hal_msp.o
 .debug_aranges
                0x00000198       0x68 ./Core/Src/stm32u5xx_it.o
 .debug_aranges
                0x00000200       0x38 ./Core/Src/system_stm32u5xx_s.o
 .debug_aranges
                0x00000238       0x28 ./Core/Startup/startup_stm32u585aiixq.o
 .debug_aranges
                0x00000260      0x158 ./Drivers/STM32U5xx_HAL_Driver/stm32u5xx_hal.o
 .debug_aranges
                0x000003b8      0x170 ./Drivers/STM32U5xx_HAL_Driver/stm32u5xx_hal_cortex.o
 .debug_aranges
                0x00000528       0xa8 ./Drivers/STM32U5xx_HAL_Driver/stm32u5xx_hal_dma.o
 .debug_aranges
                0x000005d0       0x88 ./Drivers/STM32U5xx_HAL_Driver/stm32u5xx_hal_gpio.o
 .debug_aranges
                0x00000658       0xb8 ./Drivers/STM32U5xx_HAL_Driver/stm32u5xx_hal_gtzc.o
 .debug_aranges
                0x00000710      0x2a0 ./Drivers/STM32U5xx_HAL_Driver/stm32u5xx_hal_i2c.o
 .debug_aranges
                0x000009b0       0x58 ./Drivers/STM32U5xx_HAL_Driver/stm32u5xx_hal_i2c_ex.o
 .debug_aranges
                0x00000a08       0xa8 ./Drivers/STM32U5xx_HAL_Driver/stm32u5xx_hal_icache.o
 .debug_aranges
                0x00000ab0      0x1a8 ./Drivers/STM32U5xx_HAL_Driver/stm32u5xx_hal_mdf.o
 .debug_aranges
                0x00000c58      0x198 ./Drivers/STM32U5xx_HAL_Driver/stm32u5xx_hal_ospi.o
 .debug_aranges
                0x00000df0      0x140 ./Drivers/STM32U5xx_HAL_Driver/stm32u5xx_hal_pcd.o
 .debug_aranges
                0x00000f30       0x60 ./Drivers/STM32U5xx_HAL_Driver/stm32u5xx_hal_pcd_ex.o
 .debug_aranges
                0x00000f90      0x200 ./Drivers/STM32U5xx_HAL_Driver/stm32u5xx_hal_pwr_ex.o
 .debug_aranges
                0x00001190       0xa8 ./Drivers/STM32U5xx_HAL_Driver/stm32u5xx_hal_rcc.o
 .debug_aranges
                0x00001238      0x160 ./Drivers/STM32U5xx_HAL_Driver/stm32u5xx_hal_rcc_ex.o
 .debug_aranges
                0x00001398      0x1a8 ./Drivers/STM32U5xx_HAL_Driver/stm32u5xx_hal_spi.o
 .debug_aranges
                0x00001540       0x48 ./Drivers/STM32U5xx_HAL_Driver/stm32u5xx_hal_spi_ex.o
 .debug_aranges
                0x00001588      0x248 ./Drivers/STM32U5xx_HAL_Driver/stm32u5xx_hal_uart.o
 .debug_aranges
                0x000017d0       0xb8 ./Drivers/STM32U5xx_HAL_Driver/stm32u5xx_hal_uart_ex.o
 .debug_aranges
                0x00001888       0x30 ./Drivers/STM32U5xx_HAL_Driver/stm32u5xx_ll_dlyb.o
 .debug_aranges
                0x000018b8       0x70 ./Drivers/STM32U5xx_HAL_Driver/stm32u5xx_ll_gpio.o
 .debug_aranges
                0x00001928      0x180 ./Drivers/STM32U5xx_HAL_Driver/stm32u5xx_ll_usb.o

.debug_rnglists
                0x00000000     0x14bd
 .debug_rnglists
                0x00000000       0x19 ./Core/Src/cmox_low_level.o
 .debug_rnglists
                0x00000019       0x91 ./Core/Src/main.o
 .debug_rnglists
                0x000000aa       0x1b ./Core/Src/secure_nsc.o
 .debug_rnglists
                0x000000c5       0x6f ./Core/Src/stm32u5xx_hal_msp.o
 .debug_rnglists
                0x00000134       0x49 ./Core/Src/stm32u5xx_it.o
 .debug_rnglists
                0x0000017d       0x28 ./Core/Src/system_stm32u5xx_s.o
 .debug_rnglists
                0x000001a5       0x19 ./Core/Startup/startup_stm32u585aiixq.o
 .debug_rnglists
                0x000001be       0xff ./Drivers/STM32U5xx_HAL_Driver/stm32u5xx_hal.o
 .debug_rnglists
                0x000002bd      0x110 ./Drivers/STM32U5xx_HAL_Driver/stm32u5xx_hal_cortex.o
 .debug_rnglists
                0x000003cd       0x85 ./Drivers/STM32U5xx_HAL_Driver/stm32u5xx_hal_dma.o
 .debug_rnglists
                0x00000452       0x68 ./Drivers/STM32U5xx_HAL_Driver/stm32u5xx_hal_gpio.o
 .debug_rnglists
                0x000004ba       0x96 ./Drivers/STM32U5xx_HAL_Driver/stm32u5xx_hal_gtzc.o
 .debug_rnglists
                0x00000550      0x228 ./Drivers/STM32U5xx_HAL_Driver/stm32u5xx_hal_i2c.o
 .debug_rnglists
                0x00000778       0x43 ./Drivers/STM32U5xx_HAL_Driver/stm32u5xx_hal_i2c_ex.o
 .debug_rnglists
                0x000007bb       0x7a ./Drivers/STM32U5xx_HAL_Driver/stm32u5xx_hal_icache.o
 .debug_rnglists
                0x00000835      0x154 ./Drivers/STM32U5xx_HAL_Driver/stm32u5xx_hal_mdf.o
 .debug_rnglists
                0x00000989      0x142 ./Drivers/STM32U5xx_HAL_Driver/stm32u5xx_hal_ospi.o
 .debug_rnglists
                0x00000acb       0xf4 ./Drivers/STM32U5xx_HAL_Driver/stm32u5xx_hal_pcd.o
 .debug_rnglists
                0x00000bbf       0x45 ./Drivers/STM32U5xx_HAL_Driver/stm32u5xx_hal_pcd_ex.o
 .debug_rnglists
                0x00000c04      0x186 ./Drivers/STM32U5xx_HAL_Driver/stm32u5xx_hal_pwr_ex.o
 .debug_rnglists
                0x00000d8a       0x80 ./Drivers/STM32U5xx_HAL_Driver/stm32u5xx_hal_rcc.o
 .debug_rnglists
                0x00000e0a      0x113 ./Drivers/STM32U5xx_HAL_Driver/stm32u5xx_hal_rcc_ex.o
 .debug_rnglists
                0x00000f1d      0x148 ./Drivers/STM32U5xx_HAL_Driver/stm32u5xx_hal_spi.o
 .debug_rnglists
                0x00001065       0x35 ./Drivers/STM32U5xx_HAL_Driver/stm32u5xx_hal_spi_ex.o
 .debug_rnglists
                0x0000109a      0x1fb ./Drivers/STM32U5xx_HAL_Driver/stm32u5xx_hal_uart.o
 .debug_rnglists
                0x00001295       0x8c ./Drivers/STM32U5xx_HAL_Driver/stm32u5xx_hal_uart_ex.o
 .debug_rnglists
                0x00001321       0x20 ./Drivers/STM32U5xx_HAL_Driver/stm32u5xx_ll_dlyb.o
 .debug_rnglists
                0x00001341       0x51 ./Drivers/STM32U5xx_HAL_Driver/stm32u5xx_ll_gpio.o
 .debug_rnglists
                0x00001392      0x12b ./Drivers/STM32U5xx_HAL_Driver/stm32u5xx_ll_usb.o

.debug_macro    0x00000000    0x3b555
 .debug_macro   0x00000000      0x346 ./Core/Src/cmox_low_level.o
 .debug_macro   0x00000346      0xae4 ./Core/Src/cmox_low_level.o
 .debug_macro   0x00000e2a       0x22 ./Core/Src/cmox_low_level.o
 .debug_macro   0x00000e4c       0x8e ./Core/Src/cmox_low_level.o
 .debug_macro   0x00000eda       0x51 ./Core/Src/cmox_low_level.o
 .debug_macro   0x00000f2b      0x103 ./Core/Src/cmox_low_level.o
 .debug_macro   0x0000102e       0x6a ./Core/Src/cmox_low_level.o
 .debug_macro   0x00001098      0x1df ./Core/Src/cmox_low_level.o
 .debug_macro   0x00001277       0x2a ./Core/Src/cmox_low_level.o
 .debug_macro   0x000012a1       0x61 ./Core/Src/cmox_low_level.o
 .debug_macro   0x00001302       0x43 ./Core/Src/cmox_low_level.o
 .debug_macro   0x00001345       0x34 ./Core/Src/cmox_low_level.o
 .debug_macro   0x00001379       0x16 ./Core/Src/cmox_low_level.o
 .debug_macro   0x0000138f      0x11c ./Core/Src/cmox_low_level.o
 .debug_macro   0x000014ab       0x9b ./Core/Src/cmox_low_level.o
 .debug_macro   0x00001546      0x370 ./Core/Src/cmox_low_level.o
 .debug_macro   0x000018b6       0x16 ./Core/Src/cmox_low_level.o
 .debug_macro   0x000018cc       0x4a ./Core/Src/cmox_low_level.o
 .debug_macro   0x00001916       0x34 ./Core/Src/cmox_low_level.o
 .debug_macro   0x0000194a       0x10 ./Core/Src/cmox_low_level.o
 .debug_macro   0x0000195a       0x58 ./Core/Src/cmox_low_level.o
 .debug_macro   0x000019b2       0x8e ./Core/Src/cmox_low_level.o
 .debug_macro   0x00001a40       0x1c ./Core/Src/cmox_low_level.o
 .debug_macro   0x00001a5c      0x185 ./Core/Src/cmox_low_level.o
 .debug_macro   0x00001be1       0x16 ./Core/Src/cmox_low_level.o
 .debug_macro   0x00001bf7       0x29 ./Core/Src/cmox_low_level.o
 .debug_macro   0x00001c20       0x94 ./Core/Src/cmox_low_level.o
 .debug_macro   0x00001cb4      0x21f ./Core/Src/cmox_low_level.o
 .debug_macro   0x00001ed3       0x63 ./Core/Src/cmox_low_level.o
 .debug_macro   0x00001f36       0x2e ./Core/Src/cmox_low_level.o
 .debug_macro   0x00001f64       0x42 ./Core/Src/cmox_low_level.o
 .debug_macro   0x00001fa6       0x1c ./Core/Src/cmox_low_level.o
 .debug_macro   0x00001fc2       0x29 ./Core/Src/cmox_low_level.o
 .debug_macro   0x00001feb      0x110 ./Core/Src/cmox_low_level.o
 .debug_macro   0x000020fb     0x17f1 ./Core/Src/cmox_low_level.o
 .debug_macro   0x000038ec       0x5e ./Core/Src/cmox_low_level.o
 .debug_macro   0x0000394a    0x23d13 ./Core/Src/cmox_low_level.o
 .debug_macro   0x0002765d       0x6d ./Core/Src/cmox_low_level.o
 .debug_macro   0x000276ca     0x393e ./Core/Src/cmox_low_level.o
 .debug_macro   0x0002b008      0x19b ./Core/Src/cmox_low_level.o
 .debug_macro   0x0002b1a3       0x5d ./Core/Src/cmox_low_level.o
 .debug_macro   0x0002b200     0x1c0b ./Core/Src/cmox_low_level.o
 .debug_macro   0x0002ce0b      0x7ff ./Core/Src/cmox_low_level.o
 .debug_macro   0x0002d60a      0x17b ./Core/Src/cmox_low_level.o
 .debug_macro   0x0002d785      0x2aa ./Core/Src/cmox_low_level.o
 .debug_macro   0x0002da2f       0xc9 ./Core/Src/cmox_low_level.o
 .debug_macro   0x0002daf8      0x420 ./Core/Src/cmox_low_level.o
 .debug_macro   0x0002df18      0x5a5 ./Core/Src/cmox_low_level.o
 .debug_macro   0x0002e4bd      0x439 ./Core/Src/cmox_low_level.o
 .debug_macro   0x0002e8f6       0xdd ./Core/Src/cmox_low_level.o
 .debug_macro   0x0002e9d3      0x1d4 ./Core/Src/cmox_low_level.o
 .debug_macro   0x0002eba7      0x4b7 ./Core/Src/cmox_low_level.o
 .debug_macro   0x0002f05e       0xa8 ./Core/Src/cmox_low_level.o
 .debug_macro   0x0002f106      0x131 ./Core/Src/cmox_low_level.o
 .debug_macro   0x0002f237      0x23a ./Core/Src/cmox_low_level.o
 .debug_macro   0x0002f471      0x123 ./Core/Src/cmox_low_level.o
 .debug_macro   0x0002f594       0xa5 ./Core/Src/cmox_low_level.o
 .debug_macro   0x0002f639      0x525 ./Core/Src/cmox_low_level.o
 .debug_macro   0x0002fb5e      0x4bf ./Core/Src/cmox_low_level.o
 .debug_macro   0x0003001d       0x1c ./Core/Src/cmox_low_level.o
 .debug_macro   0x00030039      0x520 ./Core/Src/cmox_low_level.o
 .debug_macro   0x00030559      0x5cf ./Core/Src/cmox_low_level.o
 .debug_macro   0x00030b28       0xee ./Core/Src/cmox_low_level.o
 .debug_macro   0x00030c16       0xeb ./Core/Src/cmox_low_level.o
 .debug_macro   0x00030d01      0x677 ./Core/Src/cmox_low_level.o
 .debug_macro   0x00031378      0x1a1 ./Core/Src/cmox_low_level.o
 .debug_macro   0x00031519      0x2b6 ./Core/Src/cmox_low_level.o
 .debug_macro   0x000317cf       0x82 ./Core/Src/cmox_low_level.o
 .debug_macro   0x00031851      0x1ce ./Core/Src/cmox_low_level.o
 .debug_macro   0x00031a1f      0x558 ./Core/Src/cmox_low_level.o
 .debug_macro   0x00031f77      0x3ae ./Core/Src/cmox_low_level.o
 .debug_macro   0x00032325      0x5e4 ./Core/Src/main.o
 .debug_macro   0x00032909       0x16 ./Core/Src/main.o
 .debug_macro   0x0003291f      0x190 ./Core/Src/main.o
 .debug_macro   0x00032aaf      0x2b6 ./Core/Src/main.o
 .debug_macro   0x00032d65      0x384 ./Core/Src/main.o
 .debug_macro   0x000330e9      0x165 ./Core/Src/main.o
 .debug_macro   0x0003324e      0xacb ./Core/Src/main.o
 .debug_macro   0x00033d19      0x2b5 ./Core/Src/main.o
 .debug_macro   0x00033fce       0xed ./Core/Src/main.o
 .debug_macro   0x000340bb      0x4e1 ./Core/Src/main.o
 .debug_macro   0x0003459c      0x167 ./Core/Src/main.o
 .debug_macro   0x00034703      0x906 ./Core/Src/main.o
 .debug_macro   0x00035009      0x19a ./Core/Src/main.o
 .debug_macro   0x000351a3      0x237 ./Core/Src/main.o
 .debug_macro   0x000353da       0x28 ./Core/Src/main.o
 .debug_macro   0x00035402       0x10 ./Core/Src/main.o
 .debug_macro   0x00035412       0x10 ./Core/Src/main.o
 .debug_macro   0x00035422       0x10 ./Core/Src/main.o
 .debug_macro   0x00035432       0x1c ./Core/Src/main.o
 .debug_macro   0x0003544e       0x10 ./Core/Src/main.o
 .debug_macro   0x0003545e       0x1c ./Core/Src/main.o
 .debug_macro   0x0003547a       0x10 ./Core/Src/main.o
 .debug_macro   0x0003548a       0x3a ./Core/Src/main.o
 .debug_macro   0x000354c4       0x16 ./Core/Src/main.o
 .debug_macro   0x000354da       0x28 ./Core/Src/main.o
 .debug_macro   0x00035502       0xf6 ./Core/Src/main.o
 .debug_macro   0x000355f8      0x110 ./Core/Src/main.o
 .debug_macro   0x00035708       0x10 ./Core/Src/main.o
 .debug_macro   0x00035718       0x2e ./Core/Src/main.o
 .debug_macro   0x00035746       0x3c ./Core/Src/main.o
 .debug_macro   0x00035782       0x52 ./Core/Src/main.o
 .debug_macro   0x000357d4       0x16 ./Core/Src/main.o
 .debug_macro   0x000357ea       0x4c ./Core/Src/main.o
 .debug_macro   0x00035836      0x2b0 ./Core/Src/main.o
 .debug_macro   0x00035ae6       0x4c ./Core/Src/main.o